Archive member included to satisfy reference by file (symbol)

/Applications/STM32CubeIDE.app/Contents/Eclipse/plugins/com.st.stm32cube.ide.mcu.externaltools.gnu-tools-for-stm32.9-2020-q2-update.macos64_2.0.0.202105311346/tools/bin/../lib/gcc/arm-none-eabi/9.3.1/../../../../arm-none-eabi/lib/thumb/v7e-m+fp/hard/libc_nano.a(lib_a-errno.o)
                              ./Core/Src/syscalls.o (__errno)
/Applications/STM32CubeIDE.app/Contents/Eclipse/plugins/com.st.stm32cube.ide.mcu.externaltools.gnu-tools-for-stm32.9-2020-q2-update.macos64_2.0.0.202105311346/tools/bin/../lib/gcc/arm-none-eabi/9.3.1/../../../../arm-none-eabi/lib/thumb/v7e-m+fp/hard/libc_nano.a(lib_a-exit.o)
                              /Applications/STM32CubeIDE.app/Contents/Eclipse/plugins/com.st.stm32cube.ide.mcu.externaltools.gnu-tools-for-stm32.9-2020-q2-update.macos64_2.0.0.202105311346/tools/bin/../lib/gcc/arm-none-eabi/9.3.1/../../../../arm-none-eabi/lib/thumb/v7e-m+fp/hard/crt0.o (exit)
/Applications/STM32CubeIDE.app/Contents/Eclipse/plugins/com.st.stm32cube.ide.mcu.externaltools.gnu-tools-for-stm32.9-2020-q2-update.macos64_2.0.0.202105311346/tools/bin/../lib/gcc/arm-none-eabi/9.3.1/../../../../arm-none-eabi/lib/thumb/v7e-m+fp/hard/libc_nano.a(lib_a-impure.o)
                              /Applications/STM32CubeIDE.app/Contents/Eclipse/plugins/com.st.stm32cube.ide.mcu.externaltools.gnu-tools-for-stm32.9-2020-q2-update.macos64_2.0.0.202105311346/tools/bin/../lib/gcc/arm-none-eabi/9.3.1/../../../../arm-none-eabi/lib/thumb/v7e-m+fp/hard/libc_nano.a(lib_a-exit.o) (_global_impure_ptr)
/Applications/STM32CubeIDE.app/Contents/Eclipse/plugins/com.st.stm32cube.ide.mcu.externaltools.gnu-tools-for-stm32.9-2020-q2-update.macos64_2.0.0.202105311346/tools/bin/../lib/gcc/arm-none-eabi/9.3.1/../../../../arm-none-eabi/lib/thumb/v7e-m+fp/hard/libc_nano.a(lib_a-init.o)
                              /Applications/STM32CubeIDE.app/Contents/Eclipse/plugins/com.st.stm32cube.ide.mcu.externaltools.gnu-tools-for-stm32.9-2020-q2-update.macos64_2.0.0.202105311346/tools/bin/../lib/gcc/arm-none-eabi/9.3.1/../../../../arm-none-eabi/lib/thumb/v7e-m+fp/hard/crt0.o (__libc_init_array)
/Applications/STM32CubeIDE.app/Contents/Eclipse/plugins/com.st.stm32cube.ide.mcu.externaltools.gnu-tools-for-stm32.9-2020-q2-update.macos64_2.0.0.202105311346/tools/bin/../lib/gcc/arm-none-eabi/9.3.1/../../../../arm-none-eabi/lib/thumb/v7e-m+fp/hard/libc_nano.a(lib_a-memset.o)
                              /Applications/STM32CubeIDE.app/Contents/Eclipse/plugins/com.st.stm32cube.ide.mcu.externaltools.gnu-tools-for-stm32.9-2020-q2-update.macos64_2.0.0.202105311346/tools/bin/../lib/gcc/arm-none-eabi/9.3.1/../../../../arm-none-eabi/lib/thumb/v7e-m+fp/hard/crt0.o (memset)
/Applications/STM32CubeIDE.app/Contents/Eclipse/plugins/com.st.stm32cube.ide.mcu.externaltools.gnu-tools-for-stm32.9-2020-q2-update.macos64_2.0.0.202105311346/tools/bin/../lib/gcc/arm-none-eabi/9.3.1/../../../../arm-none-eabi/lib/thumb/v7e-m+fp/hard/libc_nano.a(lib_a-rand.o)
                              ./Drivers/LED/Src/LED.o (rand)
/Applications/STM32CubeIDE.app/Contents/Eclipse/plugins/com.st.stm32cube.ide.mcu.externaltools.gnu-tools-for-stm32.9-2020-q2-update.macos64_2.0.0.202105311346/tools/bin/../lib/gcc/arm-none-eabi/9.3.1/../../../../arm-none-eabi/lib/thumb/v7e-m+fp/hard/libc_nano.a(lib_a-assert.o)
                              /Applications/STM32CubeIDE.app/Contents/Eclipse/plugins/com.st.stm32cube.ide.mcu.externaltools.gnu-tools-for-stm32.9-2020-q2-update.macos64_2.0.0.202105311346/tools/bin/../lib/gcc/arm-none-eabi/9.3.1/../../../../arm-none-eabi/lib/thumb/v7e-m+fp/hard/libc_nano.a(lib_a-rand.o) (__assert_func)
/Applications/STM32CubeIDE.app/Contents/Eclipse/plugins/com.st.stm32cube.ide.mcu.externaltools.gnu-tools-for-stm32.9-2020-q2-update.macos64_2.0.0.202105311346/tools/bin/../lib/gcc/arm-none-eabi/9.3.1/../../../../arm-none-eabi/lib/thumb/v7e-m+fp/hard/libc_nano.a(lib_a-fprintf.o)
                              /Applications/STM32CubeIDE.app/Contents/Eclipse/plugins/com.st.stm32cube.ide.mcu.externaltools.gnu-tools-for-stm32.9-2020-q2-update.macos64_2.0.0.202105311346/tools/bin/../lib/gcc/arm-none-eabi/9.3.1/../../../../arm-none-eabi/lib/thumb/v7e-m+fp/hard/libc_nano.a(lib_a-assert.o) (fiprintf)
/Applications/STM32CubeIDE.app/Contents/Eclipse/plugins/com.st.stm32cube.ide.mcu.externaltools.gnu-tools-for-stm32.9-2020-q2-update.macos64_2.0.0.202105311346/tools/bin/../lib/gcc/arm-none-eabi/9.3.1/../../../../arm-none-eabi/lib/thumb/v7e-m+fp/hard/libc_nano.a(lib_a-malloc.o)
                              /Applications/STM32CubeIDE.app/Contents/Eclipse/plugins/com.st.stm32cube.ide.mcu.externaltools.gnu-tools-for-stm32.9-2020-q2-update.macos64_2.0.0.202105311346/tools/bin/../lib/gcc/arm-none-eabi/9.3.1/../../../../arm-none-eabi/lib/thumb/v7e-m+fp/hard/libc_nano.a(lib_a-rand.o) (malloc)
[...]
Memory Configuration

Name             Origin             Length             Attributes
RAM              0x0000000020000000 0x0000000000020000 xrw
FLASH            0x0000000008000000 0x0000000000080000 xr
*default*        0x0000000000000000 0xffffffffffffffff

Linker script and memory map

LOAD /Applications/STM32CubeIDE.app/Contents/Eclipse/plugins/com.st.stm32cube.ide.mcu.externaltools.gnu-tools-for-stm32.9-2020-q2-update.macos64_2.0.0.202105311346/tools/bin/../lib/gcc/arm-none-eabi/9.3.1/thumb/v7e-m+fp/hard/crti.o
LOAD /Applications/STM32CubeIDE.app/Contents/Eclipse/plugins/com.st.stm32cube.ide.mcu.externaltools.gnu-tools-for-stm32.9-2020-q2-update.macos64_2.0.0.202105311346/tools/bin/../lib/gcc/arm-none-eabi/9.3.1/thumb/v7e-m+fp/hard/crtbegin.o
LOAD /Applications/STM32CubeIDE.app/Contents/Eclipse/plugins/com.st.stm32cube.ide.mcu.externaltools.gnu-tools-for-stm32.9-2020-q2-update.macos64_2.0.0.202105311346/tools/bin/../lib/gcc/arm-none-eabi/9.3.1/../../../../arm-none-eabi/lib/thumb/v7e-m+fp/hard/crt0.o
LOAD ./Core/Src/app.o
LOAD ./Core/Src/main.o
LOAD ./Core/Src/stm32f4xx_hal_msp.o
LOAD ./Core/Src/stm32f4xx_it.o
LOAD ./Core/Src/syscalls.o
LOAD ./Core/Src/sysmem.o
LOAD ./Core/Src/system_stm32f4xx.o
LOAD ./Core/Startup/startup_stm32f446retx.o
LOAD ./Drivers/GPIO/Src/GPIO.o
LOAD ./Drivers/LED/Src/LED.o
LOAD ./Drivers/Message/Src/message.o
LOAD ./Drivers/Message/Src/xprintf.o
LOAD ./Drivers/PWM/Src/pwm.o
LOAD ./Drivers/STM32F4xx_HAL_Driver/Src/stm32f4xx_hal.o
LOAD ./Drivers/STM32F4xx_HAL_Driver/Src/stm32f4xx_hal_cortex.o
LOAD ./Drivers/STM32F4xx_HAL_Driver/Src/stm32f4xx_hal_dma.o
LOAD ./Drivers/STM32F4xx_HAL_Driver/Src/stm32f4xx_hal_dma_ex.o
LOAD ./Drivers/STM32F4xx_HAL_Driver/Src/stm32f4xx_hal_exti.o
LOAD ./Drivers/STM32F4xx_HAL_Driver/Src/stm32f4xx_hal_flash.o
LOAD ./Drivers/STM32F4xx_HAL_Driver/Src/stm32f4xx_hal_flash_ex.o
LOAD ./Drivers/STM32F4xx_HAL_Driver/Src/stm32f4xx_hal_flash_ramfunc.o
LOAD ./Drivers/STM32F4xx_HAL_Driver/Src/stm32f4xx_hal_gpio.o
LOAD ./Drivers/STM32F4xx_HAL_Driver/Src/stm32f4xx_hal_i2c.o
LOAD ./Drivers/STM32F4xx_HAL_Driver/Src/stm32f4xx_hal_i2c_ex.o
LOAD ./Drivers/STM32F4xx_HAL_Driver/Src/stm32f4xx_hal_pwr.o
LOAD ./Drivers/STM32F4xx_HAL_Driver/Src/stm32f4xx_hal_pwr_ex.o
LOAD ./Drivers/STM32F4xx_HAL_Driver/Src/stm32f4xx_hal_rcc.o
LOAD ./Drivers/STM32F4xx_HAL_Driver/Src/stm32f4xx_hal_rcc_ex.o
LOAD ./Drivers/STM32F4xx_HAL_Driver/Src/stm32f4xx_hal_tim.o
LOAD ./Drivers/STM32F4xx_HAL_Driver/Src/stm32f4xx_hal_tim_ex.o
LOAD ./Drivers/STM32F4xx_HAL_Driver/Src/stm32f4xx_hal_uart.o
START GROUP
LOAD /Applications/STM32CubeIDE.app/Contents/Eclipse/plugins/com.st.stm32cube.ide.mcu.externaltools.gnu-tools-for-stm32.9-2020-q2-update.macos64_2.0.0.202105311346/tools/bin/../lib/gcc/arm-none-eabi/9.3.1/../../../../arm-none-eabi/lib/thumb/v7e-m+fp/hard/libc_nano.a
LOAD /Applications/STM32CubeIDE.app/Contents/Eclipse/plugins/com.st.stm32cube.ide.mcu.externaltools.gnu-tools-for-stm32.9-2020-q2-update.macos64_2.0.0.202105311346/tools/bin/../lib/gcc/arm-none-eabi/9.3.1/../../../../arm-none-eabi/lib/thumb/v7e-m+fp/hard/libm.a
END GROUP
START GROUP
LOAD /Applications/STM32CubeIDE.app/Contents/Eclipse/plugins/com.st.stm32cube.ide.mcu.externaltools.gnu-tools-for-stm32.9-2020-q2-update.macos64_2.0.0.202105311346/tools/bin/../lib/gcc/arm-none-eabi/9.3.1/thumb/v7e-m+fp/hard/libgcc.a
LOAD /Applications/STM32CubeIDE.app/Contents/Eclipse/plugins/com.st.stm32cube.ide.mcu.externaltools.gnu-tools-for-stm32.9-2020-q2-update.macos64_2.0.0.202105311346/tools/bin/../lib/gcc/arm-none-eabi/9.3.1/../../../../arm-none-eabi/lib/thumb/v7e-m+fp/hard/libc_nano.a
END GROUP
START GROUP
LOAD /Applications/STM32CubeIDE.app/Contents/Eclipse/plugins/com.st.stm32cube.ide.mcu.externaltools.gnu-tools-for-stm32.9-2020-q2-update.macos64_2.0.0.202105311346/tools/bin/../lib/gcc/arm-none-eabi/9.3.1/thumb/v7e-m+fp/hard/libgcc.a
LOAD /Applications/STM32CubeIDE.app/Contents/Eclipse/plugins/com.st.stm32cube.ide.mcu.externaltools.gnu-tools-for-stm32.9-2020-q2-update.macos64_2.0.0.202105311346/tools/bin/../lib/gcc/arm-none-eabi/9.3.1/../../../../arm-none-eabi/lib/thumb/v7e-m+fp/hard/libc_nano.a
LOAD /Applications/STM32CubeIDE.app/Contents/Eclipse/plugins/com.st.stm32cube.ide.mcu.externaltools.gnu-tools-for-stm32.9-2020-q2-update.macos64_2.0.0.202105311346/tools/bin/../lib/gcc/arm-none-eabi/9.3.1/../../../../arm-none-eabi/lib/thumb/v7e-m+fp/hard/libnosys.a
END GROUP
START GROUP
LOAD /Applications/STM32CubeIDE.app/Contents/Eclipse/plugins/com.st.stm32cube.ide.mcu.externaltools.gnu-tools-for-stm32.9-2020-q2-update.macos64_2.0.0.202105311346/tools/bin/../lib/gcc/arm-none-eabi/9.3.1/thumb/v7e-m+fp/hard/libgcc.a
LOAD /Applications/STM32CubeIDE.app/Contents/Eclipse/plugins/com.st.stm32cube.ide.mcu.externaltools.gnu-tools-for-stm32.9-2020-q2-update.macos64_2.0.0.202105311346/tools/bin/../lib/gcc/arm-none-eabi/9.3.1/../../../../arm-none-eabi/lib/thumb/v7e-m+fp/hard/libc_nano.a
LOAD /Applications/STM32CubeIDE.app/Contents/Eclipse/plugins/com.st.stm32cube.ide.mcu.externaltools.gnu-tools-for-stm32.9-2020-q2-update.macos64_2.0.0.202105311346/tools/bin/../lib/gcc/arm-none-eabi/9.3.1/../../../../arm-none-eabi/lib/thumb/v7e-m+fp/hard/libnosys.a
END GROUP
LOAD /Applications/STM32CubeIDE.app/Contents/Eclipse/plugins/com.st.stm32cube.ide.mcu.externaltools.gnu-tools-for-stm32.9-2020-q2-update.macos64_2.0.0.202105311346/tools/bin/../lib/gcc/arm-none-eabi/9.3.1/thumb/v7e-m+fp/hard/crtend.o
LOAD /Applications/STM32CubeIDE.app/Contents/Eclipse/plugins/com.st.stm32cube.ide.mcu.externaltools.gnu-tools-for-stm32.9-2020-q2-update.macos64_2.0.0.202105311346/tools/bin/../lib/gcc/arm-none-eabi/9.3.1/thumb/v7e-m+fp/hard/crtn.o
                0x0000000020020000                _estack = (ORIGIN (RAM) + LENGTH (RAM))
                0x0000000000000200                _Min_Heap_Size = 0x200
                0x0000000000000400                _Min_Stack_Size = 0x400

.isr_vector     0x0000000008000000      0x1c4
                0x0000000008000000                . = ALIGN (0x4)
 *(.isr_vector)
 .isr_vector    0x0000000008000000      0x1c4 ./Core/Startup/startup_stm32f446retx.o
                0x0000000008000000                g_pfnVectors
                0x00000000080001c4                . = ALIGN (0x4)

.text           0x00000000080001d0     0xb330
                0x00000000080001d0                . = ALIGN (0x4)
 *(.text)
 .text          0x00000000080001d0       0x40 /Applications/STM32CubeIDE.app/Contents/Eclipse/plugins/com.st.stm32cube.ide.mcu.externaltools.gnu-tools-for-stm32.9-2020-q2-update.macos64_2.0.0.202105311346/tools/bin/../lib/gcc/arm-none-eabi/9.3.1/thumb/v7e-m+fp/hard/crtbegin.o
 .text          0x0000000008000210       0xa0 /Applications/STM32CubeIDE.app/Contents/Eclipse/plugins/com.st.stm32cube.ide.mcu.externaltools.gnu-tools-for-stm32.9-2020-q2-update.macos64_2.0.0.202105311346/tools/bin/../lib/gcc/arm-none-eabi/9.3.1/../../../../arm-none-eabi/lib/thumb/v7e-m+fp/hard/libc_nano.a(lib_a-memchr.o)
                0x0000000008000210                memchr
 .text          0x00000000080002b0      0x378 /Applications/STM32CubeIDE.app/Contents/Eclipse/plugins/com.st.stm32cube.ide.mcu.externaltools.gnu-tools-for-stm32.9-2020-q2-update.macos64_2.0.0.202105311346/tools/bin/../lib/gcc/arm-none-eabi/9.3.1/thumb/v7e-m+fp/hard/libgcc.a(_arm_addsubdf3.o)
                0x00000000080002b0                __aeabi_drsub
                0x00000000080002b8                __subdf3
                0x00000000080002b8                __aeabi_dsub
                0x00000000080002bc                __aeabi_dadd
                0x00000000080002bc                __adddf3
                0x0000000008000534                __aeabi_ui2d
                0x0000000008000534                __floatunsidf
                0x0000000008000554                __floatsidf
                0x0000000008000554                __aeabi_i2d
                0x0000000008000578                __extendsfdf2
                0x0000000008000578                __aeabi_f2d
                0x00000000080005bc                __aeabi_ul2d
                0x00000000080005bc                __floatundidf
                0x00000000080005cc                __aeabi_l2d
                0x00000000080005cc                __floatdidf
 .text          0x0000000008000628      0x424 /Applications/STM32CubeIDE.app/Contents/Eclipse/plugins/com.st.stm32cube.ide.mcu.externaltools.gnu-tools-for-stm32.9-2020-q2-update.macos64_2.0.0.202105311346/tools/bin/../lib/gcc/arm-none-eabi/9.3.1/thumb/v7e-m+fp/hard/libgcc.a(_arm_muldivdf3.o)
                0x0000000008000628                __aeabi_dmul
                0x0000000008000628                __muldf3
                0x000000000800087c                __aeabi_ddiv
                0x000000000800087c                __divdf3
 .text          0x0000000008000a4c       0x50 /Applications/STM32CubeIDE.app/Contents/Eclipse/plugins/com.st.stm32cube.ide.mcu.externaltools.gnu-tools-for-stm32.9-2020-q2-update.macos64_2.0.0.202105311346/tools/bin/../lib/gcc/arm-none-eabi/9.3.1/thumb/v7e-m+fp/hard/libgcc.a(_arm_fixdfsi.o)
                0x0000000008000a4c                __fixdfsi
                0x0000000008000a4c                __aeabi_d2iz
 .text          0x0000000008000a9c       0x40 /Applications/STM32CubeIDE.app/Contents/Eclipse/plugins/com.st.stm32cube.ide.mcu.externaltools.gnu-tools-for-stm32.9-2020-q2-update.macos64_2.0.0.202105311346/tools/bin/../lib/gcc/arm-none-eabi/9.3.1/thumb/v7e-m+fp/hard/libgcc.a(_arm_fixunsdfsi.o)
                0x0000000008000a9c                __fixunsdfsi
                0x0000000008000a9c                __aeabi_d2uiz
 .text          0x0000000008000adc       0x30 /Applications/STM32CubeIDE.app/Contents/Eclipse/plugins/com.st.stm32cube.ide.mcu.externaltools.gnu-tools-for-stm32.9-2020-q2-update.macos64_2.0.0.202105311346/tools/bin/../lib/gcc/arm-none-eabi/9.3.1/thumb/v7e-m+fp/hard/libgcc.a(_aeabi_uldivmod.o)
                0x0000000008000adc                __aeabi_uldivmod
 .text          0x0000000008000b0c      0x2c4 /Applications/STM32CubeIDE.app/Contents/Eclipse/plugins/com.st.stm32cube.ide.mcu.externaltools.gnu-tools-for-stm32.9-2020-q2-update.macos64_2.0.0.202105311346/tools/bin/../lib/gcc/arm-none-eabi/9.3.1/thumb/v7e-m+fp/hard/libgcc.a(_udivmoddi4.o)
                0x0000000008000b0c                __udivmoddi4
 .text          0x0000000008000dd0        0x4 /Applications/STM32CubeIDE.app/Contents/Eclipse/plugins/com.st.stm32cube.ide.mcu.externaltools.gnu-tools-for-stm32.9-2020-q2-update.macos64_2.0.0.202105311346/tools/bin/../lib/gcc/arm-none-eabi/9.3.1/thumb/v7e-m+fp/hard/libgcc.a(_dvmd_tls.o)
                0x0000000008000dd0                __aeabi_ldiv0
                0x0000000008000dd0                __aeabi_idiv0
 *(.text*)
 .text.appInit  0x0000000008000dd4        0xe ./Core/Src/app.o
                0x0000000008000dd4                appInit
 *fill*         0x0000000008000de2        0x2 
 .text.appTask  0x0000000008000de4      0xf80 ./Core/Src/app.o
                0x0000000008000de4                appTask
 *fill*         0x0000000008001d64        0x4 
 .text.BumpLED_Set
                0x0000000008001d68       0xd8 ./Core/Src/app.o
 .text.Encoder_Diff
                0x0000000008001e40       0x2a ./Core/Src/app.o
 .text.Encoder_RangeAdjust
                0x0000000008001e6a       0x2e ./Core/Src/app.o
 .text.Ball_Detect
                0x0000000008001e98       0xa0 ./Core/Src/app.o
 .text.Croon_Rotate
                0x0000000008001f38       0x84 ./Core/Src/app.o
 .text.Encoder_Process
                0x0000000008001fbc      0x12c ./Core/Src/app.o
 .text.LED_Pocket_Blightness
                0x00000000080020e8      0x100 ./Core/Src/app.o
 .text.LED_Pocket_Get
                0x00000000080021e8      0x2dc ./Core/Src/app.o
 .text.main     0x00000000080024c4       0x4c ./Core/Src/main.o
                0x00000000080024c4                main
 .text.SystemClock_Config
                0x0000000008002510       0xd8 ./Core/Src/main.o
                0x0000000008002510                SystemClock_Config
 .text.MX_I2C1_Init
                0x00000000080025e8       0x5c ./Core/Src/main.o
 .text.MX_TIM1_Init
                0x0000000008002644      0x140 ./Core/Src/main.o
 .text.MX_TIM2_Init
                0x0000000008002784      0x12c ./Core/Src/main.o
 .text.MX_TIM3_Init
                0x00000000080028b0      0x130 ./Core/Src/main.o
 .text.MX_USART1_UART_Init
                0x00000000080029e0       0x54 ./Core/Src/main.o
 .text.MX_USART2_UART_Init
                0x0000000008002a34       0x54 ./Core/Src/main.o
 .text.MX_DMA_Init
                0x0000000008002a88       0xbc ./Core/Src/main.o
 .text.MX_GPIO_Init
                0x0000000008002b44      0x1b4 ./Core/Src/main.o
 .text.HAL_UART_TxCpltCallback
                0x0000000008002cf8       0x24 ./Core/Src/main.o
                0x0000000008002cf8                HAL_UART_TxCpltCallback
 .text.HAL_TIM_PWM_PulseFinishedCallback
                0x0000000008002d1c       0x14 ./Core/Src/main.o
                0x0000000008002d1c                HAL_TIM_PWM_PulseFinishedCallback
 .text.Error_Handler
                0x0000000008002d30        0xa ./Core/Src/main.o
                0x0000000008002d30                Error_Handler
 *fill*         0x0000000008002d3a        0x2 
 .text.HAL_MspInit
                0x0000000008002d3c       0x50 ./Core/Src/stm32f4xx_hal_msp.o
                0x0000000008002d3c                HAL_MspInit
 .text.HAL_I2C_MspInit
                0x0000000008002d8c      0x17c ./Core/Src/stm32f4xx_hal_msp.o
                0x0000000008002d8c                HAL_I2C_MspInit
 .text.HAL_TIM_Base_MspInit
                0x0000000008002f08       0xfc ./Core/Src/stm32f4xx_hal_msp.o
                0x0000000008002f08                HAL_TIM_Base_MspInit
 .text.HAL_TIM_MspPostInit
                0x0000000008003004      0x1c8 ./Core/Src/stm32f4xx_hal_msp.o
                0x0000000008003004                HAL_TIM_MspPostInit
 .text.HAL_UART_MspInit
                0x00000000080031cc      0x2ac ./Core/Src/stm32f4xx_hal_msp.o
                0x00000000080031cc                HAL_UART_MspInit
 .text.NMI_Handler
                0x0000000008003478        0x6 ./Core/Src/stm32f4xx_it.o
                0x0000000008003478                NMI_Handler
 .text.HardFault_Handler
                0x000000000800347e        0x6 ./Core/Src/stm32f4xx_it.o
                0x000000000800347e                HardFault_Handler
 .text.MemManage_Handler
                0x0000000008003484        0x6 ./Core/Src/stm32f4xx_it.o
                0x0000000008003484                MemManage_Handler
 .text.BusFault_Handler
                0x000000000800348a        0x6 ./Core/Src/stm32f4xx_it.o
                0x000000000800348a                BusFault_Handler
 .text.UsageFault_Handler
                0x0000000008003490        0x6 ./Core/Src/stm32f4xx_it.o
                0x0000000008003490                UsageFault_Handler
 .text.SVC_Handler
                0x0000000008003496        0xe ./Core/Src/stm32f4xx_it.o
                0x0000000008003496                SVC_Handler
 .text.DebugMon_Handler
                0x00000000080034a4        0xe ./Core/Src/stm32f4xx_it.o
                0x00000000080034a4                DebugMon_Handler
 .text.PendSV_Handler
                0x00000000080034b2        0xe ./Core/Src/stm32f4xx_it.o
                0x00000000080034b2                PendSV_Handler
 .text.SysTick_Handler
                0x00000000080034c0       0x1c ./Core/Src/stm32f4xx_it.o
                0x00000000080034c0                SysTick_Handler
 .text.DMA1_Stream0_IRQHandler
                0x00000000080034dc       0x14 ./Core/Src/stm32f4xx_it.o
                0x00000000080034dc                DMA1_Stream0_IRQHandler
 .text.DMA1_Stream5_IRQHandler
                0x00000000080034f0       0x14 ./Core/Src/stm32f4xx_it.o
                0x00000000080034f0                DMA1_Stream5_IRQHandler
 .text.DMA1_Stream6_IRQHandler
                0x0000000008003504       0x14 ./Core/Src/stm32f4xx_it.o
                0x0000000008003504                DMA1_Stream6_IRQHandler
 .text.I2C1_EV_IRQHandler
                0x0000000008003518       0x14 ./Core/Src/stm32f4xx_it.o
                0x0000000008003518                I2C1_EV_IRQHandler
 .text.I2C1_ER_IRQHandler
                0x000000000800352c       0x14 ./Core/Src/stm32f4xx_it.o
                0x000000000800352c                I2C1_ER_IRQHandler
 .text.USART1_IRQHandler
                0x0000000008003540       0x14 ./Core/Src/stm32f4xx_it.o
                0x0000000008003540                USART1_IRQHandler
 .text.USART2_IRQHandler
                0x0000000008003554       0x14 ./Core/Src/stm32f4xx_it.o
                0x0000000008003554                USART2_IRQHandler
 .text.DMA1_Stream7_IRQHandler
                0x0000000008003568       0x14 ./Core/Src/stm32f4xx_it.o
                0x0000000008003568                DMA1_Stream7_IRQHandler
 .text.DMA2_Stream1_IRQHandler
                0x000000000800357c       0x14 ./Core/Src/stm32f4xx_it.o
                0x000000000800357c                DMA2_Stream1_IRQHandler
 .text.DMA2_Stream2_IRQHandler
                0x0000000008003590       0x14 ./Core/Src/stm32f4xx_it.o
                0x0000000008003590                DMA2_Stream2_IRQHandler
 .text.DMA2_Stream7_IRQHandler
                0x00000000080035a4       0x14 ./Core/Src/stm32f4xx_it.o
                0x00000000080035a4                DMA2_Stream7_IRQHandler
 .text._getpid  0x00000000080035b8       0x10 ./Core/Src/syscalls.o
                0x00000000080035b8                _getpid
 .text._kill    0x00000000080035c8       0x20 ./Core/Src/syscalls.o
                0x00000000080035c8                _kill
 .text._exit    0x00000000080035e8       0x14 ./Core/Src/syscalls.o
                0x00000000080035e8                _exit
 .text._read    0x00000000080035fc       0x3a ./Core/Src/syscalls.o
                0x00000000080035fc                _read
 .text._write   0x0000000008003636       0x38 ./Core/Src/syscalls.o
                0x0000000008003636                _write
 .text._close   0x000000000800366e       0x18 ./Core/Src/syscalls.o
                0x000000000800366e                _close
 .text._fstat   0x0000000008003686       0x20 ./Core/Src/syscalls.o
                0x0000000008003686                _fstat
 .text._isatty  0x00000000080036a6       0x16 ./Core/Src/syscalls.o
                0x00000000080036a6                _isatty
 .text._lseek   0x00000000080036bc       0x1a ./Core/Src/syscalls.o
                0x00000000080036bc                _lseek
 *fill*         0x00000000080036d6        0x2 
 .text._sbrk    0x00000000080036d8       0x6c ./Core/Src/sysmem.o
                0x00000000080036d8                _sbrk
 .text.SystemInit
                0x0000000008003744       0x24 ./Core/Src/system_stm32f4xx.o
                0x0000000008003744                SystemInit
 .text.Reset_Handler
                0x0000000008003768       0x50 ./Core/Startup/startup_stm32f446retx.o
                0x0000000008003768                Reset_Handler
 .text.Default_Handler
                0x00000000080037b8        0x2 ./Core/Startup/startup_stm32f446retx.o
                0x00000000080037b8                DMA1_Stream3_IRQHandler
                0x00000000080037b8                EXTI2_IRQHandler
                0x00000000080037b8                TIM8_CC_IRQHandler
                0x00000000080037b8                FMPI2C1_EV_IRQHandler
                0x00000000080037b8                SPI4_IRQHandler
                0x00000000080037b8                TIM1_CC_IRQHandler
                0x00000000080037b8                DMA2_Stream5_IRQHandler
                0x00000000080037b8                PVD_IRQHandler
                0x00000000080037b8                SDIO_IRQHandler
                0x00000000080037b8                TAMP_STAMP_IRQHandler
                0x00000000080037b8                CAN2_RX1_IRQHandler
                0x00000000080037b8                EXTI3_IRQHandler
                0x00000000080037b8                TIM8_TRG_COM_TIM14_IRQHandler
                0x00000000080037b8                TIM1_UP_TIM10_IRQHandler
                0x00000000080037b8                TIM8_UP_TIM13_IRQHandler
                0x00000000080037b8                I2C3_ER_IRQHandler
                0x00000000080037b8                EXTI0_IRQHandler
                0x00000000080037b8                I2C2_EV_IRQHandler
                0x00000000080037b8                DMA1_Stream2_IRQHandler
                0x00000000080037b8                CAN1_RX0_IRQHandler
                0x00000000080037b8                FPU_IRQHandler
                0x00000000080037b8                OTG_HS_WKUP_IRQHandler
                0x00000000080037b8                CAN2_SCE_IRQHandler
                0x00000000080037b8                SPI1_IRQHandler
                0x00000000080037b8                TIM6_DAC_IRQHandler
                0x00000000080037b8                TIM1_BRK_TIM9_IRQHandler
                0x00000000080037b8                DCMI_IRQHandler
                0x00000000080037b8                CAN2_RX0_IRQHandler
                0x00000000080037b8                DMA2_Stream3_IRQHandler
                0x00000000080037b8                SAI2_IRQHandler
                0x00000000080037b8                USART6_IRQHandler
                0x00000000080037b8                USART3_IRQHandler
                0x00000000080037b8                CAN1_RX1_IRQHandler
                0x00000000080037b8                UART5_IRQHandler
                0x00000000080037b8                DMA2_Stream0_IRQHandler
                0x00000000080037b8                TIM4_IRQHandler
                0x00000000080037b8                QUADSPI_IRQHandler
                0x00000000080037b8                DMA1_Stream1_IRQHandler
                0x00000000080037b8                UART4_IRQHandler
                0x00000000080037b8                TIM3_IRQHandler
                0x00000000080037b8                RCC_IRQHandler
                0x00000000080037b8                TIM8_BRK_TIM12_IRQHandler
                0x00000000080037b8                Default_Handler
                0x00000000080037b8                CEC_IRQHandler
                0x00000000080037b8                EXTI15_10_IRQHandler
                0x00000000080037b8                ADC_IRQHandler
                0x00000000080037b8                TIM7_IRQHandler
                0x00000000080037b8                CAN2_TX_IRQHandler
                0x00000000080037b8                TIM5_IRQHandler
                0x00000000080037b8                I2C3_EV_IRQHandler
                0x00000000080037b8                EXTI9_5_IRQHandler
                0x00000000080037b8                RTC_WKUP_IRQHandler
                0x00000000080037b8                SPDIF_RX_IRQHandler
                0x00000000080037b8                SPI2_IRQHandler
                0x00000000080037b8                OTG_HS_EP1_IN_IRQHandler
                0x00000000080037b8                CAN1_TX_IRQHandler
                0x00000000080037b8                FMPI2C1_ER_IRQHandler
                0x00000000080037b8                EXTI4_IRQHandler
                0x00000000080037b8                OTG_HS_EP1_OUT_IRQHandler
                0x00000000080037b8                WWDG_IRQHandler
                0x00000000080037b8                TIM2_IRQHandler
                0x00000000080037b8                OTG_FS_WKUP_IRQHandler
                0x00000000080037b8                TIM1_TRG_COM_TIM11_IRQHandler
                0x00000000080037b8                OTG_HS_IRQHandler
                0x00000000080037b8                EXTI1_IRQHandler
                0x00000000080037b8                I2C2_ER_IRQHandler
                0x00000000080037b8                CAN1_SCE_IRQHandler
                0x00000000080037b8                FLASH_IRQHandler
                0x00000000080037b8                DMA2_Stream4_IRQHandler
                0x00000000080037b8                OTG_FS_IRQHandler
                0x00000000080037b8                SPI3_IRQHandler
                0x00000000080037b8                DMA1_Stream4_IRQHandler
                0x00000000080037b8                FMC_IRQHandler
                0x00000000080037b8                DMA2_Stream6_IRQHandler
                0x00000000080037b8                SAI1_IRQHandler
                0x00000000080037b8                RTC_Alarm_IRQHandler
 .text.D_GPIO_Set
                0x00000000080037ba       0x20 ./Drivers/GPIO/Src/GPIO.o
                0x00000000080037ba                D_GPIO_Set
 .text.D_GPIO_Reset
                0x00000000080037da       0x20 ./Drivers/GPIO/Src/GPIO.o
                0x00000000080037da                D_GPIO_Reset
 .text.D_GPIO_Read
                0x00000000080037fa       0x2a ./Drivers/GPIO/Src/GPIO.o
                0x00000000080037fa                D_GPIO_Read
 .text.D_LED_Reset_TimeGradation
                0x0000000008003824       0x2c ./Drivers/LED/Src/LED.o
                0x0000000008003824                D_LED_Reset_TimeGradation
 .text.D_LED_Set_TimeGradation
                0x0000000008003850       0x78 ./Drivers/LED/Src/LED.o
                0x0000000008003850                D_LED_Set_TimeGradation
 .text.D_LED_Get_TimeGradation
                0x00000000080038c8      0x2a0 ./Drivers/LED/Src/LED.o
                0x00000000080038c8                D_LED_Get_TimeGradation
 .text.D_LED_Set_Blink
                0x0000000008003b68       0x9c ./Drivers/LED/Src/LED.o
                0x0000000008003b68                D_LED_Set_Blink
 .text.D_LED_Get_Blink
                0x0000000008003c04       0xdc ./Drivers/LED/Src/LED.o
                0x0000000008003c04                D_LED_Get_Blink
 .text.D_LED_Set_Rainbow
                0x0000000008003ce0       0x54 ./Drivers/LED/Src/LED.o
                0x0000000008003ce0                D_LED_Set_Rainbow
 .text.D_LED_Get_Rainbow
                0x0000000008003d34       0xd0 ./Drivers/LED/Src/LED.o
                0x0000000008003d34                D_LED_Get_Rainbow
 .text.D_LED_Rainbow_ArraySwap
                0x0000000008003e04      0x23c ./Drivers/LED/Src/LED.o
                0x0000000008003e04                D_LED_Rainbow_ArraySwap
 .text.D_LED_Init_YellowRandom
                0x0000000008004040       0x50 ./Drivers/LED/Src/LED.o
                0x0000000008004040                D_LED_Init_YellowRandom
 .text.D_LED_Set_YellowRandomFlow
                0x0000000008004090       0x60 ./Drivers/LED/Src/LED.o
                0x0000000008004090                D_LED_Set_YellowRandomFlow
 .text.D_LED_Get_YellowRandomFlow
                0x00000000080040f0       0xa0 ./Drivers/LED/Src/LED.o
                0x00000000080040f0                D_LED_Get_YellowRandomFlow
 .text.D_LED_Off
                0x0000000008004190       0x5c ./Drivers/LED/Src/LED.o
                0x0000000008004190                D_LED_Off
 .text.D_LED_Set_All
                0x00000000080041ec       0x88 ./Drivers/LED/Src/LED.o
                0x00000000080041ec                D_LED_Set_All
 .text.D_LED_Set_Circle
                0x0000000008004274       0xdc ./Drivers/LED/Src/LED.o
                0x0000000008004274                D_LED_Set_Circle
 .text.D_LED_Send
                0x0000000008004350       0xe8 ./Drivers/LED/Src/LED.o
                0x0000000008004350                D_LED_Send
 .text.D_LED_Rotate
                0x0000000008004438      0x108 ./Drivers/LED/Src/LED.o
                0x0000000008004438                D_LED_Rotate
 .text.D_LED_Callback
                0x0000000008004540       0x20 ./Drivers/LED/Src/LED.o
                0x0000000008004540                D_LED_Callback
 .text.D_Mess_printf
                0x0000000008004560       0x40 ./Drivers/Message/Src/message.o
                0x0000000008004560                D_Mess_printf
 .text.D_Mess_flush
                0x00000000080045a0       0x64 ./Drivers/Message/Src/message.o
                0x00000000080045a0                D_Mess_flush
 .text.D_Mess_TransitionCompletedCallBack
                0x0000000008004604       0x18 ./Drivers/Message/Src/message.o
                0x0000000008004604                D_Mess_TransitionCompletedCallBack
 .text.xputc    0x000000000800461c       0x50 ./Drivers/Message/Src/xprintf.o
                0x000000000800461c                xputc
 .text.xputs    0x000000000800466c       0x2a ./Drivers/Message/Src/xprintf.o
                0x000000000800466c                xputs
 *fill*         0x0000000008004696        0x2 
 .text.xvprintf
                0x0000000008004698      0x2f8 ./Drivers/Message/Src/xprintf.o
                0x0000000008004698                xvprintf
 .text.D_PWM_Init
                0x0000000008004990       0x50 ./Drivers/PWM/Src/pwm.o
                0x0000000008004990                D_PWM_Init
 .text.D_PWM_Set
                0x00000000080049e0       0xd8 ./Drivers/PWM/Src/pwm.o
                0x00000000080049e0                D_PWM_Set
 .text.HAL_Init
                0x0000000008004ab8       0x44 ./Drivers/STM32F4xx_HAL_Driver/Src/stm32f4xx_hal.o
                0x0000000008004ab8                HAL_Init
 .text.HAL_InitTick
                0x0000000008004afc       0x60 ./Drivers/STM32F4xx_HAL_Driver/Src/stm32f4xx_hal.o
                0x0000000008004afc                HAL_InitTick
 .text.HAL_IncTick
                0x0000000008004b5c       0x28 ./Drivers/STM32F4xx_HAL_Driver/Src/stm32f4xx_hal.o
                0x0000000008004b5c                HAL_IncTick
 .text.HAL_GetTick
                0x0000000008004b84       0x18 ./Drivers/STM32F4xx_HAL_Driver/Src/stm32f4xx_hal.o
                0x0000000008004b84                HAL_GetTick
 .text.__NVIC_SetPriorityGrouping
                0x0000000008004b9c       0x48 ./Drivers/STM32F4xx_HAL_Driver/Src/stm32f4xx_hal_cortex.o
 .text.__NVIC_GetPriorityGrouping
                0x0000000008004be4       0x1c ./Drivers/STM32F4xx_HAL_Driver/Src/stm32f4xx_hal_cortex.o
 .text.__NVIC_EnableIRQ
                0x0000000008004c00       0x3c ./Drivers/STM32F4xx_HAL_Driver/Src/stm32f4xx_hal_cortex.o
 .text.__NVIC_SetPriority
                0x0000000008004c3c       0x54 ./Drivers/STM32F4xx_HAL_Driver/Src/stm32f4xx_hal_cortex.o
 .text.NVIC_EncodePriority
                0x0000000008004c90       0x66 ./Drivers/STM32F4xx_HAL_Driver/Src/stm32f4xx_hal_cortex.o
 *fill*         0x0000000008004cf6        0x2 
 .text.SysTick_Config
                0x0000000008004cf8       0x44 ./Drivers/STM32F4xx_HAL_Driver/Src/stm32f4xx_hal_cortex.o
 .text.HAL_NVIC_SetPriorityGrouping
                0x0000000008004d3c       0x16 ./Drivers/STM32F4xx_HAL_Driver/Src/stm32f4xx_hal_cortex.o
                0x0000000008004d3c                HAL_NVIC_SetPriorityGrouping
 .text.HAL_NVIC_SetPriority
                0x0000000008004d52       0x38 ./Drivers/STM32F4xx_HAL_Driver/Src/stm32f4xx_hal_cortex.o
                0x0000000008004d52                HAL_NVIC_SetPriority
 .text.HAL_NVIC_EnableIRQ
                0x0000000008004d8a       0x1c ./Drivers/STM32F4xx_HAL_Driver/Src/stm32f4xx_hal_cortex.o
                0x0000000008004d8a                HAL_NVIC_EnableIRQ
 .text.HAL_SYSTICK_Config
                0x0000000008004da6       0x18 ./Drivers/STM32F4xx_HAL_Driver/Src/stm32f4xx_hal_cortex.o
                0x0000000008004da6                HAL_SYSTICK_Config
 *fill*         0x0000000008004dbe        0x2 
 .text.HAL_DMA_Init
                0x0000000008004dc0      0x15c ./Drivers/STM32F4xx_HAL_Driver/Src/stm32f4xx_hal_dma.o
                0x0000000008004dc0                HAL_DMA_Init
 .text.HAL_DMA_Start_IT
                0x0000000008004f1c       0xb0 ./Drivers/STM32F4xx_HAL_Driver/Src/stm32f4xx_hal_dma.o
                0x0000000008004f1c                HAL_DMA_Start_IT
 .text.HAL_DMA_Abort
                0x0000000008004fcc       0xe0 ./Drivers/STM32F4xx_HAL_Driver/Src/stm32f4xx_hal_dma.o
                0x0000000008004fcc                HAL_DMA_Abort
 .text.HAL_DMA_Abort_IT
                0x00000000080050ac       0x44 ./Drivers/STM32F4xx_HAL_Driver/Src/stm32f4xx_hal_dma.o
                0x00000000080050ac                HAL_DMA_Abort_IT
 .text.HAL_DMA_IRQHandler
                0x00000000080050f0      0x314 ./Drivers/STM32F4xx_HAL_Driver/Src/stm32f4xx_hal_dma.o
                0x00000000080050f0                HAL_DMA_IRQHandler
 .text.HAL_DMA_GetState
                0x0000000008005404       0x1c ./Drivers/STM32F4xx_HAL_Driver/Src/stm32f4xx_hal_dma.o
                0x0000000008005404                HAL_DMA_GetState
 .text.DMA_SetConfig
                0x0000000008005420       0x5c ./Drivers/STM32F4xx_HAL_Driver/Src/stm32f4xx_hal_dma.o
 .text.DMA_CalcBaseAndBitshift
                0x000000000800547c       0x6c ./Drivers/STM32F4xx_HAL_Driver/Src/stm32f4xx_hal_dma.o
 .text.DMA_CheckFifoParam
                0x00000000080054e8       0xf8 ./Drivers/STM32F4xx_HAL_Driver/Src/stm32f4xx_hal_dma.o
 .text.HAL_GPIO_Init
                0x00000000080055e0      0x328 ./Drivers/STM32F4xx_HAL_Driver/Src/stm32f4xx_hal_gpio.o
                0x00000000080055e0                HAL_GPIO_Init
 .text.HAL_GPIO_ReadPin
                0x0000000008005908       0x30 ./Drivers/STM32F4xx_HAL_Driver/Src/stm32f4xx_hal_gpio.o
                0x0000000008005908                HAL_GPIO_ReadPin
 .text.HAL_GPIO_WritePin
                0x0000000008005938       0x32 ./Drivers/STM32F4xx_HAL_Driver/Src/stm32f4xx_hal_gpio.o
                0x0000000008005938                HAL_GPIO_WritePin
 *fill*         0x000000000800596a        0x2 
 .text.HAL_I2C_Init
                0x000000000800596c      0x288 ./Drivers/STM32F4xx_HAL_Driver/Src/stm32f4xx_hal_i2c.o
                0x000000000800596c                HAL_I2C_Init
 .text.HAL_I2C_EV_IRQHandler
                0x0000000008005bf4      0x2e2 ./Drivers/STM32F4xx_HAL_Driver/Src/stm32f4xx_hal_i2c.o
                0x0000000008005bf4                HAL_I2C_EV_IRQHandler
 .text.HAL_I2C_ER_IRQHandler
                0x0000000008005ed6      0x14e ./Drivers/STM32F4xx_HAL_Driver/Src/stm32f4xx_hal_i2c.o
                0x0000000008005ed6                HAL_I2C_ER_IRQHandler
 .text.HAL_I2C_MasterTxCpltCallback
                0x0000000008006024       0x14 ./Drivers/STM32F4xx_HAL_Driver/Src/stm32f4xx_hal_i2c.o
                0x0000000008006024                HAL_I2C_MasterTxCpltCallback
 .text.HAL_I2C_MasterRxCpltCallback
                0x0000000008006038       0x14 ./Drivers/STM32F4xx_HAL_Driver/Src/stm32f4xx_hal_i2c.o
                0x0000000008006038                HAL_I2C_MasterRxCpltCallback
 .text.HAL_I2C_SlaveTxCpltCallback
                0x000000000800604c       0x14 ./Drivers/STM32F4xx_HAL_Driver/Src/stm32f4xx_hal_i2c.o
                0x000000000800604c                HAL_I2C_SlaveTxCpltCallback
 .text.HAL_I2C_SlaveRxCpltCallback
                0x0000000008006060       0x14 ./Drivers/STM32F4xx_HAL_Driver/Src/stm32f4xx_hal_i2c.o
                0x0000000008006060                HAL_I2C_SlaveRxCpltCallback
 .text.HAL_I2C_AddrCallback
                0x0000000008006074       0x1c ./Drivers/STM32F4xx_HAL_Driver/Src/stm32f4xx_hal_i2c.o
                0x0000000008006074                HAL_I2C_AddrCallback
 .text.HAL_I2C_ListenCpltCallback
                0x0000000008006090       0x14 ./Drivers/STM32F4xx_HAL_Driver/Src/stm32f4xx_hal_i2c.o
                0x0000000008006090                HAL_I2C_ListenCpltCallback
 .text.HAL_I2C_MemTxCpltCallback
                0x00000000080060a4       0x14 ./Drivers/STM32F4xx_HAL_Driver/Src/stm32f4xx_hal_i2c.o
                0x00000000080060a4                HAL_I2C_MemTxCpltCallback
 .text.HAL_I2C_MemRxCpltCallback
                0x00000000080060b8       0x14 ./Drivers/STM32F4xx_HAL_Driver/Src/stm32f4xx_hal_i2c.o
                0x00000000080060b8                HAL_I2C_MemRxCpltCallback
 .text.HAL_I2C_ErrorCallback
                0x00000000080060cc       0x14 ./Drivers/STM32F4xx_HAL_Driver/Src/stm32f4xx_hal_i2c.o
                0x00000000080060cc                HAL_I2C_ErrorCallback
 .text.HAL_I2C_AbortCpltCallback
                0x00000000080060e0       0x14 ./Drivers/STM32F4xx_HAL_Driver/Src/stm32f4xx_hal_i2c.o
                0x00000000080060e0                HAL_I2C_AbortCpltCallback
 .text.I2C_MasterTransmit_TXE
                0x00000000080060f4      0x138 ./Drivers/STM32F4xx_HAL_Driver/Src/stm32f4xx_hal_i2c.o
 .text.I2C_MasterTransmit_BTF
                0x000000000800622c       0xec ./Drivers/STM32F4xx_HAL_Driver/Src/stm32f4xx_hal_i2c.o
 .text.I2C_MemoryTransmit_TXE_BTF
                0x0000000008006318      0x128 ./Drivers/STM32F4xx_HAL_Driver/Src/stm32f4xx_hal_i2c.o
 .text.I2C_MasterReceive_RXNE
                0x0000000008006440      0x162 ./Drivers/STM32F4xx_HAL_Driver/Src/stm32f4xx_hal_i2c.o
 .text.I2C_MasterReceive_BTF
                0x00000000080065a2      0x1d4 ./Drivers/STM32F4xx_HAL_Driver/Src/stm32f4xx_hal_i2c.o
 .text.I2C_Master_SB
                0x0000000008006776      0x10c ./Drivers/STM32F4xx_HAL_Driver/Src/stm32f4xx_hal_i2c.o
 .text.I2C_Master_ADD10
                0x0000000008006882       0x54 ./Drivers/STM32F4xx_HAL_Driver/Src/stm32f4xx_hal_i2c.o
 .text.I2C_Master_ADDR
                0x00000000080068d6      0x322 ./Drivers/STM32F4xx_HAL_Driver/Src/stm32f4xx_hal_i2c.o
 .text.I2C_SlaveTransmit_TXE
                0x0000000008006bf8       0x7a ./Drivers/STM32F4xx_HAL_Driver/Src/stm32f4xx_hal_i2c.o
 .text.I2C_SlaveTransmit_BTF
                0x0000000008006c72       0x42 ./Drivers/STM32F4xx_HAL_Driver/Src/stm32f4xx_hal_i2c.o
 .text.I2C_SlaveReceive_RXNE
                0x0000000008006cb4       0x7c ./Drivers/STM32F4xx_HAL_Driver/Src/stm32f4xx_hal_i2c.o
 .text.I2C_SlaveReceive_BTF
                0x0000000008006d30       0x44 ./Drivers/STM32F4xx_HAL_Driver/Src/stm32f4xx_hal_i2c.o
 .text.I2C_Slave_ADDR
                0x0000000008006d74       0x94 ./Drivers/STM32F4xx_HAL_Driver/Src/stm32f4xx_hal_i2c.o
 .text.I2C_Slave_STOPF
                0x0000000008006e08      0x260 ./Drivers/STM32F4xx_HAL_Driver/Src/stm32f4xx_hal_i2c.o
 .text.I2C_Slave_AF
                0x0000000008007068       0xe0 ./Drivers/STM32F4xx_HAL_Driver/Src/stm32f4xx_hal_i2c.o
 .text.I2C_ITError
                0x0000000008007148      0x264 ./Drivers/STM32F4xx_HAL_Driver/Src/stm32f4xx_hal_i2c.o
 .text.I2C_DMAAbort
                0x00000000080073ac      0x150 ./Drivers/STM32F4xx_HAL_Driver/Src/stm32f4xx_hal_i2c.o
 .text.I2C_WaitOnSTOPRequestThroughIT
                0x00000000080074fc       0x64 ./Drivers/STM32F4xx_HAL_Driver/Src/stm32f4xx_hal_i2c.o
 .text.I2C_ConvertOtherXferOptions
                0x0000000008007560       0x36 ./Drivers/STM32F4xx_HAL_Driver/Src/stm32f4xx_hal_i2c.o
 *fill*         0x0000000008007596        0x2 
 .text.HAL_RCC_ClockConfig
                0x0000000008007598      0x1cc ./Drivers/STM32F4xx_HAL_Driver/Src/stm32f4xx_hal_rcc.o
                0x0000000008007598                HAL_RCC_ClockConfig
 .text.HAL_RCC_GetHCLKFreq
                0x0000000008007764       0x18 ./Drivers/STM32F4xx_HAL_Driver/Src/stm32f4xx_hal_rcc.o
                0x0000000008007764                HAL_RCC_GetHCLKFreq
 .text.HAL_RCC_GetPCLK1Freq
                0x000000000800777c       0x28 ./Drivers/STM32F4xx_HAL_Driver/Src/stm32f4xx_hal_rcc.o
                0x000000000800777c                HAL_RCC_GetPCLK1Freq
 .text.HAL_RCC_GetPCLK2Freq
                0x00000000080077a4       0x28 ./Drivers/STM32F4xx_HAL_Driver/Src/stm32f4xx_hal_rcc.o
                0x00000000080077a4                HAL_RCC_GetPCLK2Freq
 .text.HAL_RCC_GetSysClockFreq
                0x00000000080077cc      0x364 ./Drivers/STM32F4xx_HAL_Driver/Src/stm32f4xx_hal_rcc_ex.o
                0x00000000080077cc                HAL_RCC_GetSysClockFreq
 .text.HAL_RCC_OscConfig
                0x0000000008007b30      0x53c ./Drivers/STM32F4xx_HAL_Driver/Src/stm32f4xx_hal_rcc_ex.o
                0x0000000008007b30                HAL_RCC_OscConfig
 .text.HAL_TIM_Base_Init
                0x000000000800806c       0x9e ./Drivers/STM32F4xx_HAL_Driver/Src/stm32f4xx_hal_tim.o
                0x000000000800806c                HAL_TIM_Base_Init
 .text.HAL_TIM_PWM_Init
                0x000000000800810a       0x9e ./Drivers/STM32F4xx_HAL_Driver/Src/stm32f4xx_hal_tim.o
                0x000000000800810a                HAL_TIM_PWM_Init
 .text.HAL_TIM_PWM_MspInit
                0x00000000080081a8       0x14 ./Drivers/STM32F4xx_HAL_Driver/Src/stm32f4xx_hal_tim.o
                0x00000000080081a8                HAL_TIM_PWM_MspInit
 .text.HAL_TIM_PWM_Start
                0x00000000080081bc      0x190 ./Drivers/STM32F4xx_HAL_Driver/Src/stm32f4xx_hal_tim.o
                0x00000000080081bc                HAL_TIM_PWM_Start
 .text.HAL_TIM_PWM_Start_DMA
                0x000000000800834c      0x390 ./Drivers/STM32F4xx_HAL_Driver/Src/stm32f4xx_hal_tim.o
                0x000000000800834c                HAL_TIM_PWM_Start_DMA
 .text.HAL_TIM_PWM_Stop_DMA
                0x00000000080086dc      0x1a4 ./Drivers/STM32F4xx_HAL_Driver/Src/stm32f4xx_hal_tim.o
                0x00000000080086dc                HAL_TIM_PWM_Stop_DMA
 .text.HAL_TIM_PWM_ConfigChannel
                0x0000000008008880      0x184 ./Drivers/STM32F4xx_HAL_Driver/Src/stm32f4xx_hal_tim.o
                0x0000000008008880                HAL_TIM_PWM_ConfigChannel
 .text.HAL_TIM_ConfigClockSource
                0x0000000008008a04      0x18e ./Drivers/STM32F4xx_HAL_Driver/Src/stm32f4xx_hal_tim.o
                0x0000000008008a04                HAL_TIM_ConfigClockSource
 .text.HAL_TIM_PWM_PulseFinishedHalfCpltCallback
                0x0000000008008b92       0x14 ./Drivers/STM32F4xx_HAL_Driver/Src/stm32f4xx_hal_tim.o
                0x0000000008008b92                HAL_TIM_PWM_PulseFinishedHalfCpltCallback
 .text.HAL_TIM_ErrorCallback
                0x0000000008008ba6       0x14 ./Drivers/STM32F4xx_HAL_Driver/Src/stm32f4xx_hal_tim.o
                0x0000000008008ba6                HAL_TIM_ErrorCallback
 .text.TIM_DMAError
                0x0000000008008bba       0x92 ./Drivers/STM32F4xx_HAL_Driver/Src/stm32f4xx_hal_tim.o
                0x0000000008008bba                TIM_DMAError
 .text.TIM_DMADelayPulseCplt
                0x0000000008008c4c       0xa8 ./Drivers/STM32F4xx_HAL_Driver/Src/stm32f4xx_hal_tim.o
 .text.TIM_DMADelayPulseHalfCplt
                0x0000000008008cf4       0x68 ./Drivers/STM32F4xx_HAL_Driver/Src/stm32f4xx_hal_tim.o
                0x0000000008008cf4                TIM_DMADelayPulseHalfCplt
 .text.TIM_Base_SetConfig
                0x0000000008008d5c      0x140 ./Drivers/STM32F4xx_HAL_Driver/Src/stm32f4xx_hal_tim.o
                0x0000000008008d5c                TIM_Base_SetConfig
 .text.TIM_OC1_SetConfig
                0x0000000008008e9c       0xe0 ./Drivers/STM32F4xx_HAL_Driver/Src/stm32f4xx_hal_tim.o
 .text.TIM_OC2_SetConfig
                0x0000000008008f7c       0xec ./Drivers/STM32F4xx_HAL_Driver/Src/stm32f4xx_hal_tim.o
                0x0000000008008f7c                TIM_OC2_SetConfig
 .text.TIM_OC3_SetConfig
                0x0000000008009068       0xe8 ./Drivers/STM32F4xx_HAL_Driver/Src/stm32f4xx_hal_tim.o
 .text.TIM_OC4_SetConfig
                0x0000000008009150       0xac ./Drivers/STM32F4xx_HAL_Driver/Src/stm32f4xx_hal_tim.o
 .text.TIM_TI1_ConfigInputStage
                0x00000000080091fc       0x5e ./Drivers/STM32F4xx_HAL_Driver/Src/stm32f4xx_hal_tim.o
 .text.TIM_TI2_ConfigInputStage
                0x000000000800925a       0x60 ./Drivers/STM32F4xx_HAL_Driver/Src/stm32f4xx_hal_tim.o
 .text.TIM_ITRx_SetConfig
                0x00000000080092ba       0x36 ./Drivers/STM32F4xx_HAL_Driver/Src/stm32f4xx_hal_tim.o
 .text.TIM_ETR_SetConfig
                0x00000000080092f0       0x40 ./Drivers/STM32F4xx_HAL_Driver/Src/stm32f4xx_hal_tim.o
                0x00000000080092f0                TIM_ETR_SetConfig
 .text.TIM_CCxChannelCmd
                0x0000000008009330       0x4a ./Drivers/STM32F4xx_HAL_Driver/Src/stm32f4xx_hal_tim.o
                0x0000000008009330                TIM_CCxChannelCmd
 *fill*         0x000000000800937a        0x2 
 .text.HAL_TIMEx_MasterConfigSynchronization
                0x000000000800937c       0xf8 ./Drivers/STM32F4xx_HAL_Driver/Src/stm32f4xx_hal_tim_ex.o
                0x000000000800937c                HAL_TIMEx_MasterConfigSynchronization
 .text.HAL_TIMEx_ConfigBreakDeadTime
                0x0000000008009474       0xa4 ./Drivers/STM32F4xx_HAL_Driver/Src/stm32f4xx_hal_tim_ex.o
                0x0000000008009474                HAL_TIMEx_ConfigBreakDeadTime
 .text.HAL_UART_Init
                0x0000000008009518       0x9a ./Drivers/STM32F4xx_HAL_Driver/Src/stm32f4xx_hal_uart.o
                0x0000000008009518                HAL_UART_Init
 *fill*         0x00000000080095b2        0x2 
 .text.HAL_UART_Transmit_DMA
                0x00000000080095b4       0xfc ./Drivers/STM32F4xx_HAL_Driver/Src/stm32f4xx_hal_uart.o
                0x00000000080095b4                HAL_UART_Transmit_DMA
 .text.HAL_UART_IRQHandler
                0x00000000080096b0      0x51c ./Drivers/STM32F4xx_HAL_Driver/Src/stm32f4xx_hal_uart.o
                0x00000000080096b0                HAL_UART_IRQHandler
 .text.HAL_UART_TxHalfCpltCallback
                0x0000000008009bcc       0x14 ./Drivers/STM32F4xx_HAL_Driver/Src/stm32f4xx_hal_uart.o
                0x0000000008009bcc                HAL_UART_TxHalfCpltCallback
 .text.HAL_UART_RxCpltCallback
                0x0000000008009be0       0x14 ./Drivers/STM32F4xx_HAL_Driver/Src/stm32f4xx_hal_uart.o
                0x0000000008009be0                HAL_UART_RxCpltCallback
 .text.HAL_UART_ErrorCallback
                0x0000000008009bf4       0x14 ./Drivers/STM32F4xx_HAL_Driver/Src/stm32f4xx_hal_uart.o
                0x0000000008009bf4                HAL_UART_ErrorCallback
 .text.HAL_UARTEx_RxEventCallback
                0x0000000008009c08       0x18 ./Drivers/STM32F4xx_HAL_Driver/Src/stm32f4xx_hal_uart.o
                0x0000000008009c08                HAL_UARTEx_RxEventCallback
 .text.UART_DMATransmitCplt
                0x0000000008009c20       0x9a ./Drivers/STM32F4xx_HAL_Driver/Src/stm32f4xx_hal_uart.o
 .text.UART_DMATxHalfCplt
                0x0000000008009cba       0x1c ./Drivers/STM32F4xx_HAL_Driver/Src/stm32f4xx_hal_uart.o
 .text.UART_DMAError
                0x0000000008009cd6       0x94 ./Drivers/STM32F4xx_HAL_Driver/Src/stm32f4xx_hal_uart.o
 .text.UART_EndTxTransfer
                0x0000000008009d6a       0x50 ./Drivers/STM32F4xx_HAL_Driver/Src/stm32f4xx_hal_uart.o
 .text.UART_EndRxTransfer
                0x0000000008009dba       0xc6 ./Drivers/STM32F4xx_HAL_Driver/Src/stm32f4xx_hal_uart.o
 .text.UART_DMAAbortOnError
                0x0000000008009e80       0x28 ./Drivers/STM32F4xx_HAL_Driver/Src/stm32f4xx_hal_uart.o
 .text.UART_Transmit_IT
                0x0000000008009ea8       0xa0 ./Drivers/STM32F4xx_HAL_Driver/Src/stm32f4xx_hal_uart.o
 .text.UART_EndTransmit_IT
                0x0000000008009f48       0x30 ./Drivers/STM32F4xx_HAL_Driver/Src/stm32f4xx_hal_uart.o
 .text.UART_Receive_IT
                0x0000000008009f78      0x176 ./Drivers/STM32F4xx_HAL_Driver/Src/stm32f4xx_hal_uart.o
 *fill*         0x000000000800a0ee        0x2 
 .text.UART_SetConfig
                0x000000000800a0f0      0x390 ./Drivers/STM32F4xx_HAL_Driver/Src/stm32f4xx_hal_uart.o
 .text.__errno  0x000000000800a480        0xc /Applications/STM32CubeIDE.app/Contents/Eclipse/plugins/com.st.stm32cube.ide.mcu.externaltools.gnu-tools-for-stm32.9-2020-q2-update.macos64_2.0.0.202105311346/tools/bin/../lib/gcc/arm-none-eabi/9.3.1/../../../../arm-none-eabi/lib/thumb/v7e-m+fp/hard/libc_nano.a(lib_a-errno.o)
                0x000000000800a480                __errno
 .text.__libc_init_array
                0x000000000800a48c       0x48 /Applications/STM32CubeIDE.app/Contents/Eclipse/plugins/com.st.stm32cube.ide.mcu.externaltools.gnu-tools-for-stm32.9-2020-q2-update.macos64_2.0.0.202105311346/tools/bin/../lib/gcc/arm-none-eabi/9.3.1/../../../../arm-none-eabi/lib/thumb/v7e-m+fp/hard/libc_nano.a(lib_a-init.o)
                0x000000000800a48c                __libc_init_array
 .text.memset   0x000000000800a4d4       0x10 /Applications/STM32CubeIDE.app/Contents/Eclipse/plugins/com.st.stm32cube.ide.mcu.externaltools.gnu-tools-for-stm32.9-2020-q2-update.macos64_2.0.0.202105311346/tools/bin/../lib/gcc/arm-none-eabi/9.3.1/../../../../arm-none-eabi/lib/thumb/v7e-m+fp/hard/libc_nano.a(lib_a-memset.o)
                0x000000000800a4d4                memset
 .text.rand     0x000000000800a4e4       0x80 /Applications/STM32CubeIDE.app/Contents/Eclipse/plugins/com.st.stm32cube.ide.mcu.externaltools.gnu-tools-for-stm32.9-2020-q2-update.macos64_2.0.0.202105311346/tools/bin/../lib/gcc/arm-none-eabi/9.3.1/../../../../arm-none-eabi/lib/thumb/v7e-m+fp/hard/libc_nano.a(lib_a-rand.o)
                0x000000000800a4e4                rand
 .text.__assert_func
                0x000000000800a564       0x3c /Applications/STM32CubeIDE.app/Contents/Eclipse/plugins/com.st.stm32cube.ide.mcu.externaltools.gnu-tools-for-stm32.9-2020-q2-update.macos64_2.0.0.202105311346/tools/bin/../lib/gcc/arm-none-eabi/9.3.1/../../../../arm-none-eabi/lib/thumb/v7e-m+fp/hard/libc_nano.a(lib_a-assert.o)
                0x000000000800a564                __assert_func
 .text.fprintf  0x000000000800a5a0       0x24 /Applications/STM32CubeIDE.app/Contents/Eclipse/plugins/com.st.stm32cube.ide.mcu.externaltools.gnu-tools-for-stm32.9-2020-q2-update.macos64_2.0.0.202105311346/tools/bin/../lib/gcc/arm-none-eabi/9.3.1/../../../../arm-none-eabi/lib/thumb/v7e-m+fp/hard/libc_nano.a(lib_a-fprintf.o)
                0x000000000800a5a0                fprintf
                0x000000000800a5a0                fiprintf
 .text.malloc   0x000000000800a5c4       0x10 /Applications/STM32CubeIDE.app/Contents/Eclipse/plugins/com.st.stm32cube.ide.mcu.externaltools.gnu-tools-for-stm32.9-2020-q2-update.macos64_2.0.0.202105311346/tools/bin/../lib/gcc/arm-none-eabi/9.3.1/../../../../arm-none-eabi/lib/thumb/v7e-m+fp/hard/libc_nano.a(lib_a-malloc.o)
                0x000000000800a5c4                malloc
 .text._free_r  0x000000000800a5d4       0xa0 /Applications/STM32CubeIDE.app/Contents/Eclipse/plugins/com.st.stm32cube.ide.mcu.externaltools.gnu-tools-for-stm32.9-2020-q2-update.macos64_2.0.0.202105311346/tools/bin/../lib/gcc/arm-none-eabi/9.3.1/../../../../arm-none-eabi/lib/thumb/v7e-m+fp/hard/libc_nano.a(lib_a-nano-freer.o)
                0x000000000800a5d4                _free_r
 .text._malloc_r
                0x000000000800a674       0xb4 /Applications/STM32CubeIDE.app/Contents/Eclipse/plugins/com.st.stm32cube.ide.mcu.externaltools.gnu-tools-for-stm32.9-2020-q2-update.macos64_2.0.0.202105311346/tools/bin/../lib/gcc/arm-none-eabi/9.3.1/../../../../arm-none-eabi/lib/thumb/v7e-m+fp/hard/libc_nano.a(lib_a-nano-mallocr.o)
                0x000000000800a674                _malloc_r
 .text.__sfputc_r
                0x000000000800a728       0x2e /Applications/STM32CubeIDE.app/Contents/Eclipse/plugins/com.st.stm32cube.ide.mcu.externaltools.gnu-tools-for-stm32.9-2020-q2-update.macos64_2.0.0.202105311346/tools/bin/../lib/gcc/arm-none-eabi/9.3.1/../../../../arm-none-eabi/lib/thumb/v7e-m+fp/hard/libc_nano.a(lib_a-nano-vfprintf.o)
 .text.__sfputs_r
                0x000000000800a756       0x24 /Applications/STM32CubeIDE.app/Contents/Eclipse/plugins/com.st.stm32cube.ide.mcu.externaltools.gnu-tools-for-stm32.9-2020-q2-update.macos64_2.0.0.202105311346/tools/bin/../lib/gcc/arm-none-eabi/9.3.1/../../../../arm-none-eabi/lib/thumb/v7e-m+fp/hard/libc_nano.a(lib_a-nano-vfprintf.o)
                0x000000000800a756                __sfputs_r
 *fill*         0x000000000800a77a        0x2 
 .text._vfprintf_r
                0x000000000800a77c      0x260 /Applications/STM32CubeIDE.app/Contents/Eclipse/plugins/com.st.stm32cube.ide.mcu.externaltools.gnu-tools-for-stm32.9-2020-q2-update.macos64_2.0.0.202105311346/tools/bin/../lib/gcc/arm-none-eabi/9.3.1/../../../../arm-none-eabi/lib/thumb/v7e-m+fp/hard/libc_nano.a(lib_a-nano-vfprintf.o)
                0x000000000800a77c                _vfiprintf_r
                0x000000000800a77c                _vfprintf_r
 .text._printf_common
                0x000000000800a9dc       0xda /Applications/STM32CubeIDE.app/Contents/Eclipse/plugins/com.st.stm32cube.ide.mcu.externaltools.gnu-tools-for-stm32.9-2020-q2-update.macos64_2.0.0.202105311346/tools/bin/../lib/gcc/arm-none-eabi/9.3.1/../../../../arm-none-eabi/lib/thumb/v7e-m+fp/hard/libc_nano.a(lib_a-nano-vfprintf_i.o)
                0x000000000800a9dc                _printf_common
 *fill*         0x000000000800aab6        0x2 
 .text._printf_i
                0x000000000800aab8      0x24c /Applications/STM32CubeIDE.app/Contents/Eclipse/plugins/com.st.stm32cube.ide.mcu.externaltools.gnu-tools-for-stm32.9-2020-q2-update.macos64_2.0.0.202105311346/tools/bin/../lib/gcc/arm-none-eabi/9.3.1/../../../../arm-none-eabi/lib/thumb/v7e-m+fp/hard/libc_nano.a(lib_a-nano-vfprintf_i.o)
                0x000000000800aab8                _printf_i
 .text._sbrk_r  0x000000000800ad04       0x20 /Applications/STM32CubeIDE.app/Contents/Eclipse/plugins/com.st.stm32cube.ide.mcu.externaltools.gnu-tools-for-stm32.9-2020-q2-update.macos64_2.0.0.202105311346/tools/bin/../lib/gcc/arm-none-eabi/9.3.1/../../../../arm-none-eabi/lib/thumb/v7e-m+fp/hard/libc_nano.a(lib_a-sbrkr.o)
                0x000000000800ad04                _sbrk_r
 .text.__swbuf_r
                0x000000000800ad24       0xa4 /Applications/STM32CubeIDE.app/Contents/Eclipse/plugins/com.st.stm32cube.ide.mcu.externaltools.gnu-tools-for-stm32.9-2020-q2-update.macos64_2.0.0.202105311346/tools/bin/../lib/gcc/arm-none-eabi/9.3.1/../../../../arm-none-eabi/lib/thumb/v7e-m+fp/hard/libc_nano.a(lib_a-wbuf.o)
                0x000000000800ad24                __swbuf_r
 .text.__swsetup_r
                0x000000000800adc8       0xdc /Applications/STM32CubeIDE.app/Contents/Eclipse/plugins/com.st.stm32cube.ide.mcu.externaltools.gnu-tools-for-stm32.9-2020-q2-update.macos64_2.0.0.202105311346/tools/bin/../lib/gcc/arm-none-eabi/9.3.1/../../../../arm-none-eabi/lib/thumb/v7e-m+fp/hard/libc_nano.a(lib_a-wsetup.o)
                0x000000000800adc8                __swsetup_r
 .text.abort    0x000000000800aea4        0xe /Applications/STM32CubeIDE.app/Contents/Eclipse/plugins/com.st.stm32cube.ide.mcu.externaltools.gnu-tools-for-stm32.9-2020-q2-update.macos64_2.0.0.202105311346/tools/bin/../lib/gcc/arm-none-eabi/9.3.1/../../../../arm-none-eabi/lib/thumb/v7e-m+fp/hard/libc_nano.a(lib_a-abort.o)
                0x000000000800aea4                abort
 *fill*         0x000000000800aeb2        0x2 
 .text.__sflush_r
                0x000000000800aeb4      0x10c /Applications/STM32CubeIDE.app/Contents/Eclipse/plugins/com.st.stm32cube.ide.mcu.externaltools.gnu-tools-for-stm32.9-2020-q2-update.macos64_2.0.0.202105311346/tools/bin/../lib/gcc/arm-none-eabi/9.3.1/../../../../arm-none-eabi/lib/thumb/v7e-m+fp/hard/libc_nano.a(lib_a-fflush.o)
                0x000000000800aeb4                __sflush_r
 .text._fflush_r
                0x000000000800afc0       0x78 /Applications/STM32CubeIDE.app/Contents/Eclipse/plugins/com.st.stm32cube.ide.mcu.externaltools.gnu-tools-for-stm32.9-2020-q2-update.macos64_2.0.0.202105311346/tools/bin/../lib/gcc/arm-none-eabi/9.3.1/../../../../arm-none-eabi/lib/thumb/v7e-m+fp/hard/libc_nano.a(lib_a-fflush.o)
                0x000000000800afc0                _fflush_r
 .text.std      0x000000000800b038       0x48 /Applications/STM32CubeIDE.app/Contents/Eclipse/plugins/com.st.stm32cube.ide.mcu.externaltools.gnu-tools-for-stm32.9-2020-q2-update.macos64_2.0.0.202105311346/tools/bin/../lib/gcc/arm-none-eabi/9.3.1/../../../../arm-none-eabi/lib/thumb/v7e-m+fp/hard/libc_nano.a(lib_a-findfp.o)
 .text._cleanup_r
                0x000000000800b080        0xc /Applications/STM32CubeIDE.app/Contents/Eclipse/plugins/com.st.stm32cube.ide.mcu.externaltools.gnu-tools-for-stm32.9-2020-q2-update.macos64_2.0.0.202105311346/tools/bin/../lib/gcc/arm-none-eabi/9.3.1/../../../../arm-none-eabi/lib/thumb/v7e-m+fp/hard/libc_nano.a(lib_a-findfp.o)
                0x000000000800b080                _cleanup_r
 .text.__sfmoreglue
                0x000000000800b08c       0x2c /Applications/STM32CubeIDE.app/Contents/Eclipse/plugins/com.st.stm32cube.ide.mcu.externaltools.gnu-tools-for-stm32.9-2020-q2-update.macos64_2.0.0.202105311346/tools/bin/../lib/gcc/arm-none-eabi/9.3.1/../../../../arm-none-eabi/lib/thumb/v7e-m+fp/hard/libc_nano.a(lib_a-findfp.o)
                0x000000000800b08c                __sfmoreglue
 .text.__sfp_lock_acquire
                0x000000000800b0b8        0xc /Applications/STM32CubeIDE.app/Contents/Eclipse/plugins/com.st.stm32cube.ide.mcu.externaltools.gnu-tools-for-stm32.9-2020-q2-update.macos64_2.0.0.202105311346/tools/bin/../lib/gcc/arm-none-eabi/9.3.1/../../../../arm-none-eabi/lib/thumb/v7e-m+fp/hard/libc_nano.a(lib_a-findfp.o)
                0x000000000800b0b8                __sfp_lock_acquire
 .text.__sfp_lock_release
                0x000000000800b0c4        0xc /Applications/STM32CubeIDE.app/Contents/Eclipse/plugins/com.st.stm32cube.ide.mcu.externaltools.gnu-tools-for-stm32.9-2020-q2-update.macos64_2.0.0.202105311346/tools/bin/../lib/gcc/arm-none-eabi/9.3.1/../../../../arm-none-eabi/lib/thumb/v7e-m+fp/hard/libc_nano.a(lib_a-findfp.o)
                0x000000000800b0c4                __sfp_lock_release
 .text.__sinit_lock_acquire
                0x000000000800b0d0        0xc /Applications/STM32CubeIDE.app/Contents/Eclipse/plugins/com.st.stm32cube.ide.mcu.externaltools.gnu-tools-for-stm32.9-2020-q2-update.macos64_2.0.0.202105311346/tools/bin/../lib/gcc/arm-none-eabi/9.3.1/../../../../arm-none-eabi/lib/thumb/v7e-m+fp/hard/libc_nano.a(lib_a-findfp.o)
                0x000000000800b0d0                __sinit_lock_acquire
 .text.__sinit_lock_release
                0x000000000800b0dc        0xc /Applications/STM32CubeIDE.app/Contents/Eclipse/plugins/com.st.stm32cube.ide.mcu.externaltools.gnu-tools-for-stm32.9-2020-q2-update.macos64_2.0.0.202105311346/tools/bin/../lib/gcc/arm-none-eabi/9.3.1/../../../../arm-none-eabi/lib/thumb/v7e-m+fp/hard/libc_nano.a(lib_a-findfp.o)
                0x000000000800b0dc                __sinit_lock_release
 .text.__sinit  0x000000000800b0e8       0x70 /Applications/STM32CubeIDE.app/Contents/Eclipse/plugins/com.st.stm32cube.ide.mcu.externaltools.gnu-tools-for-stm32.9-2020-q2-update.macos64_2.0.0.202105311346/tools/bin/../lib/gcc/arm-none-eabi/9.3.1/../../../../arm-none-eabi/lib/thumb/v7e-m+fp/hard/libc_nano.a(lib_a-findfp.o)
                0x000000000800b0e8                __sinit
 .text.__sfp    0x000000000800b158       0x8c /Applications/STM32CubeIDE.app/Contents/Eclipse/plugins/com.st.stm32cube.ide.mcu.externaltools.gnu-tools-for-stm32.9-2020-q2-update.macos64_2.0.0.202105311346/tools/bin/../lib/gcc/arm-none-eabi/9.3.1/../../../../arm-none-eabi/lib/thumb/v7e-m+fp/hard/libc_nano.a(lib_a-findfp.o)
                0x000000000800b158                __sfp
 .text._fwalk_reent
                0x000000000800b1e4       0x3e /Applications/STM32CubeIDE.app/Contents/Eclipse/plugins/com.st.stm32cube.ide.mcu.externaltools.gnu-tools-for-stm32.9-2020-q2-update.macos64_2.0.0.202105311346/tools/bin/../lib/gcc/arm-none-eabi/9.3.1/../../../../arm-none-eabi/lib/thumb/v7e-m+fp/hard/libc_nano.a(lib_a-fwalk.o)
                0x000000000800b1e4                _fwalk_reent
 .text.__retarget_lock_init_recursive
                0x000000000800b222        0x2 /Applications/STM32CubeIDE.app/Contents/Eclipse/plugins/com.st.stm32cube.ide.mcu.externaltools.gnu-tools-for-stm32.9-2020-q2-update.macos64_2.0.0.202105311346/tools/bin/../lib/gcc/arm-none-eabi/9.3.1/../../../../arm-none-eabi/lib/thumb/v7e-m+fp/hard/libc_nano.a(lib_a-lock.o)
                0x000000000800b222                __retarget_lock_init_recursive
 .text.__retarget_lock_acquire_recursive
                0x000000000800b224        0x2 /Applications/STM32CubeIDE.app/Contents/Eclipse/plugins/com.st.stm32cube.ide.mcu.externaltools.gnu-tools-for-stm32.9-2020-q2-update.macos64_2.0.0.202105311346/tools/bin/../lib/gcc/arm-none-eabi/9.3.1/../../../../arm-none-eabi/lib/thumb/v7e-m+fp/hard/libc_nano.a(lib_a-lock.o)
                0x000000000800b224                __retarget_lock_acquire_recursive
 .text.__retarget_lock_release_recursive
                0x000000000800b226        0x2 /Applications/STM32CubeIDE.app/Contents/Eclipse/plugins/com.st.stm32cube.ide.mcu.externaltools.gnu-tools-for-stm32.9-2020-q2-update.macos64_2.0.0.202105311346/tools/bin/../lib/gcc/arm-none-eabi/9.3.1/../../../../arm-none-eabi/lib/thumb/v7e-m+fp/hard/libc_nano.a(lib_a-lock.o)
                0x000000000800b226                __retarget_lock_release_recursive
 .text.__swhatbuf_r
                0x000000000800b228       0x48 /Applications/STM32CubeIDE.app/Contents/Eclipse/plugins/com.st.stm32cube.ide.mcu.externaltools.gnu-tools-for-stm32.9-2020-q2-update.macos64_2.0.0.202105311346/tools/bin/../lib/gcc/arm-none-eabi/9.3.1/../../../../arm-none-eabi/lib/thumb/v7e-m+fp/hard/libc_nano.a(lib_a-makebuf.o)
                0x000000000800b228                __swhatbuf_r
 .text.__smakebuf_r
                0x000000000800b270       0x80 /Applications/STM32CubeIDE.app/Contents/Eclipse/plugins/com.st.stm32cube.ide.mcu.externaltools.gnu-tools-for-stm32.9-2020-q2-update.macos64_2.0.0.202105311346/tools/bin/../lib/gcc/arm-none-eabi/9.3.1/../../../../arm-none-eabi/lib/thumb/v7e-m+fp/hard/libc_nano.a(lib_a-makebuf.o)
                0x000000000800b270                __smakebuf_r
 .text.__malloc_lock
                0x000000000800b2f0        0xc /Applications/STM32CubeIDE.app/Contents/Eclipse/plugins/com.st.stm32cube.ide.mcu.externaltools.gnu-tools-for-stm32.9-2020-q2-update.macos64_2.0.0.202105311346/tools/bin/../lib/gcc/arm-none-eabi/9.3.1/../../../../arm-none-eabi/lib/thumb/v7e-m+fp/hard/libc_nano.a(lib_a-mlock.o)
                0x000000000800b2f0                __malloc_lock
 .text.__malloc_unlock
                0x000000000800b2fc        0xc /Applications/STM32CubeIDE.app/Contents/Eclipse/plugins/com.st.stm32cube.ide.mcu.externaltools.gnu-tools-for-stm32.9-2020-q2-update.macos64_2.0.0.202105311346/tools/bin/../lib/gcc/arm-none-eabi/9.3.1/../../../../arm-none-eabi/lib/thumb/v7e-m+fp/hard/libc_nano.a(lib_a-mlock.o)
                0x000000000800b2fc                __malloc_unlock
 .text._raise_r
                0x000000000800b308       0x50 /Applications/STM32CubeIDE.app/Contents/Eclipse/plugins/com.st.stm32cube.ide.mcu.externaltools.gnu-tools-for-stm32.9-2020-q2-update.macos64_2.0.0.202105311346/tools/bin/../lib/gcc/arm-none-eabi/9.3.1/../../../../arm-none-eabi/lib/thumb/v7e-m+fp/hard/libc_nano.a(lib_a-signal.o)
                0x000000000800b308                _raise_r
 .text.raise    0x000000000800b358       0x10 /Applications/STM32CubeIDE.app/Contents/Eclipse/plugins/com.st.stm32cube.ide.mcu.externaltools.gnu-tools-for-stm32.9-2020-q2-update.macos64_2.0.0.202105311346/tools/bin/../lib/gcc/arm-none-eabi/9.3.1/../../../../arm-none-eabi/lib/thumb/v7e-m+fp/hard/libc_nano.a(lib_a-signal.o)
                0x000000000800b358                raise
 .text._kill_r  0x000000000800b368       0x24 /Applications/STM32CubeIDE.app/Contents/Eclipse/plugins/com.st.stm32cube.ide.mcu.externaltools.gnu-tools-for-stm32.9-2020-q2-update.macos64_2.0.0.202105311346/tools/bin/../lib/gcc/arm-none-eabi/9.3.1/../../../../arm-none-eabi/lib/thumb/v7e-m+fp/hard/libc_nano.a(lib_a-signalr.o)
                0x000000000800b368                _kill_r
 .text._getpid_r
                0x000000000800b38c        0x4 /Applications/STM32CubeIDE.app/Contents/Eclipse/plugins/com.st.stm32cube.ide.mcu.externaltools.gnu-tools-for-stm32.9-2020-q2-update.macos64_2.0.0.202105311346/tools/bin/../lib/gcc/arm-none-eabi/9.3.1/../../../../arm-none-eabi/lib/thumb/v7e-m+fp/hard/libc_nano.a(lib_a-signalr.o)
                0x000000000800b38c                _getpid_r
 .text.__sread  0x000000000800b390       0x22 /Applications/STM32CubeIDE.app/Contents/Eclipse/plugins/com.st.stm32cube.ide.mcu.externaltools.gnu-tools-for-stm32.9-2020-q2-update.macos64_2.0.0.202105311346/tools/bin/../lib/gcc/arm-none-eabi/9.3.1/../../../../arm-none-eabi/lib/thumb/v7e-m+fp/hard/libc_nano.a(lib_a-stdio.o)
                0x000000000800b390                __sread
 .text.__swrite
                0x000000000800b3b2       0x38 /Applications/STM32CubeIDE.app/Contents/Eclipse/plugins/com.st.stm32cube.ide.mcu.externaltools.gnu-tools-for-stm32.9-2020-q2-update.macos64_2.0.0.202105311346/tools/bin/../lib/gcc/arm-none-eabi/9.3.1/../../../../arm-none-eabi/lib/thumb/v7e-m+fp/hard/libc_nano.a(lib_a-stdio.o)
                0x000000000800b3b2                __swrite
 .text.__sseek  0x000000000800b3ea       0x24 /Applications/STM32CubeIDE.app/Contents/Eclipse/plugins/com.st.stm32cube.ide.mcu.externaltools.gnu-tools-for-stm32.9-2020-q2-update.macos64_2.0.0.202105311346/tools/bin/../lib/gcc/arm-none-eabi/9.3.1/../../../../arm-none-eabi/lib/thumb/v7e-m+fp/hard/libc_nano.a(lib_a-stdio.o)
                0x000000000800b3ea                __sseek
 .text.__sclose
                0x000000000800b40e        0x8 /Applications/STM32CubeIDE.app/Contents/Eclipse/plugins/com.st.stm32cube.ide.mcu.externaltools.gnu-tools-for-stm32.9-2020-q2-update.macos64_2.0.0.202105311346/tools/bin/../lib/gcc/arm-none-eabi/9.3.1/../../../../arm-none-eabi/lib/thumb/v7e-m+fp/hard/libc_nano.a(lib_a-stdio.o)
                0x000000000800b40e                __sclose
 *fill*         0x000000000800b416        0x2 
 .text._write_r
                0x000000000800b418       0x24 /Applications/STM32CubeIDE.app/Contents/Eclipse/plugins/com.st.stm32cube.ide.mcu.externaltools.gnu-tools-for-stm32.9-2020-q2-update.macos64_2.0.0.202105311346/tools/bin/../lib/gcc/arm-none-eabi/9.3.1/../../../../arm-none-eabi/lib/thumb/v7e-m+fp/hard/libc_nano.a(lib_a-writer.o)
                0x000000000800b418                _write_r
 .text._close_r
                0x000000000800b43c       0x20 /Applications/STM32CubeIDE.app/Contents/Eclipse/plugins/com.st.stm32cube.ide.mcu.externaltools.gnu-tools-for-stm32.9-2020-q2-update.macos64_2.0.0.202105311346/tools/bin/../lib/gcc/arm-none-eabi/9.3.1/../../../../arm-none-eabi/lib/thumb/v7e-m+fp/hard/libc_nano.a(lib_a-closer.o)
                0x000000000800b43c                _close_r
 .text._fstat_r
                0x000000000800b45c       0x24 /Applications/STM32CubeIDE.app/Contents/Eclipse/plugins/com.st.stm32cube.ide.mcu.externaltools.gnu-tools-for-stm32.9-2020-q2-update.macos64_2.0.0.202105311346/tools/bin/../lib/gcc/arm-none-eabi/9.3.1/../../../../arm-none-eabi/lib/thumb/v7e-m+fp/hard/libc_nano.a(lib_a-fstatr.o)
                0x000000000800b45c                _fstat_r
 .text._isatty_r
                0x000000000800b480       0x20 /Applications/STM32CubeIDE.app/Contents/Eclipse/plugins/com.st.stm32cube.ide.mcu.externaltools.gnu-tools-for-stm32.9-2020-q2-update.macos64_2.0.0.202105311346/tools/bin/../lib/gcc/arm-none-eabi/9.3.1/../../../../arm-none-eabi/lib/thumb/v7e-m+fp/hard/libc_nano.a(lib_a-isattyr.o)
                0x000000000800b480                _isatty_r
 .text._lseek_r
                0x000000000800b4a0       0x24 /Applications/STM32CubeIDE.app/Contents/Eclipse/plugins/com.st.stm32cube.ide.mcu.externaltools.gnu-tools-for-stm32.9-2020-q2-update.macos64_2.0.0.202105311346/tools/bin/../lib/gcc/arm-none-eabi/9.3.1/../../../../arm-none-eabi/lib/thumb/v7e-m+fp/hard/libc_nano.a(lib_a-lseekr.o)
                0x000000000800b4a0                _lseek_r
 .text._read_r  0x000000000800b4c4       0x24 /Applications/STM32CubeIDE.app/Contents/Eclipse/plugins/com.st.stm32cube.ide.mcu.externaltools.gnu-tools-for-stm32.9-2020-q2-update.macos64_2.0.0.202105311346/tools/bin/../lib/gcc/arm-none-eabi/9.3.1/../../../../arm-none-eabi/lib/thumb/v7e-m+fp/hard/libc_nano.a(lib_a-readr.o)
                0x000000000800b4c4                _read_r
 *(.glue_7)
 .glue_7        0x000000000800b4e8        0x0 linker stubs
 *(.glue_7t)
 .glue_7t       0x000000000800b4e8        0x0 linker stubs
 *(.eh_frame)
 .eh_frame      0x000000000800b4e8        0x0 /Applications/STM32CubeIDE.app/Contents/Eclipse/plugins/com.st.stm32cube.ide.mcu.externaltools.gnu-tools-for-stm32.9-2020-q2-update.macos64_2.0.0.202105311346/tools/bin/../lib/gcc/arm-none-eabi/9.3.1/thumb/v7e-m+fp/hard/crtbegin.o
 *(.init)
 .init          0x000000000800b4e8        0x4 /Applications/STM32CubeIDE.app/Contents/Eclipse/plugins/com.st.stm32cube.ide.mcu.externaltools.gnu-tools-for-stm32.9-2020-q2-update.macos64_2.0.0.202105311346/tools/bin/../lib/gcc/arm-none-eabi/9.3.1/thumb/v7e-m+fp/hard/crti.o
                0x000000000800b4e8                _init
 .init          0x000000000800b4ec        0x8 /Applications/STM32CubeIDE.app/Contents/Eclipse/plugins/com.st.stm32cube.ide.mcu.externaltools.gnu-tools-for-stm32.9-2020-q2-update.macos64_2.0.0.202105311346/tools/bin/../lib/gcc/arm-none-eabi/9.3.1/thumb/v7e-m+fp/hard/crtn.o
 *(.fini)
 .fini          0x000000000800b4f4        0x4 /Applications/STM32CubeIDE.app/Contents/Eclipse/plugins/com.st.stm32cube.ide.mcu.externaltools.gnu-tools-for-stm32.9-2020-q2-update.macos64_2.0.0.202105311346/tools/bin/../lib/gcc/arm-none-eabi/9.3.1/thumb/v7e-m+fp/hard/crti.o
                0x000000000800b4f4                _fini
 .fini          0x000000000800b4f8        0x8 /Applications/STM32CubeIDE.app/Contents/Eclipse/plugins/com.st.stm32cube.ide.mcu.externaltools.gnu-tools-for-stm32.9-2020-q2-update.macos64_2.0.0.202105311346/tools/bin/../lib/gcc/arm-none-eabi/9.3.1/thumb/v7e-m+fp/hard/crtn.o
                0x000000000800b500                . = ALIGN (0x4)
                0x000000000800b500                _etext = .

.vfp11_veneer   0x000000000800b500        0x0
 .vfp11_veneer  0x000000000800b500        0x0 linker stubs

.v4_bx          0x000000000800b500        0x0
 .v4_bx         0x000000000800b500        0x0 linker stubs

.iplt           0x000000000800b500        0x0
 .iplt          0x000000000800b500        0x0 /Applications/STM32CubeIDE.app/Contents/Eclipse/plugins/com.st.stm32cube.ide.mcu.externaltools.gnu-tools-for-stm32.9-2020-q2-update.macos64_2.0.0.202105311346/tools/bin/../lib/gcc/arm-none-eabi/9.3.1/thumb/v7e-m+fp/hard/crtbegin.o

.rodata         0x000000000800b500      0x190
                0x000000000800b500                . = ALIGN (0x4)
 *(.rodata)
 .rodata        0x000000000800b500       0x17 ./Core/Src/app.o
 *(.rodata*)
 *fill*         0x000000000800b517        0x1 
 .rodata.bump_hit_color
                0x000000000800b518        0x9 ./Core/Src/app.o
                0x000000000800b518                bump_hit_color
 *fill*         0x000000000800b521        0x3 
 .rodata.AHBPrescTable
                0x000000000800b524       0x10 ./Core/Src/system_stm32f4xx.o
                0x000000000800b524                AHBPrescTable
 .rodata.APBPrescTable
                0x000000000800b534        0x8 ./Core/Src/system_stm32f4xx.o
                0x000000000800b534                APBPrescTable
 .rodata.flagBitshiftOffset.8617
                0x000000000800b53c        0x8 ./Drivers/STM32F4xx_HAL_Driver/Src/stm32f4xx_hal_dma.o
 .rodata._global_impure_ptr
                0x000000000800b544        0x4 /Applications/STM32CubeIDE.app/Contents/Eclipse/plugins/com.st.stm32cube.ide.mcu.externaltools.gnu-tools-for-stm32.9-2020-q2-update.macos64_2.0.0.202105311346/tools/bin/../lib/gcc/arm-none-eabi/9.3.1/../../../../arm-none-eabi/lib/thumb/v7e-m+fp/hard/libc_nano.a(lib_a-impure.o)
                0x000000000800b544                _global_impure_ptr
 .rodata.srand.str1.1
                0x000000000800b548       0x76 /Applications/STM32CubeIDE.app/Contents/Eclipse/plugins/com.st.stm32cube.ide.mcu.externaltools.gnu-tools-for-stm32.9-2020-q2-update.macos64_2.0.0.202105311346/tools/bin/../lib/gcc/arm-none-eabi/9.3.1/../../../../arm-none-eabi/lib/thumb/v7e-m+fp/hard/libc_nano.a(lib_a-rand.o)
 .rodata.__assert_func.str1.1
                0x000000000800b5be       0x3c /Applications/STM32CubeIDE.app/Contents/Eclipse/plugins/com.st.stm32cube.ide.mcu.externaltools.gnu-tools-for-stm32.9-2020-q2-update.macos64_2.0.0.202105311346/tools/bin/../lib/gcc/arm-none-eabi/9.3.1/../../../../arm-none-eabi/lib/thumb/v7e-m+fp/hard/libc_nano.a(lib_a-assert.o)
                                         0x3d (size before relaxing)
 .rodata._vfprintf_r.str1.1
                0x000000000800b5fa       0x11 /Applications/STM32CubeIDE.app/Contents/Eclipse/plugins/com.st.stm32cube.ide.mcu.externaltools.gnu-tools-for-stm32.9-2020-q2-update.macos64_2.0.0.202105311346/tools/bin/../lib/gcc/arm-none-eabi/9.3.1/../../../../arm-none-eabi/lib/thumb/v7e-m+fp/hard/libc_nano.a(lib_a-nano-vfprintf.o)
 .rodata._printf_i.str1.1
                0x000000000800b60b       0x22 /Applications/STM32CubeIDE.app/Contents/Eclipse/plugins/com.st.stm32cube.ide.mcu.externaltools.gnu-tools-for-stm32.9-2020-q2-update.macos64_2.0.0.202105311346/tools/bin/../lib/gcc/arm-none-eabi/9.3.1/../../../../arm-none-eabi/lib/thumb/v7e-m+fp/hard/libc_nano.a(lib_a-nano-vfprintf_i.o)
 *fill*         0x000000000800b62d        0x3 
 .rodata.__sf_fake_stderr
                0x000000000800b630       0x20 /Applications/STM32CubeIDE.app/Contents/Eclipse/plugins/com.st.stm32cube.ide.mcu.externaltools.gnu-tools-for-stm32.9-2020-q2-update.macos64_2.0.0.202105311346/tools/bin/../lib/gcc/arm-none-eabi/9.3.1/../../../../arm-none-eabi/lib/thumb/v7e-m+fp/hard/libc_nano.a(lib_a-findfp.o)
                0x000000000800b630                __sf_fake_stderr
 .rodata.__sf_fake_stdin
                0x000000000800b650       0x20 /Applications/STM32CubeIDE.app/Contents/Eclipse/plugins/com.st.stm32cube.ide.mcu.externaltools.gnu-tools-for-stm32.9-2020-q2-update.macos64_2.0.0.202105311346/tools/bin/../lib/gcc/arm-none-eabi/9.3.1/../../../../arm-none-eabi/lib/thumb/v7e-m+fp/hard/libc_nano.a(lib_a-findfp.o)
                0x000000000800b650                __sf_fake_stdin
 .rodata.__sf_fake_stdout
                0x000000000800b670       0x20 /Applications/STM32CubeIDE.app/Contents/Eclipse/plugins/com.st.stm32cube.ide.mcu.externaltools.gnu-tools-for-stm32.9-2020-q2-update.macos64_2.0.0.202105311346/tools/bin/../lib/gcc/arm-none-eabi/9.3.1/../../../../arm-none-eabi/lib/thumb/v7e-m+fp/hard/libc_nano.a(lib_a-findfp.o)
                0x000000000800b670                __sf_fake_stdout
                0x000000000800b690                . = ALIGN (0x4)

.ARM.extab      0x000000000800b690        0x0
                0x000000000800b690                . = ALIGN (0x4)
 *(.ARM.extab* .gnu.linkonce.armextab.*)
                0x000000000800b690                . = ALIGN (0x4)

.ARM            0x000000000800b690        0x8
                0x000000000800b690                . = ALIGN (0x4)
                0x000000000800b690                __exidx_start = .
 *(.ARM.exidx*)
 .ARM.exidx     0x000000000800b690        0x8 /Applications/STM32CubeIDE.app/Contents/Eclipse/plugins/com.st.stm32cube.ide.mcu.externaltools.gnu-tools-for-stm32.9-2020-q2-update.macos64_2.0.0.202105311346/tools/bin/../lib/gcc/arm-none-eabi/9.3.1/thumb/v7e-m+fp/hard/libgcc.a(_udivmoddi4.o)
                0x000000000800b698                __exidx_end = .
                0x000000000800b698                . = ALIGN (0x4)

.rel.dyn        0x000000000800b698        0x0
 .rel.iplt      0x000000000800b698        0x0 /Applications/STM32CubeIDE.app/Contents/Eclipse/plugins/com.st.stm32cube.ide.mcu.externaltools.gnu-tools-for-stm32.9-2020-q2-update.macos64_2.0.0.202105311346/tools/bin/../lib/gcc/arm-none-eabi/9.3.1/thumb/v7e-m+fp/hard/crtbegin.o

.preinit_array  0x000000000800b698        0x0
                0x000000000800b698                . = ALIGN (0x4)
                0x000000000800b698                PROVIDE (__preinit_array_start = .)
 *(.preinit_array*)
                0x000000000800b698                PROVIDE (__preinit_array_end = .)
                0x000000000800b698                . = ALIGN (0x4)

.init_array     0x000000000800b698        0x4
                0x000000000800b698                . = ALIGN (0x4)
                0x000000000800b698                PROVIDE (__init_array_start = .)
 *(SORT_BY_NAME(.init_array.*))
 *(.init_array*)
 .init_array    0x000000000800b698        0x4 /Applications/STM32CubeIDE.app/Contents/Eclipse/plugins/com.st.stm32cube.ide.mcu.externaltools.gnu-tools-for-stm32.9-2020-q2-update.macos64_2.0.0.202105311346/tools/bin/../lib/gcc/arm-none-eabi/9.3.1/thumb/v7e-m+fp/hard/crtbegin.o
                0x000000000800b69c                PROVIDE (__init_array_end = .)
                0x000000000800b69c                . = ALIGN (0x4)

.fini_array     0x000000000800b69c        0x4
                0x000000000800b69c                . = ALIGN (0x4)
                [!provide]                        PROVIDE (__fini_array_start = .)
 *(SORT_BY_NAME(.fini_array.*))
 *(.fini_array*)
 .fini_array    0x000000000800b69c        0x4 /Applications/STM32CubeIDE.app/Contents/Eclipse/plugins/com.st.stm32cube.ide.mcu.externaltools.gnu-tools-for-stm32.9-2020-q2-update.macos64_2.0.0.202105311346/tools/bin/../lib/gcc/arm-none-eabi/9.3.1/thumb/v7e-m+fp/hard/crtbegin.o
                [!provide]                        PROVIDE (__fini_array_end = .)
                0x000000000800b6a0                . = ALIGN (0x4)
                0x000000000800b6a0                _sidata = LOADADDR (.data)

.data           0x0000000020000000       0xbc load address 0x000000000800b6a0
                0x0000000020000000                . = ALIGN (0x4)
                0x0000000020000000                _sdata = .
 *(.data)
 *(.data*)
 .data.smasta_mode
                0x0000000020000000        0x1 ./Core/Src/app.o
 *fill*         0x0000000020000001        0x3 
 .data.BlockPosition_Encoder
                0x0000000020000004        0xc ./Core/Src/app.o
 .data.Pocket.9794
                0x0000000020000010       0x14 ./Core/Src/app.o
 .data.SystemCoreClock
                0x0000000020000024        0x4 ./Core/Src/system_stm32f4xx.o
                0x0000000020000024                SystemCoreClock
 .data.Rainbow  0x0000000020000028       0x15 ./Drivers/LED/Src/LED.o
 *fill*         0x000000002000003d        0x3 
 .data.BlinkCoeff
                0x0000000020000040        0x8 ./Drivers/LED/Src/LED.o
 .data.GradationCount
                0x0000000020000048        0x4 ./Drivers/LED/Src/LED.o
 .data.had_completed
                0x000000002000004c        0x1 ./Drivers/Message/Src/message.o
 *fill*         0x000000002000004d        0x3 
 .data.uwTickPrio
                0x0000000020000050        0x4 ./Drivers/STM32F4xx_HAL_Driver/Src/stm32f4xx_hal.o
                0x0000000020000050                uwTickPrio
 .data.uwTickFreq
                0x0000000020000054        0x1 ./Drivers/STM32F4xx_HAL_Driver/Src/stm32f4xx_hal.o
                0x0000000020000054                uwTickFreq
 *fill*         0x0000000020000055        0x3 
 .data._impure_ptr
                0x0000000020000058        0x4 /Applications/STM32CubeIDE.app/Contents/Eclipse/plugins/com.st.stm32cube.ide.mcu.externaltools.gnu-tools-for-stm32.9-2020-q2-update.macos64_2.0.0.202105311346/tools/bin/../lib/gcc/arm-none-eabi/9.3.1/../../../../arm-none-eabi/lib/thumb/v7e-m+fp/hard/libc_nano.a(lib_a-impure.o)
                0x0000000020000058                _impure_ptr
 .data.impure_data
                0x000000002000005c       0x60 /Applications/STM32CubeIDE.app/Contents/Eclipse/plugins/com.st.stm32cube.ide.mcu.externaltools.gnu-tools-for-stm32.9-2020-q2-update.macos64_2.0.0.202105311346/tools/bin/../lib/gcc/arm-none-eabi/9.3.1/../../../../arm-none-eabi/lib/thumb/v7e-m+fp/hard/libc_nano.a(lib_a-impure.o)
 *(.RamFunc)
 *(.RamFunc*)
                0x00000000200000bc                . = ALIGN (0x4)
                0x00000000200000bc                _edata = .

.igot.plt       0x00000000200000bc        0x0 load address 0x000000000800b75c
 .igot.plt      0x00000000200000bc        0x0 /Applications/STM32CubeIDE.app/Contents/Eclipse/plugins/com.st.stm32cube.ide.mcu.externaltools.gnu-tools-for-stm32.9-2020-q2-update.macos64_2.0.0.202105311346/tools/bin/../lib/gcc/arm-none-eabi/9.3.1/thumb/v7e-m+fp/hard/crtbegin.o
                0x00000000200000bc                . = ALIGN (0x4)

.bss            0x00000000200000bc     0x1f98 load address 0x000000000800b75c
                0x00000000200000bc                _sbss = .
                0x00000000200000bc                __bss_start__ = _sbss
 *(.bss)
 .bss           0x00000000200000bc       0x1c /Applications/STM32CubeIDE.app/Contents/Eclipse/plugins/com.st.stm32cube.ide.mcu.externaltools.gnu-tools-for-stm32.9-2020-q2-update.macos64_2.0.0.202105311346/tools/bin/../lib/gcc/arm-none-eabi/9.3.1/thumb/v7e-m+fp/hard/crtbegin.o
 *(.bss*)
 .bss.Encoder_Count
                0x00000000200000d8        0x4 ./Core/Src/app.o
 .bss.Encoder_ResetCount
                0x00000000200000dc        0x4 ./Core/Src/app.o
 .bss.LED_Temp  0x00000000200000e0       0x96 ./Core/Src/app.o
 *fill*         0x0000000020000176        0x2 
 .bss.Recent_System_counter
                0x0000000020000178        0x4 ./Core/Src/app.o
 .bss.DeltaTime
                0x000000002000017c        0x4 ./Core/Src/app.o
 .bss._bump1_is_on
                0x0000000020000180        0x1 ./Core/Src/app.o
 .bss._bump2_is_on
                0x0000000020000181        0x1 ./Core/Src/app.o
 .bss._bump1_wait_off
                0x0000000020000182        0x1 ./Core/Src/app.o
 .bss._bump2_wait_off
                0x0000000020000183        0x1 ./Core/Src/app.o
 .bss._bumper_enable
                0x0000000020000184        0x1 ./Core/Src/app.o
 .bss._bump1_on_once
                0x0000000020000185        0x1 ./Core/Src/app.o
 .bss._bump2_on_once
                0x0000000020000186        0x1 ./Core/Src/app.o
 *fill*         0x0000000020000187        0x1 
 .bss.bump1_hit_count
                0x0000000020000188        0x4 ./Core/Src/app.o
 .bss.bump2_hit_count
                0x000000002000018c        0x4 ./Core/Src/app.o
 .bss.bump_hitreset_time
                0x0000000020000190        0x4 ./Core/Src/app.o
 .bss.bump_gocroon_time
                0x0000000020000194        0x4 ./Core/Src/app.o
 .bss.staykicker_time
                0x0000000020000198        0x4 ./Core/Src/app.o
 .bss._is_SMASTA_Game
                0x000000002000019c        0x1 ./Core/Src/app.o
 *fill*         0x000000002000019d        0x3 
 .bss.croon_direction
                0x00000000200001a0        0x4 ./Core/Src/app.o
 .bss.caseTime  0x00000000200001a4        0x4 ./Core/Src/app.o
 .bss._userbutton_ena.9790
                0x00000000200001a8        0x1 ./Core/Src/app.o
 *fill*         0x00000000200001a9        0x3 
 .bss.ball_detect_num.9791
                0x00000000200001ac        0x4 ./Core/Src/app.o
 .bss.croon_target.9792
                0x00000000200001b0        0x4 ./Core/Src/app.o
 .bss.target_diff.9793
                0x00000000200001b4        0x4 ./Core/Src/app.o
 .bss.recent_enc_state.9886
                0x00000000200001b8        0x4 ./Core/Src/app.o
 .bss.enc_change_count.9884
                0x00000000200001bc        0x4 ./Core/Src/app.o
 .bss.recent_home_state.9887
                0x00000000200001c0        0x4 ./Core/Src/app.o
 .bss.home_change_count.9885
                0x00000000200001c4        0x4 ./Core/Src/app.o
 .bss.reset.9888
                0x00000000200001c8        0x1 ./Core/Src/app.o
 *fill*         0x00000000200001c9        0x3 
 .bss.G_System_counter
                0x00000000200001cc        0x4 ./Core/Src/main.o
                0x00000000200001cc                G_System_counter
 .bss.__sbrk_heap_end
                0x00000000200001d0        0x4 ./Core/Src/sysmem.o
 .bss._dataSent
                0x00000000200001d4        0x1 ./Drivers/LED/Src/LED.o
                0x00000000200001d4                _dataSent
 *fill*         0x00000000200001d5        0x3 
 .bss.pwmData   0x00000000200001d8     0x1388 ./Drivers/LED/Src/LED.o
 .bss.Yellow_Random
                0x0000000020001560       0x32 ./Drivers/LED/Src/LED.o
 *fill*         0x0000000020001592        0x2 
 .bss.YellowRandom_num
                0x0000000020001594        0x4 ./Drivers/LED/Src/LED.o
 .bss.LED_Temp_Rainbow
                0x0000000020001598       0x96 ./Drivers/LED/Src/LED.o
 *fill*         0x000000002000162e        0x2 
 .bss.RainbowCount
                0x0000000020001630        0x4 ./Drivers/LED/Src/LED.o
 .bss.GradationTime
                0x0000000020001634        0x4 ./Drivers/LED/Src/LED.o
 .bss.GradationFadeCount
                0x0000000020001638        0x4 ./Drivers/LED/Src/LED.o
 .bss.BlinkTime.9275
                0x000000002000163c        0x4 ./Drivers/LED/Src/LED.o
 .bss.RainbowTime.9286
                0x0000000020001640        0x4 ./Drivers/LED/Src/LED.o
 .bss.YellowRandomTime.9324
                0x0000000020001644        0x4 ./Drivers/LED/Src/LED.o
 .bss.buff      0x0000000020001648      0x400 ./Drivers/Message/Src/message.o
 .bss.__malloc_free_list
                0x0000000020001a48        0x4 /Applications/STM32CubeIDE.app/Contents/Eclipse/plugins/com.st.stm32cube.ide.mcu.externaltools.gnu-tools-for-stm32.9-2020-q2-update.macos64_2.0.0.202105311346/tools/bin/../lib/gcc/arm-none-eabi/9.3.1/../../../../arm-none-eabi/lib/thumb/v7e-m+fp/hard/libc_nano.a(lib_a-nano-mallocr.o)
                0x0000000020001a48                __malloc_free_list
 .bss.__malloc_sbrk_start
                0x0000000020001a4c        0x4 /Applications/STM32CubeIDE.app/Contents/Eclipse/plugins/com.st.stm32cube.ide.mcu.externaltools.gnu-tools-for-stm32.9-2020-q2-update.macos64_2.0.0.202105311346/tools/bin/../lib/gcc/arm-none-eabi/9.3.1/../../../../arm-none-eabi/lib/thumb/v7e-m+fp/hard/libc_nano.a(lib_a-nano-mallocr.o)
                0x0000000020001a4c                __malloc_sbrk_start
 *(COMMON)
 COMMON         0x0000000020001a50      0x454 ./Core/Src/main.o
                0x0000000020001a50                hdma_tim1_ch1
                0x0000000020001ab0                hdma_usart2_rx
                0x0000000020001b10                hdma_i2c1_tx
                0x0000000020001b70                hi2c1
                0x0000000020001bc4                htim3
                0x0000000020001c0c                hdma_usart1_tx
                0x0000000020001c6c                hdma_usart1_rx
                0x0000000020001ccc                hdma_usart2_tx
                0x0000000020001d2c                huart1
                0x0000000020001d70                htim1
                0x0000000020001db8                hdma_i2c1_rx
                0x0000000020001e18                htim2
                0x0000000020001e60                huart2
 COMMON         0x0000000020001ea4      0x190 ./Drivers/LED/Src/LED.o
                0x0000000020001ea4                LED_Data
                0x0000000020001f6c                D_LED_Temp
 COMMON         0x0000000020002034        0xc ./Drivers/Message/Src/xprintf.o
                0x0000000020002034                xfunc_in
                0x0000000020002038                xfunc_out
                0x000000002000203c                outptr
 COMMON         0x0000000020002040        0x4 ./Drivers/STM32F4xx_HAL_Driver/Src/stm32f4xx_hal.o
                0x0000000020002040                uwTick
 COMMON         0x0000000020002044        0x9 /Applications/STM32CubeIDE.app/Contents/Eclipse/plugins/com.st.stm32cube.ide.mcu.externaltools.gnu-tools-for-stm32.9-2020-q2-update.macos64_2.0.0.202105311346/tools/bin/../lib/gcc/arm-none-eabi/9.3.1/../../../../arm-none-eabi/lib/thumb/v7e-m+fp/hard/libc_nano.a(lib_a-lock.o)
                0x0000000020002044                __lock___atexit_recursive_mutex
                0x0000000020002045                __lock___arc4random_mutex
                0x0000000020002046                __lock___env_recursive_mutex
                0x0000000020002047                __lock___sinit_recursive_mutex
                0x0000000020002048                __lock___malloc_recursive_mutex
                0x0000000020002049                __lock___at_quick_exit_mutex
                0x000000002000204a                __lock___dd_hash_mutex
                0x000000002000204b                __lock___tz_mutex
                0x000000002000204c                __lock___sfp_recursive_mutex
 *fill*         0x000000002000204d        0x3 
 COMMON         0x0000000020002050        0x4 /Applications/STM32CubeIDE.app/Contents/Eclipse/plugins/com.st.stm32cube.ide.mcu.externaltools.gnu-tools-for-stm32.9-2020-q2-update.macos64_2.0.0.202105311346/tools/bin/../lib/gcc/arm-none-eabi/9.3.1/../../../../arm-none-eabi/lib/thumb/v7e-m+fp/hard/libc_nano.a(lib_a-reent.o)
                0x0000000020002050                errno
                0x0000000020002054                . = ALIGN (0x4)
                0x0000000020002054                _ebss = .
                0x0000000020002054                __bss_end__ = _ebss

._user_heap_stack
                0x0000000020002054      0x604 load address 0x000000000800b75c
                0x0000000020002058                . = ALIGN (0x8)
 *fill*         0x0000000020002054        0x4 
                [!provide]                        PROVIDE (end = .)
                0x0000000020002058                PROVIDE (_end = .)
                0x0000000020002258                . = (. + _Min_Heap_Size)
 *fill*         0x0000000020002058      0x200 
                0x0000000020002658                . = (. + _Min_Stack_Size)
 *fill*         0x0000000020002258      0x400 
                0x0000000020002658                . = ALIGN (0x8)

/DISCARD/
 libc.a(*)
 libm.a(*)
 libgcc.a(*)

.ARM.attributes
                0x0000000000000000       0x30
 *(.ARM.attributes)
 .ARM.attributes
                0x0000000000000000       0x1e /Applications/STM32CubeIDE.app/Contents/Eclipse/plugins/com.st.stm32cube.ide.mcu.externaltools.gnu-tools-for-stm32.9-2020-q2-update.macos64_2.0.0.202105311346/tools/bin/../lib/gcc/arm-none-eabi/9.3.1/thumb/v7e-m+fp/hard/crti.o
 .ARM.attributes
                0x000000000000001e       0x34 /Applications/STM32CubeIDE.app/Contents/Eclipse/plugins/com.st.stm32cube.ide.mcu.externaltools.gnu-tools-for-stm32.9-2020-q2-update.macos64_2.0.0.202105311346/tools/bin/../lib/gcc/arm-none-eabi/9.3.1/thumb/v7e-m+fp/hard/crtbegin.o
 .ARM.attributes
                0x0000000000000052       0x34 ./Core/Src/app.o
 .ARM.attributes
                0x0000000000000086       0x34 ./Core/Src/main.o
 .ARM.attributes
                0x00000000000000ba       0x34 ./Core/Src/stm32f4xx_hal_msp.o
 .ARM.attributes
                0x00000000000000ee       0x34 ./Core/Src/stm32f4xx_it.o
 .ARM.attributes
                0x0000000000000122       0x34 ./Core/Src/syscalls.o
 .ARM.attributes
                0x0000000000000156       0x34 ./Core/Src/sysmem.o
 .ARM.attributes
                0x000000000000018a       0x34 ./Core/Src/system_stm32f4xx.o
 .ARM.attributes
                0x00000000000001be       0x21 ./Core/Startup/startup_stm32f446retx.o
 .ARM.attributes
                0x00000000000001df       0x34 ./Drivers/GPIO/Src/GPIO.o
 .ARM.attributes
                0x0000000000000213       0x34 ./Drivers/LED/Src/LED.o
 .ARM.attributes
                0x0000000000000247       0x34 ./Drivers/Message/Src/message.o
 .ARM.attributes
                0x000000000000027b       0x34 ./Drivers/Message/Src/xprintf.o
 .ARM.attributes
                0x00000000000002af       0x34 ./Drivers/PWM/Src/pwm.o
 .ARM.attributes
                0x00000000000002e3       0x34 ./Drivers/STM32F4xx_HAL_Driver/Src/stm32f4xx_hal.o
 .ARM.attributes
                0x0000000000000317       0x34 ./Drivers/STM32F4xx_HAL_Driver/Src/stm32f4xx_hal_cortex.o
 .ARM.attributes
                0x000000000000034b       0x34 ./Drivers/STM32F4xx_HAL_Driver/Src/stm32f4xx_hal_dma.o
 .ARM.attributes
                0x000000000000037f       0x34 ./Drivers/STM32F4xx_HAL_Driver/Src/stm32f4xx_hal_gpio.o
 .ARM.attributes
                0x00000000000003b3       0x34 ./Drivers/STM32F4xx_HAL_Driver/Src/stm32f4xx_hal_i2c.o
 .ARM.attributes
                0x00000000000003e7       0x34 ./Drivers/STM32F4xx_HAL_Driver/Src/stm32f4xx_hal_rcc.o
 .ARM.attributes
                0x000000000000041b       0x34 ./Drivers/STM32F4xx_HAL_Driver/Src/stm32f4xx_hal_rcc_ex.o
 .ARM.attributes
                0x000000000000044f       0x34 ./Drivers/STM32F4xx_HAL_Driver/Src/stm32f4xx_hal_tim.o
 .ARM.attributes
                0x0000000000000483       0x34 ./Drivers/STM32F4xx_HAL_Driver/Src/stm32f4xx_hal_tim_ex.o
 .ARM.attributes
                0x00000000000004b7       0x34 ./Drivers/STM32F4xx_HAL_Driver/Src/stm32f4xx_hal_uart.o
 .ARM.attributes
                0x00000000000004eb       0x34 /Applications/STM32CubeIDE.app/Contents/Eclipse/plugins/com.st.stm32cube.ide.mcu.externaltools.gnu-tools-for-stm32.9-2020-q2-update.macos64_2.0.0.202105311346/tools/bin/../lib/gcc/arm-none-eabi/9.3.1/../../../../arm-none-eabi/lib/thumb/v7e-m+fp/hard/libc_nano.a(lib_a-errno.o)
 .ARM.attributes
                0x000000000000051f       0x32 /Applications/STM32CubeIDE.app/Contents/Eclipse/plugins/com.st.stm32cube.ide.mcu.externaltools.gnu-tools-for-stm32.9-2020-q2-update.macos64_2.0.0.202105311346/tools/bin/../lib/gcc/arm-none-eabi/9.3.1/../../../../arm-none-eabi/lib/thumb/v7e-m+fp/hard/libc_nano.a(lib_a-impure.o)
 .ARM.attributes
                0x0000000000000551       0x34 /Applications/STM32CubeIDE.app/Contents/Eclipse/plugins/com.st.stm32cube.ide.mcu.externaltools.gnu-tools-for-stm32.9-2020-q2-update.macos64_2.0.0.202105311346/tools/bin/../lib/gcc/arm-none-eabi/9.3.1/../../../../arm-none-eabi/lib/thumb/v7e-m+fp/hard/libc_nano.a(lib_a-init.o)
 .ARM.attributes
                0x0000000000000585       0x34 /Applications/STM32CubeIDE.app/Contents/Eclipse/plugins/com.st.stm32cube.ide.mcu.externaltools.gnu-tools-for-stm32.9-2020-q2-update.macos64_2.0.0.202105311346/tools/bin/../lib/gcc/arm-none-eabi/9.3.1/../../../../arm-none-eabi/lib/thumb/v7e-m+fp/hard/libc_nano.a(lib_a-memset.o)
 .ARM.attributes
                0x00000000000005b9       0x34 /Applications/STM32CubeIDE.app/Contents/Eclipse/plugins/com.st.stm32cube.ide.mcu.externaltools.gnu-tools-for-stm32.9-2020-q2-update.macos64_2.0.0.202105311346/tools/bin/../lib/gcc/arm-none-eabi/9.3.1/../../../../arm-none-eabi/lib/thumb/v7e-m+fp/hard/libc_nano.a(lib_a-rand.o)
 .ARM.attributes
                0x00000000000005ed       0x34 /Applications/STM32CubeIDE.app/Contents/Eclipse/plugins/com.st.stm32cube.ide.mcu.externaltools.gnu-tools-for-stm32.9-2020-q2-update.macos64_2.0.0.202105311346/tools/bin/../lib/gcc/arm-none-eabi/9.3.1/../../../../arm-none-eabi/lib/thumb/v7e-m+fp/hard/libc_nano.a(lib_a-assert.o)
 .ARM.attributes