Archive member included to satisfy reference by file (symbol)

/Applications/STM32CubeIDE.app/Contents/Eclipse/plugins/com.st.stm32cube.ide.mcu.externaltools.gnu-tools-for-stm32.9-2020-q2-update.macos64_2.0.0.202105311346/tools/bin/../lib/gcc/arm-none-eabi/9.3.1/../../../../arm-none-eabi/lib/thumb/v7e-m+fp/hard/libc_nano.a(lib_a-errno.o)
                              ./Core/Src/syscalls.o (__errno)
/Applications/STM32CubeIDE.app/Contents/Eclipse/plugins/com.st.stm32cube.ide.mcu.externaltools.gnu-tools-for-stm32.9-2020-q2-update.macos64_2.0.0.202105311346/tools/bin/../lib/gcc/arm-none-eabi/9.3.1/../../../../arm-none-eabi/lib/thumb/v7e-m+fp/hard/libc_nano.a(lib_a-exit.o)
                              /Applications/STM32CubeIDE.app/Contents/Eclipse/plugins/com.st.stm32cube.ide.mcu.externaltools.gnu-tools-for-stm32.9-2020-q2-update.macos64_2.0.0.202105311346/tools/bin/../lib/gcc/arm-none-eabi/9.3.1/../../../../arm-none-eabi/lib/thumb/v7e-m+fp/hard/crt0.o (exit)
/Applications/STM32CubeIDE.app/Contents/Eclipse/plugins/com.st.stm32cube.ide.mcu.externaltools.gnu-tools-for-stm32.9-2020-q2-update.macos64_2.0.0.202105311346/tools/bin/../lib/gcc/arm-none-eabi/9.3.1/../../../../arm-none-eabi/lib/thumb/v7e-m+fp/hard/libc_nano.a(lib_a-impure.o)
                              /Applications/STM32CubeIDE.app/Contents/Eclipse/plugins/com.st.stm32cube.ide.mcu.externaltools.gnu-tools-for-stm32.9-2020-q2-update.macos64_2.0.0.202105311346/tools/bin/../lib/gcc/arm-none-eabi/9.3.1/../../../../arm-none-eabi/lib/thumb/v7e-m+fp/hard/libc_nano.a(lib_a-exit.o) (_global_impure_ptr)
/Applications/STM32CubeIDE.app/Contents/Eclipse/plugins/com.st.stm32cube.ide.mcu.externaltools.gnu-tools-for-stm32.9-2020-q2-update.macos64_2.0.0.202105311346/tools/bin/../lib/gcc/arm-none-eabi/9.3.1/../../../../arm-none-eabi/lib/thumb/v7e-m+fp/hard/libc_nano.a(lib_a-init.o)
                              /Applications/STM32CubeIDE.app/Contents/Eclipse/plugins/com.st.stm32cube.ide.mcu.externaltools.gnu-tools-for-stm32.9-2020-q2-update.macos64_2.0.0.202105311346/tools/bin/../lib/gcc/arm-none-eabi/9.3.1/../../../../arm-none-eabi/lib/thumb/v7e-m+fp/hard/crt0.o (__libc_init_array)
/Applications/STM32CubeIDE.app/Contents/Eclipse/plugins/com.st.stm32cube.ide.mcu.externaltools.gnu-tools-for-stm32.9-2020-q2-update.macos64_2.0.0.202105311346/tools/bin/../lib/gcc/arm-none-eabi/9.3.1/../../../../arm-none-eabi/lib/thumb/v7e-m+fp/hard/libc_nano.a(lib_a-memset.o)
                              /Applications/STM32CubeIDE.app/Contents/Eclipse/plugins/com.st.stm32cube.ide.mcu.externaltools.gnu-tools-for-stm32.9-2020-q2-update.macos64_2.0.0.202105311346/tools/bin/../lib/gcc/arm-none-eabi/9.3.1/../../../../arm-none-eabi/lib/thumb/v7e-m+fp/hard/crt0.o (memset)
/Applications/STM32CubeIDE.app/Contents/Eclipse/plugins/com.st.stm32cube.ide.mcu.externaltools.gnu-tools-for-stm32.9-2020-q2-update.macos64_2.0.0.202105311346/tools/bin/../lib/gcc/arm-none-eabi/9.3.1/thumb/v7e-m+fp/hard/libgcc.a(_aeabi_uldivmod.o)
                              ./Drivers/STM32F4xx_HAL_Driver/Src/stm32f4xx_hal_rcc.o (__aeabi_uldivmod)
/Applications/STM32CubeIDE.app/Contents/Eclipse/plugins/com.st.stm32cube.ide.mcu.externaltools.gnu-tools-for-stm32.9-2020-q2-update.macos64_2.0.0.202105311346/tools/bin/../lib/gcc/arm-none-eabi/9.3.1/thumb/v7e-m+fp/hard/libgcc.a(_udivmoddi4.o)
                              /Applications/STM32CubeIDE.app/Contents/Eclipse/plugins/com.st.stm32cube.ide.mcu.externaltools.gnu-tools-for-stm32.9-2020-q2-update.macos64_2.0.0.202105311346/tools/bin/../lib/gcc/arm-none-eabi/9.3.1/thumb/v7e-m+fp/hard/libgcc.a(_aeabi_uldivmod.o) (__udivmoddi4)
/Applications/STM32CubeIDE.app/Contents/Eclipse/plugins/com.st.stm32cube.ide.mcu.externaltools.gnu-tools-for-stm32.9-2020-q2-update.macos64_2.0.0.202105311346/tools/bin/../lib/gcc/arm-none-eabi/9.3.1/thumb/v7e-m+fp/hard/libgcc.a(_dvmd_tls.o)
                              /Applications/STM32CubeIDE.app/Contents/Eclipse/plugins/com.st.stm32cube.ide.mcu.externaltools.gnu-tools-for-stm32.9-2020-q2-update.macos64_2.0.0.202105311346/tools/bin/../lib/gcc/arm-none-eabi/9.3.1/thumb/v7e-m+fp/hard/libgcc.a(_aeabi_uldivmod.o) (__aeabi_ldiv0)

Allocating common symbols
Common symbol       size              file

hdma_tim1_ch1       0x60              ./Core/Src/main.o
hdma_usart2_rx      0x60              ./Core/Src/main.o
xfunc_in            0x4               ./Drivers/Message/Src/xprintf.o
LED_Data            0xc8              ./Drivers/LED/Src/LED.o
hdma_i2c1_tx        0x60              ./Core/Src/main.o
LED_Temp            0xc8              ./Drivers/LED/Src/LED.o
hi2c1               0x54              ./Core/Src/main.o
xfunc_out           0x4               ./Drivers/Message/Src/xprintf.o
uwTick              0x4               ./Drivers/STM32F4xx_HAL_Driver/Src/stm32f4xx_hal.o
pFlash              0x20              ./Drivers/STM32F4xx_HAL_Driver/Src/stm32f4xx_hal_flash.o
htim3               0x48              ./Core/Src/main.o
[...]
Memory Configuration

Name             Origin             Length             Attributes
RAM              0x0000000020000000 0x0000000000020000 xrw
FLASH            0x0000000008000000 0x0000000000080000 xr
*default*        0x0000000000000000 0xffffffffffffffff

Linker script and memory map

LOAD /Applications/STM32CubeIDE.app/Contents/Eclipse/plugins/com.st.stm32cube.ide.mcu.externaltools.gnu-tools-for-stm32.9-2020-q2-update.macos64_2.0.0.202105311346/tools/bin/../lib/gcc/arm-none-eabi/9.3.1/thumb/v7e-m+fp/hard/crti.o
LOAD /Applications/STM32CubeIDE.app/Contents/Eclipse/plugins/com.st.stm32cube.ide.mcu.externaltools.gnu-tools-for-stm32.9-2020-q2-update.macos64_2.0.0.202105311346/tools/bin/../lib/gcc/arm-none-eabi/9.3.1/thumb/v7e-m+fp/hard/crtbegin.o
LOAD /Applications/STM32CubeIDE.app/Contents/Eclipse/plugins/com.st.stm32cube.ide.mcu.externaltools.gnu-tools-for-stm32.9-2020-q2-update.macos64_2.0.0.202105311346/tools/bin/../lib/gcc/arm-none-eabi/9.3.1/../../../../arm-none-eabi/lib/thumb/v7e-m+fp/hard/crt0.o
LOAD ./Core/Src/app.o
LOAD ./Core/Src/main.o
LOAD ./Core/Src/stm32f4xx_hal_msp.o
LOAD ./Core/Src/stm32f4xx_it.o
LOAD ./Core/Src/syscalls.o
LOAD ./Core/Src/sysmem.o
LOAD ./Core/Src/system_stm32f4xx.o
LOAD ./Core/Startup/startup_stm32f446retx.o
LOAD ./Drivers/GPIO/Src/GPIO.o
LOAD ./Drivers/LED/Src/LED.o
LOAD ./Drivers/Message/Src/message.o
LOAD ./Drivers/Message/Src/xprintf.o
LOAD ./Drivers/PWM/Src/pwm.o
LOAD ./Drivers/STM32F4xx_HAL_Driver/Src/stm32f4xx_hal.o
LOAD ./Drivers/STM32F4xx_HAL_Driver/Src/stm32f4xx_hal_cortex.o
LOAD ./Drivers/STM32F4xx_HAL_Driver/Src/stm32f4xx_hal_dma.o
LOAD ./Drivers/STM32F4xx_HAL_Driver/Src/stm32f4xx_hal_dma_ex.o
LOAD ./Drivers/STM32F4xx_HAL_Driver/Src/stm32f4xx_hal_exti.o
LOAD ./Drivers/STM32F4xx_HAL_Driver/Src/stm32f4xx_hal_flash.o
LOAD ./Drivers/STM32F4xx_HAL_Driver/Src/stm32f4xx_hal_flash_ex.o
LOAD ./Drivers/STM32F4xx_HAL_Driver/Src/stm32f4xx_hal_flash_ramfunc.o
LOAD ./Drivers/STM32F4xx_HAL_Driver/Src/stm32f4xx_hal_gpio.o
LOAD ./Drivers/STM32F4xx_HAL_Driver/Src/stm32f4xx_hal_i2c.o
LOAD ./Drivers/STM32F4xx_HAL_Driver/Src/stm32f4xx_hal_i2c_ex.o
LOAD ./Drivers/STM32F4xx_HAL_Driver/Src/stm32f4xx_hal_pwr.o
LOAD ./Drivers/STM32F4xx_HAL_Driver/Src/stm32f4xx_hal_pwr_ex.o
LOAD ./Drivers/STM32F4xx_HAL_Driver/Src/stm32f4xx_hal_rcc.o
LOAD ./Drivers/STM32F4xx_HAL_Driver/Src/stm32f4xx_hal_rcc_ex.o
LOAD ./Drivers/STM32F4xx_HAL_Driver/Src/stm32f4xx_hal_tim.o
LOAD ./Drivers/STM32F4xx_HAL_Driver/Src/stm32f4xx_hal_tim_ex.o
LOAD ./Drivers/STM32F4xx_HAL_Driver/Src/stm32f4xx_hal_uart.o
START GROUP
LOAD /Applications/STM32CubeIDE.app/Contents/Eclipse/plugins/com.st.stm32cube.ide.mcu.externaltools.gnu-tools-for-stm32.9-2020-q2-update.macos64_2.0.0.202105311346/tools/bin/../lib/gcc/arm-none-eabi/9.3.1/../../../../arm-none-eabi/lib/thumb/v7e-m+fp/hard/libc_nano.a
LOAD /Applications/STM32CubeIDE.app/Contents/Eclipse/plugins/com.st.stm32cube.ide.mcu.externaltools.gnu-tools-for-stm32.9-2020-q2-update.macos64_2.0.0.202105311346/tools/bin/../lib/gcc/arm-none-eabi/9.3.1/../../../../arm-none-eabi/lib/thumb/v7e-m+fp/hard/libm.a
END GROUP
START GROUP
LOAD /Applications/STM32CubeIDE.app/Contents/Eclipse/plugins/com.st.stm32cube.ide.mcu.externaltools.gnu-tools-for-stm32.9-2020-q2-update.macos64_2.0.0.202105311346/tools/bin/../lib/gcc/arm-none-eabi/9.3.1/thumb/v7e-m+fp/hard/libgcc.a
LOAD /Applications/STM32CubeIDE.app/Contents/Eclipse/plugins/com.st.stm32cube.ide.mcu.externaltools.gnu-tools-for-stm32.9-2020-q2-update.macos64_2.0.0.202105311346/tools/bin/../lib/gcc/arm-none-eabi/9.3.1/../../../../arm-none-eabi/lib/thumb/v7e-m+fp/hard/libc_nano.a
END GROUP
START GROUP
LOAD /Applications/STM32CubeIDE.app/Contents/Eclipse/plugins/com.st.stm32cube.ide.mcu.externaltools.gnu-tools-for-stm32.9-2020-q2-update.macos64_2.0.0.202105311346/tools/bin/../lib/gcc/arm-none-eabi/9.3.1/thumb/v7e-m+fp/hard/libgcc.a
LOAD /Applications/STM32CubeIDE.app/Contents/Eclipse/plugins/com.st.stm32cube.ide.mcu.externaltools.gnu-tools-for-stm32.9-2020-q2-update.macos64_2.0.0.202105311346/tools/bin/../lib/gcc/arm-none-eabi/9.3.1/../../../../arm-none-eabi/lib/thumb/v7e-m+fp/hard/libc_nano.a
LOAD /Applications/STM32CubeIDE.app/Contents/Eclipse/plugins/com.st.stm32cube.ide.mcu.externaltools.gnu-tools-for-stm32.9-2020-q2-update.macos64_2.0.0.202105311346/tools/bin/../lib/gcc/arm-none-eabi/9.3.1/../../../../arm-none-eabi/lib/thumb/v7e-m+fp/hard/libnosys.a
END GROUP
START GROUP
LOAD /Applications/STM32CubeIDE.app/Contents/Eclipse/plugins/com.st.stm32cube.ide.mcu.externaltools.gnu-tools-for-stm32.9-2020-q2-update.macos64_2.0.0.202105311346/tools/bin/../lib/gcc/arm-none-eabi/9.3.1/thumb/v7e-m+fp/hard/libgcc.a
LOAD /Applications/STM32CubeIDE.app/Contents/Eclipse/plugins/com.st.stm32cube.ide.mcu.externaltools.gnu-tools-for-stm32.9-2020-q2-update.macos64_2.0.0.202105311346/tools/bin/../lib/gcc/arm-none-eabi/9.3.1/../../../../arm-none-eabi/lib/thumb/v7e-m+fp/hard/libc_nano.a
LOAD /Applications/STM32CubeIDE.app/Contents/Eclipse/plugins/com.st.stm32cube.ide.mcu.externaltools.gnu-tools-for-stm32.9-2020-q2-update.macos64_2.0.0.202105311346/tools/bin/../lib/gcc/arm-none-eabi/9.3.1/../../../../arm-none-eabi/lib/thumb/v7e-m+fp/hard/libnosys.a
END GROUP
LOAD /Applications/STM32CubeIDE.app/Contents/Eclipse/plugins/com.st.stm32cube.ide.mcu.externaltools.gnu-tools-for-stm32.9-2020-q2-update.macos64_2.0.0.202105311346/tools/bin/../lib/gcc/arm-none-eabi/9.3.1/thumb/v7e-m+fp/hard/crtend.o
LOAD /Applications/STM32CubeIDE.app/Contents/Eclipse/plugins/com.st.stm32cube.ide.mcu.externaltools.gnu-tools-for-stm32.9-2020-q2-update.macos64_2.0.0.202105311346/tools/bin/../lib/gcc/arm-none-eabi/9.3.1/thumb/v7e-m+fp/hard/crtn.o
                0x0000000020020000                _estack = (ORIGIN (RAM) + LENGTH (RAM))
                0x0000000000000200                _Min_Heap_Size = 0x200
                0x0000000000000400                _Min_Stack_Size = 0x400

.isr_vector     0x0000000008000000      0x1c4
                0x0000000008000000                . = ALIGN (0x4)
 *(.isr_vector)
 .isr_vector    0x0000000008000000      0x1c4 ./Core/Startup/startup_stm32f446retx.o
                0x0000000008000000                g_pfnVectors
                0x00000000080001c4                . = ALIGN (0x4)

.text           0x00000000080001c4     0x7588
                0x00000000080001c4                . = ALIGN (0x4)
 *(.text)
 .text          0x00000000080001c4       0x40 /Applications/STM32CubeIDE.app/Contents/Eclipse/plugins/com.st.stm32cube.ide.mcu.externaltools.gnu-tools-for-stm32.9-2020-q2-update.macos64_2.0.0.202105311346/tools/bin/../lib/gcc/arm-none-eabi/9.3.1/thumb/v7e-m+fp/hard/crtbegin.o
 .text          0x0000000008000204       0x30 /Applications/STM32CubeIDE.app/Contents/Eclipse/plugins/com.st.stm32cube.ide.mcu.externaltools.gnu-tools-for-stm32.9-2020-q2-update.macos64_2.0.0.202105311346/tools/bin/../lib/gcc/arm-none-eabi/9.3.1/thumb/v7e-m+fp/hard/libgcc.a(_aeabi_uldivmod.o)
                0x0000000008000204                __aeabi_uldivmod
 .text          0x0000000008000234      0x2c4 /Applications/STM32CubeIDE.app/Contents/Eclipse/plugins/com.st.stm32cube.ide.mcu.externaltools.gnu-tools-for-stm32.9-2020-q2-update.macos64_2.0.0.202105311346/tools/bin/../lib/gcc/arm-none-eabi/9.3.1/thumb/v7e-m+fp/hard/libgcc.a(_udivmoddi4.o)
                0x0000000008000234                __udivmoddi4
 .text          0x00000000080004f8        0x4 /Applications/STM32CubeIDE.app/Contents/Eclipse/plugins/com.st.stm32cube.ide.mcu.externaltools.gnu-tools-for-stm32.9-2020-q2-update.macos64_2.0.0.202105311346/tools/bin/../lib/gcc/arm-none-eabi/9.3.1/thumb/v7e-m+fp/hard/libgcc.a(_dvmd_tls.o)
                0x00000000080004f8                __aeabi_ldiv0
                0x00000000080004f8                __aeabi_idiv0
 *(.text*)
 .text.appInit  0x00000000080004fc       0x10 ./Core/Src/app.o
                0x00000000080004fc                appInit
 .text.appTask  0x000000000800050c      0x188 ./Core/Src/app.o
                0x000000000800050c                appTask
 .text.Encoder_Process
                0x0000000008000694       0xfc ./Core/Src/app.o
 .text.main     0x0000000008000790       0x48 ./Core/Src/main.o
                0x0000000008000790                main
 .text.SystemClock_Config
                0x00000000080007d8       0xd8 ./Core/Src/main.o
                0x00000000080007d8                SystemClock_Config
 .text.MX_I2C1_Init
                0x00000000080008b0       0x5c ./Core/Src/main.o
 .text.MX_TIM1_Init
                0x000000000800090c      0x140 ./Core/Src/main.o
 .text.MX_TIM3_Init
                0x0000000008000a4c      0x130 ./Core/Src/main.o
 .text.MX_USART1_UART_Init
                0x0000000008000b7c       0x54 ./Core/Src/main.o
 .text.MX_USART2_UART_Init
                0x0000000008000bd0       0x54 ./Core/Src/main.o
 .text.MX_DMA_Init
                0x0000000008000c24       0xbc ./Core/Src/main.o
 .text.MX_GPIO_Init
                0x0000000008000ce0       0xf8 ./Core/Src/main.o
 .text.HAL_UART_TxCpltCallback
                0x0000000008000dd8       0x24 ./Core/Src/main.o
                0x0000000008000dd8                HAL_UART_TxCpltCallback
 .text.HAL_TIM_PWM_PulseFinishedCallback
                0x0000000008000dfc       0x14 ./Core/Src/main.o
                0x0000000008000dfc                HAL_TIM_PWM_PulseFinishedCallback
 .text.Error_Handler
                0x0000000008000e10        0xa ./Core/Src/main.o
                0x0000000008000e10                Error_Handler
 *fill*         0x0000000008000e1a        0x2 
 .text.HAL_MspInit
                0x0000000008000e1c       0x50 ./Core/Src/stm32f4xx_hal_msp.o
                0x0000000008000e1c                HAL_MspInit
 .text.HAL_I2C_MspInit
                0x0000000008000e6c      0x17c ./Core/Src/stm32f4xx_hal_msp.o
                0x0000000008000e6c                HAL_I2C_MspInit
 .text.HAL_TIM_Base_MspInit
                0x0000000008000fe8       0xd4 ./Core/Src/stm32f4xx_hal_msp.o
                0x0000000008000fe8                HAL_TIM_Base_MspInit
 .text.HAL_TIM_MspPostInit
                0x00000000080010bc      0x100 ./Core/Src/stm32f4xx_hal_msp.o
                0x00000000080010bc                HAL_TIM_MspPostInit
 .text.HAL_UART_MspInit
                0x00000000080011bc      0x2ac ./Core/Src/stm32f4xx_hal_msp.o
                0x00000000080011bc                HAL_UART_MspInit
 .text.NMI_Handler
                0x0000000008001468        0x6 ./Core/Src/stm32f4xx_it.o
                0x0000000008001468                NMI_Handler
 .text.HardFault_Handler
                0x000000000800146e        0x6 ./Core/Src/stm32f4xx_it.o
                0x000000000800146e                HardFault_Handler
 .text.MemManage_Handler
                0x0000000008001474        0x6 ./Core/Src/stm32f4xx_it.o
                0x0000000008001474                MemManage_Handler
 .text.BusFault_Handler
                0x000000000800147a        0x6 ./Core/Src/stm32f4xx_it.o
                0x000000000800147a                BusFault_Handler
 .text.UsageFault_Handler
                0x0000000008001480        0x6 ./Core/Src/stm32f4xx_it.o
                0x0000000008001480                UsageFault_Handler
 .text.SVC_Handler
                0x0000000008001486        0xe ./Core/Src/stm32f4xx_it.o
                0x0000000008001486                SVC_Handler
 .text.DebugMon_Handler
                0x0000000008001494        0xe ./Core/Src/stm32f4xx_it.o
                0x0000000008001494                DebugMon_Handler
 .text.PendSV_Handler
                0x00000000080014a2        0xe ./Core/Src/stm32f4xx_it.o
                0x00000000080014a2                PendSV_Handler
 .text.SysTick_Handler
                0x00000000080014b0       0x1c ./Core/Src/stm32f4xx_it.o
                0x00000000080014b0                SysTick_Handler
 .text.DMA1_Stream0_IRQHandler
                0x00000000080014cc       0x14 ./Core/Src/stm32f4xx_it.o
                0x00000000080014cc                DMA1_Stream0_IRQHandler
 .text.DMA1_Stream5_IRQHandler
                0x00000000080014e0       0x14 ./Core/Src/stm32f4xx_it.o
                0x00000000080014e0                DMA1_Stream5_IRQHandler
 .text.DMA1_Stream6_IRQHandler
                0x00000000080014f4       0x14 ./Core/Src/stm32f4xx_it.o
                0x00000000080014f4                DMA1_Stream6_IRQHandler
 .text.I2C1_EV_IRQHandler
                0x0000000008001508       0x14 ./Core/Src/stm32f4xx_it.o
                0x0000000008001508                I2C1_EV_IRQHandler
 .text.I2C1_ER_IRQHandler
                0x000000000800151c       0x14 ./Core/Src/stm32f4xx_it.o
                0x000000000800151c                I2C1_ER_IRQHandler
 .text.USART1_IRQHandler
                0x0000000008001530       0x14 ./Core/Src/stm32f4xx_it.o
                0x0000000008001530                USART1_IRQHandler
 .text.USART2_IRQHandler
                0x0000000008001544       0x14 ./Core/Src/stm32f4xx_it.o
                0x0000000008001544                USART2_IRQHandler
 .text.DMA1_Stream7_IRQHandler
                0x0000000008001558       0x14 ./Core/Src/stm32f4xx_it.o
                0x0000000008001558                DMA1_Stream7_IRQHandler
 .text.DMA2_Stream1_IRQHandler
                0x000000000800156c       0x14 ./Core/Src/stm32f4xx_it.o
                0x000000000800156c                DMA2_Stream1_IRQHandler
 .text.DMA2_Stream2_IRQHandler
                0x0000000008001580       0x14 ./Core/Src/stm32f4xx_it.o
                0x0000000008001580                DMA2_Stream2_IRQHandler
 .text.DMA2_Stream7_IRQHandler
                0x0000000008001594       0x14 ./Core/Src/stm32f4xx_it.o
                0x0000000008001594                DMA2_Stream7_IRQHandler
 .text.SystemInit
                0x00000000080015a8       0x24 ./Core/Src/system_stm32f4xx.o
                0x00000000080015a8                SystemInit
 .text.Reset_Handler
                0x00000000080015cc       0x50 ./Core/Startup/startup_stm32f446retx.o
                0x00000000080015cc                Reset_Handler
 .text.Default_Handler
                0x000000000800161c        0x2 ./Core/Startup/startup_stm32f446retx.o
                0x000000000800161c                DMA1_Stream3_IRQHandler
                0x000000000800161c                EXTI2_IRQHandler
                0x000000000800161c                TIM8_CC_IRQHandler
                0x000000000800161c                FMPI2C1_EV_IRQHandler
                0x000000000800161c                SPI4_IRQHandler
                0x000000000800161c                TIM1_CC_IRQHandler
                0x000000000800161c                DMA2_Stream5_IRQHandler
                0x000000000800161c                PVD_IRQHandler
                0x000000000800161c                SDIO_IRQHandler
                0x000000000800161c                TAMP_STAMP_IRQHandler
                0x000000000800161c                CAN2_RX1_IRQHandler
                0x000000000800161c                EXTI3_IRQHandler
                0x000000000800161c                TIM8_TRG_COM_TIM14_IRQHandler
                0x000000000800161c                TIM1_UP_TIM10_IRQHandler
                0x000000000800161c                TIM8_UP_TIM13_IRQHandler
                0x000000000800161c                I2C3_ER_IRQHandler
                0x000000000800161c                EXTI0_IRQHandler
                0x000000000800161c                I2C2_EV_IRQHandler
                0x000000000800161c                DMA1_Stream2_IRQHandler
                0x000000000800161c                CAN1_RX0_IRQHandler
                0x000000000800161c                FPU_IRQHandler
                0x000000000800161c                OTG_HS_WKUP_IRQHandler
                0x000000000800161c                CAN2_SCE_IRQHandler
                0x000000000800161c                SPI1_IRQHandler
                0x000000000800161c                TIM6_DAC_IRQHandler
                0x000000000800161c                TIM1_BRK_TIM9_IRQHandler
                0x000000000800161c                DCMI_IRQHandler
                0x000000000800161c                CAN2_RX0_IRQHandler
                0x000000000800161c                DMA2_Stream3_IRQHandler
                0x000000000800161c                SAI2_IRQHandler
                0x000000000800161c                USART6_IRQHandler
                0x000000000800161c                USART3_IRQHandler
                0x000000000800161c                CAN1_RX1_IRQHandler
                0x000000000800161c                UART5_IRQHandler
                0x000000000800161c                DMA2_Stream0_IRQHandler
                0x000000000800161c                TIM4_IRQHandler
                0x000000000800161c                QUADSPI_IRQHandler
                0x000000000800161c                DMA1_Stream1_IRQHandler
                0x000000000800161c                UART4_IRQHandler
                0x000000000800161c                TIM3_IRQHandler
                0x000000000800161c                RCC_IRQHandler
                0x000000000800161c                TIM8_BRK_TIM12_IRQHandler
                0x000000000800161c                Default_Handler
                0x000000000800161c                CEC_IRQHandler
                0x000000000800161c                EXTI15_10_IRQHandler
                0x000000000800161c                ADC_IRQHandler
                0x000000000800161c                TIM7_IRQHandler
                0x000000000800161c                CAN2_TX_IRQHandler
                0x000000000800161c                TIM5_IRQHandler
                0x000000000800161c                I2C3_EV_IRQHandler
                0x000000000800161c                EXTI9_5_IRQHandler
                0x000000000800161c                RTC_WKUP_IRQHandler
                0x000000000800161c                SPDIF_RX_IRQHandler
                0x000000000800161c                SPI2_IRQHandler
                0x000000000800161c                OTG_HS_EP1_IN_IRQHandler
                0x000000000800161c                CAN1_TX_IRQHandler
                0x000000000800161c                FMPI2C1_ER_IRQHandler
                0x000000000800161c                EXTI4_IRQHandler
                0x000000000800161c                OTG_HS_EP1_OUT_IRQHandler
                0x000000000800161c                WWDG_IRQHandler
                0x000000000800161c                TIM2_IRQHandler
                0x000000000800161c                OTG_FS_WKUP_IRQHandler
                0x000000000800161c                TIM1_TRG_COM_TIM11_IRQHandler
                0x000000000800161c                OTG_HS_IRQHandler
                0x000000000800161c                EXTI1_IRQHandler
                0x000000000800161c                I2C2_ER_IRQHandler
                0x000000000800161c                CAN1_SCE_IRQHandler
                0x000000000800161c                FLASH_IRQHandler
                0x000000000800161c                DMA2_Stream4_IRQHandler
                0x000000000800161c                OTG_FS_IRQHandler
                0x000000000800161c                SPI3_IRQHandler
                0x000000000800161c                DMA1_Stream4_IRQHandler
                0x000000000800161c                FMC_IRQHandler
                0x000000000800161c                DMA2_Stream6_IRQHandler
                0x000000000800161c                SAI1_IRQHandler
                0x000000000800161c                RTC_Alarm_IRQHandler
 .text.D_GPIO_Read
                0x000000000800161e       0x2a ./Drivers/GPIO/Src/GPIO.o
                0x000000000800161e                D_GPIO_Read
 .text.D_LED_Set
                0x0000000008001648       0x5c ./Drivers/LED/Src/LED.o
                0x0000000008001648                D_LED_Set
 .text.D_LED_Send
                0x00000000080016a4       0xe8 ./Drivers/LED/Src/LED.o
                0x00000000080016a4                D_LED_Send
 .text.D_LED_Rotate
                0x000000000800178c      0x10c ./Drivers/LED/Src/LED.o
                0x000000000800178c                D_LED_Rotate
 .text.D_LED_Callback
                0x0000000008001898       0x20 ./Drivers/LED/Src/LED.o
                0x0000000008001898                D_LED_Callback
 .text.D_Mess_printf
                0x00000000080018b8       0x40 ./Drivers/Message/Src/message.o
                0x00000000080018b8                D_Mess_printf
 .text.D_Mess_flush
                0x00000000080018f8       0x64 ./Drivers/Message/Src/message.o
                0x00000000080018f8                D_Mess_flush
 .text.D_Mess_TransitionCompletedCallBack
                0x000000000800195c       0x18 ./Drivers/Message/Src/message.o
                0x000000000800195c                D_Mess_TransitionCompletedCallBack
 .text.xputc    0x0000000008001974       0x50 ./Drivers/Message/Src/xprintf.o
                0x0000000008001974                xputc
 .text.xputs    0x00000000080019c4       0x2a ./Drivers/Message/Src/xprintf.o
                0x00000000080019c4                xputs
 *fill*         0x00000000080019ee        0x2 
 .text.xvprintf
                0x00000000080019f0      0x2f8 ./Drivers/Message/Src/xprintf.o
                0x00000000080019f0                xvprintf
 .text.D_PWM_Init
                0x0000000008001ce8       0x2c ./Drivers/PWM/Src/pwm.o
                0x0000000008001ce8                D_PWM_Init
 .text.HAL_Init
                0x0000000008001d14       0x44 ./Drivers/STM32F4xx_HAL_Driver/Src/stm32f4xx_hal.o
                0x0000000008001d14                HAL_Init
 .text.HAL_InitTick
                0x0000000008001d58       0x60 ./Drivers/STM32F4xx_HAL_Driver/Src/stm32f4xx_hal.o
                0x0000000008001d58                HAL_InitTick
 .text.HAL_IncTick
                0x0000000008001db8       0x28 ./Drivers/STM32F4xx_HAL_Driver/Src/stm32f4xx_hal.o
                0x0000000008001db8                HAL_IncTick
 .text.HAL_GetTick
                0x0000000008001de0       0x18 ./Drivers/STM32F4xx_HAL_Driver/Src/stm32f4xx_hal.o
                0x0000000008001de0                HAL_GetTick
 .text.__NVIC_SetPriorityGrouping
                0x0000000008001df8       0x48 ./Drivers/STM32F4xx_HAL_Driver/Src/stm32f4xx_hal_cortex.o
 .text.__NVIC_GetPriorityGrouping
                0x0000000008001e40       0x1c ./Drivers/STM32F4xx_HAL_Driver/Src/stm32f4xx_hal_cortex.o
 .text.__NVIC_EnableIRQ
                0x0000000008001e5c       0x3c ./Drivers/STM32F4xx_HAL_Driver/Src/stm32f4xx_hal_cortex.o
 .text.__NVIC_SetPriority
                0x0000000008001e98       0x54 ./Drivers/STM32F4xx_HAL_Driver/Src/stm32f4xx_hal_cortex.o
 .text.NVIC_EncodePriority
                0x0000000008001eec       0x66 ./Drivers/STM32F4xx_HAL_Driver/Src/stm32f4xx_hal_cortex.o
 *fill*         0x0000000008001f52        0x2 
 .text.SysTick_Config
                0x0000000008001f54       0x44 ./Drivers/STM32F4xx_HAL_Driver/Src/stm32f4xx_hal_cortex.o
 .text.HAL_NVIC_SetPriorityGrouping
                0x0000000008001f98       0x16 ./Drivers/STM32F4xx_HAL_Driver/Src/stm32f4xx_hal_cortex.o
                0x0000000008001f98                HAL_NVIC_SetPriorityGrouping
 .text.HAL_NVIC_SetPriority
                0x0000000008001fae       0x38 ./Drivers/STM32F4xx_HAL_Driver/Src/stm32f4xx_hal_cortex.o
                0x0000000008001fae                HAL_NVIC_SetPriority
 .text.HAL_NVIC_EnableIRQ
                0x0000000008001fe6       0x1c ./Drivers/STM32F4xx_HAL_Driver/Src/stm32f4xx_hal_cortex.o
                0x0000000008001fe6                HAL_NVIC_EnableIRQ
 .text.HAL_SYSTICK_Config
                0x0000000008002002       0x18 ./Drivers/STM32F4xx_HAL_Driver/Src/stm32f4xx_hal_cortex.o
                0x0000000008002002                HAL_SYSTICK_Config
 *fill*         0x000000000800201a        0x2 
 .text.HAL_DMA_Init
                0x000000000800201c      0x15c ./Drivers/STM32F4xx_HAL_Driver/Src/stm32f4xx_hal_dma.o
                0x000000000800201c                HAL_DMA_Init
 .text.HAL_DMA_Start_IT
                0x0000000008002178       0xb0 ./Drivers/STM32F4xx_HAL_Driver/Src/stm32f4xx_hal_dma.o
                0x0000000008002178                HAL_DMA_Start_IT
 .text.HAL_DMA_Abort
                0x0000000008002228       0xe0 ./Drivers/STM32F4xx_HAL_Driver/Src/stm32f4xx_hal_dma.o
                0x0000000008002228                HAL_DMA_Abort
 .text.HAL_DMA_Abort_IT
                0x0000000008002308       0x44 ./Drivers/STM32F4xx_HAL_Driver/Src/stm32f4xx_hal_dma.o
                0x0000000008002308                HAL_DMA_Abort_IT
 .text.HAL_DMA_IRQHandler
                0x000000000800234c      0x314 ./Drivers/STM32F4xx_HAL_Driver/Src/stm32f4xx_hal_dma.o
                0x000000000800234c                HAL_DMA_IRQHandler
 .text.HAL_DMA_GetState
                0x0000000008002660       0x1c ./Drivers/STM32F4xx_HAL_Driver/Src/stm32f4xx_hal_dma.o
                0x0000000008002660                HAL_DMA_GetState
 .text.DMA_SetConfig
                0x000000000800267c       0x5c ./Drivers/STM32F4xx_HAL_Driver/Src/stm32f4xx_hal_dma.o
 .text.DMA_CalcBaseAndBitshift
                0x00000000080026d8       0x6c ./Drivers/STM32F4xx_HAL_Driver/Src/stm32f4xx_hal_dma.o
 .text.DMA_CheckFifoParam
                0x0000000008002744       0xf8 ./Drivers/STM32F4xx_HAL_Driver/Src/stm32f4xx_hal_dma.o
 .text.HAL_GPIO_Init
                0x000000000800283c      0x328 ./Drivers/STM32F4xx_HAL_Driver/Src/stm32f4xx_hal_gpio.o
                0x000000000800283c                HAL_GPIO_Init
 .text.HAL_GPIO_ReadPin
                0x0000000008002b64       0x30 ./Drivers/STM32F4xx_HAL_Driver/Src/stm32f4xx_hal_gpio.o
                0x0000000008002b64                HAL_GPIO_ReadPin
 .text.HAL_GPIO_WritePin
                0x0000000008002b94       0x32 ./Drivers/STM32F4xx_HAL_Driver/Src/stm32f4xx_hal_gpio.o
                0x0000000008002b94                HAL_GPIO_WritePin
 *fill*         0x0000000008002bc6        0x2 
 .text.HAL_I2C_Init
                0x0000000008002bc8      0x288 ./Drivers/STM32F4xx_HAL_Driver/Src/stm32f4xx_hal_i2c.o
                0x0000000008002bc8                HAL_I2C_Init
 .text.HAL_I2C_EV_IRQHandler
                0x0000000008002e50      0x2e2 ./Drivers/STM32F4xx_HAL_Driver/Src/stm32f4xx_hal_i2c.o
                0x0000000008002e50                HAL_I2C_EV_IRQHandler
 .text.HAL_I2C_ER_IRQHandler
                0x0000000008003132      0x14e ./Drivers/STM32F4xx_HAL_Driver/Src/stm32f4xx_hal_i2c.o
                0x0000000008003132                HAL_I2C_ER_IRQHandler
 .text.HAL_I2C_MasterTxCpltCallback
                0x0000000008003280       0x14 ./Drivers/STM32F4xx_HAL_Driver/Src/stm32f4xx_hal_i2c.o
                0x0000000008003280                HAL_I2C_MasterTxCpltCallback
 .text.HAL_I2C_MasterRxCpltCallback
                0x0000000008003294       0x14 ./Drivers/STM32F4xx_HAL_Driver/Src/stm32f4xx_hal_i2c.o
                0x0000000008003294                HAL_I2C_MasterRxCpltCallback
 .text.HAL_I2C_SlaveTxCpltCallback
                0x00000000080032a8       0x14 ./Drivers/STM32F4xx_HAL_Driver/Src/stm32f4xx_hal_i2c.o
                0x00000000080032a8                HAL_I2C_SlaveTxCpltCallback
 .text.HAL_I2C_SlaveRxCpltCallback
                0x00000000080032bc       0x14 ./Drivers/STM32F4xx_HAL_Driver/Src/stm32f4xx_hal_i2c.o
                0x00000000080032bc                HAL_I2C_SlaveRxCpltCallback
 .text.HAL_I2C_AddrCallback
                0x00000000080032d0       0x1c ./Drivers/STM32F4xx_HAL_Driver/Src/stm32f4xx_hal_i2c.o
                0x00000000080032d0                HAL_I2C_AddrCallback
 .text.HAL_I2C_ListenCpltCallback
                0x00000000080032ec       0x14 ./Drivers/STM32F4xx_HAL_Driver/Src/stm32f4xx_hal_i2c.o
                0x00000000080032ec                HAL_I2C_ListenCpltCallback
 .text.HAL_I2C_MemTxCpltCallback
                0x0000000008003300       0x14 ./Drivers/STM32F4xx_HAL_Driver/Src/stm32f4xx_hal_i2c.o
                0x0000000008003300                HAL_I2C_MemTxCpltCallback
 .text.HAL_I2C_MemRxCpltCallback
                0x0000000008003314       0x14 ./Drivers/STM32F4xx_HAL_Driver/Src/stm32f4xx_hal_i2c.o
                0x0000000008003314                HAL_I2C_MemRxCpltCallback
 .text.HAL_I2C_ErrorCallback
                0x0000000008003328       0x14 ./Drivers/STM32F4xx_HAL_Driver/Src/stm32f4xx_hal_i2c.o
                0x0000000008003328                HAL_I2C_ErrorCallback
 .text.HAL_I2C_AbortCpltCallback
                0x000000000800333c       0x14 ./Drivers/STM32F4xx_HAL_Driver/Src/stm32f4xx_hal_i2c.o
                0x000000000800333c                HAL_I2C_AbortCpltCallback
 .text.I2C_MasterTransmit_TXE
                0x0000000008003350      0x138 ./Drivers/STM32F4xx_HAL_Driver/Src/stm32f4xx_hal_i2c.o
 .text.I2C_MasterTransmit_BTF
                0x0000000008003488       0xec ./Drivers/STM32F4xx_HAL_Driver/Src/stm32f4xx_hal_i2c.o
 .text.I2C_MemoryTransmit_TXE_BTF
                0x0000000008003574      0x128 ./Drivers/STM32F4xx_HAL_Driver/Src/stm32f4xx_hal_i2c.o
 .text.I2C_MasterReceive_RXNE
                0x000000000800369c      0x162 ./Drivers/STM32F4xx_HAL_Driver/Src/stm32f4xx_hal_i2c.o
 .text.I2C_MasterReceive_BTF
                0x00000000080037fe      0x1d4 ./Drivers/STM32F4xx_HAL_Driver/Src/stm32f4xx_hal_i2c.o
 .text.I2C_Master_SB
                0x00000000080039d2      0x10c ./Drivers/STM32F4xx_HAL_Driver/Src/stm32f4xx_hal_i2c.o
 .text.I2C_Master_ADD10
                0x0000000008003ade       0x54 ./Drivers/STM32F4xx_HAL_Driver/Src/stm32f4xx_hal_i2c.o
 .text.I2C_Master_ADDR
                0x0000000008003b32      0x322 ./Drivers/STM32F4xx_HAL_Driver/Src/stm32f4xx_hal_i2c.o
 .text.I2C_SlaveTransmit_TXE
                0x0000000008003e54       0x7a ./Drivers/STM32F4xx_HAL_Driver/Src/stm32f4xx_hal_i2c.o
 .text.I2C_SlaveTransmit_BTF
                0x0000000008003ece       0x42 ./Drivers/STM32F4xx_HAL_Driver/Src/stm32f4xx_hal_i2c.o
 .text.I2C_SlaveReceive_RXNE
                0x0000000008003f10       0x7c ./Drivers/STM32F4xx_HAL_Driver/Src/stm32f4xx_hal_i2c.o
 .text.I2C_SlaveReceive_BTF
                0x0000000008003f8c       0x44 ./Drivers/STM32F4xx_HAL_Driver/Src/stm32f4xx_hal_i2c.o
 .text.I2C_Slave_ADDR
                0x0000000008003fd0       0x94 ./Drivers/STM32F4xx_HAL_Driver/Src/stm32f4xx_hal_i2c.o
 .text.I2C_Slave_STOPF
                0x0000000008004064      0x260 ./Drivers/STM32F4xx_HAL_Driver/Src/stm32f4xx_hal_i2c.o
 .text.I2C_Slave_AF
                0x00000000080042c4       0xe0 ./Drivers/STM32F4xx_HAL_Driver/Src/stm32f4xx_hal_i2c.o
 .text.I2C_ITError
                0x00000000080043a4      0x264 ./Drivers/STM32F4xx_HAL_Driver/Src/stm32f4xx_hal_i2c.o
 .text.I2C_DMAAbort
                0x0000000008004608      0x150 ./Drivers/STM32F4xx_HAL_Driver/Src/stm32f4xx_hal_i2c.o
 .text.I2C_WaitOnSTOPRequestThroughIT
                0x0000000008004758       0x64 ./Drivers/STM32F4xx_HAL_Driver/Src/stm32f4xx_hal_i2c.o
 .text.I2C_ConvertOtherXferOptions
                0x00000000080047bc       0x36 ./Drivers/STM32F4xx_HAL_Driver/Src/stm32f4xx_hal_i2c.o
 *fill*         0x00000000080047f2        0x2 
 .text.HAL_RCC_ClockConfig
                0x00000000080047f4      0x1cc ./Drivers/STM32F4xx_HAL_Driver/Src/stm32f4xx_hal_rcc.o
                0x00000000080047f4                HAL_RCC_ClockConfig
 .text.HAL_RCC_GetHCLKFreq
                0x00000000080049c0       0x18 ./Drivers/STM32F4xx_HAL_Driver/Src/stm32f4xx_hal_rcc.o
                0x00000000080049c0                HAL_RCC_GetHCLKFreq
 .text.HAL_RCC_GetPCLK1Freq
                0x00000000080049d8       0x28 ./Drivers/STM32F4xx_HAL_Driver/Src/stm32f4xx_hal_rcc.o
                0x00000000080049d8                HAL_RCC_GetPCLK1Freq
 .text.HAL_RCC_GetPCLK2Freq
                0x0000000008004a00       0x28 ./Drivers/STM32F4xx_HAL_Driver/Src/stm32f4xx_hal_rcc.o
                0x0000000008004a00                HAL_RCC_GetPCLK2Freq
 .text.HAL_RCC_GetSysClockFreq
                0x0000000008004a28      0x364 ./Drivers/STM32F4xx_HAL_Driver/Src/stm32f4xx_hal_rcc_ex.o
                0x0000000008004a28                HAL_RCC_GetSysClockFreq
 .text.HAL_RCC_OscConfig
                0x0000000008004d8c      0x53c ./Drivers/STM32F4xx_HAL_Driver/Src/stm32f4xx_hal_rcc_ex.o
                0x0000000008004d8c                HAL_RCC_OscConfig
 .text.HAL_TIM_Base_Init
                0x00000000080052c8       0x9e ./Drivers/STM32F4xx_HAL_Driver/Src/stm32f4xx_hal_tim.o
                0x00000000080052c8                HAL_TIM_Base_Init
 .text.HAL_TIM_PWM_Init
                0x0000000008005366       0x9e ./Drivers/STM32F4xx_HAL_Driver/Src/stm32f4xx_hal_tim.o
                0x0000000008005366                HAL_TIM_PWM_Init
 .text.HAL_TIM_PWM_MspInit
                0x0000000008005404       0x14 ./Drivers/STM32F4xx_HAL_Driver/Src/stm32f4xx_hal_tim.o
                0x0000000008005404                HAL_TIM_PWM_MspInit
 .text.HAL_TIM_PWM_Start
                0x0000000008005418      0x190 ./Drivers/STM32F4xx_HAL_Driver/Src/stm32f4xx_hal_tim.o
                0x0000000008005418                HAL_TIM_PWM_Start
 .text.HAL_TIM_PWM_Start_DMA
                0x00000000080055a8      0x390 ./Drivers/STM32F4xx_HAL_Driver/Src/stm32f4xx_hal_tim.o
                0x00000000080055a8                HAL_TIM_PWM_Start_DMA
 .text.HAL_TIM_PWM_Stop_DMA
                0x0000000008005938      0x1a4 ./Drivers/STM32F4xx_HAL_Driver/Src/stm32f4xx_hal_tim.o
                0x0000000008005938                HAL_TIM_PWM_Stop_DMA
 .text.HAL_TIM_PWM_ConfigChannel
                0x0000000008005adc      0x184 ./Drivers/STM32F4xx_HAL_Driver/Src/stm32f4xx_hal_tim.o
                0x0000000008005adc                HAL_TIM_PWM_ConfigChannel
 .text.HAL_TIM_ConfigClockSource
                0x0000000008005c60      0x18e ./Drivers/STM32F4xx_HAL_Driver/Src/stm32f4xx_hal_tim.o
                0x0000000008005c60                HAL_TIM_ConfigClockSource
 .text.HAL_TIM_PWM_PulseFinishedHalfCpltCallback
                0x0000000008005dee       0x14 ./Drivers/STM32F4xx_HAL_Driver/Src/stm32f4xx_hal_tim.o
                0x0000000008005dee                HAL_TIM_PWM_PulseFinishedHalfCpltCallback
 .text.HAL_TIM_ErrorCallback
                0x0000000008005e02       0x14 ./Drivers/STM32F4xx_HAL_Driver/Src/stm32f4xx_hal_tim.o
                0x0000000008005e02                HAL_TIM_ErrorCallback
 .text.TIM_DMAError
                0x0000000008005e16       0x92 ./Drivers/STM32F4xx_HAL_Driver/Src/stm32f4xx_hal_tim.o
                0x0000000008005e16                TIM_DMAError
 .text.TIM_DMADelayPulseCplt
                0x0000000008005ea8       0xa8 ./Drivers/STM32F4xx_HAL_Driver/Src/stm32f4xx_hal_tim.o
 .text.TIM_DMADelayPulseHalfCplt
                0x0000000008005f50       0x68 ./Drivers/STM32F4xx_HAL_Driver/Src/stm32f4xx_hal_tim.o
                0x0000000008005f50                TIM_DMADelayPulseHalfCplt
 .text.TIM_Base_SetConfig
                0x0000000008005fb8      0x140 ./Drivers/STM32F4xx_HAL_Driver/Src/stm32f4xx_hal_tim.o
                0x0000000008005fb8                TIM_Base_SetConfig
 .text.TIM_OC1_SetConfig
                0x00000000080060f8       0xe0 ./Drivers/STM32F4xx_HAL_Driver/Src/stm32f4xx_hal_tim.o
 .text.TIM_OC2_SetConfig
                0x00000000080061d8       0xec ./Drivers/STM32F4xx_HAL_Driver/Src/stm32f4xx_hal_tim.o
                0x00000000080061d8                TIM_OC2_SetConfig
 .text.TIM_OC3_SetConfig
                0x00000000080062c4       0xe8 ./Drivers/STM32F4xx_HAL_Driver/Src/stm32f4xx_hal_tim.o
 .text.TIM_OC4_SetConfig
                0x00000000080063ac       0xac ./Drivers/STM32F4xx_HAL_Driver/Src/stm32f4xx_hal_tim.o
 .text.TIM_TI1_ConfigInputStage
                0x0000000008006458       0x5e ./Drivers/STM32F4xx_HAL_Driver/Src/stm32f4xx_hal_tim.o
 .text.TIM_TI2_ConfigInputStage
                0x00000000080064b6       0x60 ./Drivers/STM32F4xx_HAL_Driver/Src/stm32f4xx_hal_tim.o
 .text.TIM_ITRx_SetConfig
                0x0000000008006516       0x36 ./Drivers/STM32F4xx_HAL_Driver/Src/stm32f4xx_hal_tim.o
 .text.TIM_ETR_SetConfig
                0x000000000800654c       0x40 ./Drivers/STM32F4xx_HAL_Driver/Src/stm32f4xx_hal_tim.o
                0x000000000800654c                TIM_ETR_SetConfig
 .text.TIM_CCxChannelCmd
                0x000000000800658c       0x4a ./Drivers/STM32F4xx_HAL_Driver/Src/stm32f4xx_hal_tim.o
                0x000000000800658c                TIM_CCxChannelCmd
 *fill*         0x00000000080065d6        0x2 
 .text.HAL_TIMEx_MasterConfigSynchronization
                0x00000000080065d8       0xf8 ./Drivers/STM32F4xx_HAL_Driver/Src/stm32f4xx_hal_tim_ex.o
                0x00000000080065d8                HAL_TIMEx_MasterConfigSynchronization
 .text.HAL_TIMEx_ConfigBreakDeadTime
                0x00000000080066d0       0xa4 ./Drivers/STM32F4xx_HAL_Driver/Src/stm32f4xx_hal_tim_ex.o
                0x00000000080066d0                HAL_TIMEx_ConfigBreakDeadTime
 .text.HAL_UART_Init
                0x0000000008006774       0x9a ./Drivers/STM32F4xx_HAL_Driver/Src/stm32f4xx_hal_uart.o
                0x0000000008006774                HAL_UART_Init
 *fill*         0x000000000800680e        0x2 
 .text.HAL_UART_Transmit_DMA
                0x0000000008006810       0xfc ./Drivers/STM32F4xx_HAL_Driver/Src/stm32f4xx_hal_uart.o
                0x0000000008006810                HAL_UART_Transmit_DMA
 .text.HAL_UART_IRQHandler
                0x000000000800690c      0x51c ./Drivers/STM32F4xx_HAL_Driver/Src/stm32f4xx_hal_uart.o
                0x000000000800690c                HAL_UART_IRQHandler
 .text.HAL_UART_TxHalfCpltCallback
                0x0000000008006e28       0x14 ./Drivers/STM32F4xx_HAL_Driver/Src/stm32f4xx_hal_uart.o
                0x0000000008006e28                HAL_UART_TxHalfCpltCallback
 .text.HAL_UART_RxCpltCallback
                0x0000000008006e3c       0x14 ./Drivers/STM32F4xx_HAL_Driver/Src/stm32f4xx_hal_uart.o
                0x0000000008006e3c                HAL_UART_RxCpltCallback
 .text.HAL_UART_ErrorCallback
                0x0000000008006e50       0x14 ./Drivers/STM32F4xx_HAL_Driver/Src/stm32f4xx_hal_uart.o
                0x0000000008006e50                HAL_UART_ErrorCallback
 .text.HAL_UARTEx_RxEventCallback
                0x0000000008006e64       0x18 ./Drivers/STM32F4xx_HAL_Driver/Src/stm32f4xx_hal_uart.o
                0x0000000008006e64                HAL_UARTEx_RxEventCallback
 .text.UART_DMATransmitCplt
                0x0000000008006e7c       0x9a ./Drivers/STM32F4xx_HAL_Driver/Src/stm32f4xx_hal_uart.o
 .text.UART_DMATxHalfCplt
                0x0000000008006f16       0x1c ./Drivers/STM32F4xx_HAL_Driver/Src/stm32f4xx_hal_uart.o
 .text.UART_DMAError
                0x0000000008006f32       0x94 ./Drivers/STM32F4xx_HAL_Driver/Src/stm32f4xx_hal_uart.o
 .text.UART_EndTxTransfer
                0x0000000008006fc6       0x50 ./Drivers/STM32F4xx_HAL_Driver/Src/stm32f4xx_hal_uart.o
 .text.UART_EndRxTransfer
                0x0000000008007016       0xc6 ./Drivers/STM32F4xx_HAL_Driver/Src/stm32f4xx_hal_uart.o
 .text.UART_DMAAbortOnError
                0x00000000080070dc       0x28 ./Drivers/STM32F4xx_HAL_Driver/Src/stm32f4xx_hal_uart.o
 .text.UART_Transmit_IT
                0x0000000008007104       0xa0 ./Drivers/STM32F4xx_HAL_Driver/Src/stm32f4xx_hal_uart.o
 .text.UART_EndTransmit_IT
                0x00000000080071a4       0x30 ./Drivers/STM32F4xx_HAL_Driver/Src/stm32f4xx_hal_uart.o
 .text.UART_Receive_IT
                0x00000000080071d4      0x176 ./Drivers/STM32F4xx_HAL_Driver/Src/stm32f4xx_hal_uart.o
 *fill*         0x000000000800734a        0x2 
 .text.UART_SetConfig
                0x000000000800734c      0x390 ./Drivers/STM32F4xx_HAL_Driver/Src/stm32f4xx_hal_uart.o
 .text.__libc_init_array
                0x00000000080076dc       0x48 /Applications/STM32CubeIDE.app/Contents/Eclipse/plugins/com.st.stm32cube.ide.mcu.externaltools.gnu-tools-for-stm32.9-2020-q2-update.macos64_2.0.0.202105311346/tools/bin/../lib/gcc/arm-none-eabi/9.3.1/../../../../arm-none-eabi/lib/thumb/v7e-m+fp/hard/libc_nano.a(lib_a-init.o)
                0x00000000080076dc                __libc_init_array
 .text.memset   0x0000000008007724       0x10 /Applications/STM32CubeIDE.app/Contents/Eclipse/plugins/com.st.stm32cube.ide.mcu.externaltools.gnu-tools-for-stm32.9-2020-q2-update.macos64_2.0.0.202105311346/tools/bin/../lib/gcc/arm-none-eabi/9.3.1/../../../../arm-none-eabi/lib/thumb/v7e-m+fp/hard/libc_nano.a(lib_a-memset.o)
                0x0000000008007724                memset
 *(.glue_7)
 .glue_7        0x0000000008007734        0x0 linker stubs
 *(.glue_7t)
 .glue_7t       0x0000000008007734        0x0 linker stubs
 *(.eh_frame)
 .eh_frame      0x0000000008007734        0x0 /Applications/STM32CubeIDE.app/Contents/Eclipse/plugins/com.st.stm32cube.ide.mcu.externaltools.gnu-tools-for-stm32.9-2020-q2-update.macos64_2.0.0.202105311346/tools/bin/../lib/gcc/arm-none-eabi/9.3.1/thumb/v7e-m+fp/hard/crtbegin.o
 *(.init)
 .init          0x0000000008007734        0x4 /Applications/STM32CubeIDE.app/Contents/Eclipse/plugins/com.st.stm32cube.ide.mcu.externaltools.gnu-tools-for-stm32.9-2020-q2-update.macos64_2.0.0.202105311346/tools/bin/../lib/gcc/arm-none-eabi/9.3.1/thumb/v7e-m+fp/hard/crti.o
                0x0000000008007734                _init
 .init          0x0000000008007738        0x8 /Applications/STM32CubeIDE.app/Contents/Eclipse/plugins/com.st.stm32cube.ide.mcu.externaltools.gnu-tools-for-stm32.9-2020-q2-update.macos64_2.0.0.202105311346/tools/bin/../lib/gcc/arm-none-eabi/9.3.1/thumb/v7e-m+fp/hard/crtn.o
 *(.fini)
 .fini          0x0000000008007740        0x4 /Applications/STM32CubeIDE.app/Contents/Eclipse/plugins/com.st.stm32cube.ide.mcu.externaltools.gnu-tools-for-stm32.9-2020-q2-update.macos64_2.0.0.202105311346/tools/bin/../lib/gcc/arm-none-eabi/9.3.1/thumb/v7e-m+fp/hard/crti.o
                0x0000000008007740                _fini
 .fini          0x0000000008007744        0x8 /Applications/STM32CubeIDE.app/Contents/Eclipse/plugins/com.st.stm32cube.ide.mcu.externaltools.gnu-tools-for-stm32.9-2020-q2-update.macos64_2.0.0.202105311346/tools/bin/../lib/gcc/arm-none-eabi/9.3.1/thumb/v7e-m+fp/hard/crtn.o
                0x000000000800774c                . = ALIGN (0x4)
                0x000000000800774c                _etext = .

.vfp11_veneer   0x000000000800774c        0x0
 .vfp11_veneer  0x000000000800774c        0x0 linker stubs

.v4_bx          0x000000000800774c        0x0
 .v4_bx         0x000000000800774c        0x0 linker stubs

.iplt           0x000000000800774c        0x0
 .iplt          0x000000000800774c        0x0 /Applications/STM32CubeIDE.app/Contents/Eclipse/plugins/com.st.stm32cube.ide.mcu.externaltools.gnu-tools-for-stm32.9-2020-q2-update.macos64_2.0.0.202105311346/tools/bin/../lib/gcc/arm-none-eabi/9.3.1/thumb/v7e-m+fp/hard/crtbegin.o

.rodata         0x000000000800774c       0x38
                0x000000000800774c                . = ALIGN (0x4)
 *(.rodata)
 .rodata        0x000000000800774c       0x17 ./Core/Src/app.o
 *(.rodata*)
 *fill*         0x0000000008007763        0x1 
 .rodata.AHBPrescTable
                0x0000000008007764       0x10 ./Core/Src/system_stm32f4xx.o
                0x0000000008007764                AHBPrescTable
 .rodata.APBPrescTable
                0x0000000008007774        0x8 ./Core/Src/system_stm32f4xx.o
                0x0000000008007774                APBPrescTable
 .rodata.flagBitshiftOffset.8617
                0x000000000800777c        0x8 ./Drivers/STM32F4xx_HAL_Driver/Src/stm32f4xx_hal_dma.o
                0x0000000008007784                . = ALIGN (0x4)

.ARM.extab      0x0000000008007784        0x0
                0x0000000008007784                . = ALIGN (0x4)
 *(.ARM.extab* .gnu.linkonce.armextab.*)
                0x0000000008007784                . = ALIGN (0x4)

.ARM            0x0000000008007784        0x8
                0x0000000008007784                . = ALIGN (0x4)
                0x0000000008007784                __exidx_start = .
 *(.ARM.exidx*)
 .ARM.exidx     0x0000000008007784        0x8 /Applications/STM32CubeIDE.app/Contents/Eclipse/plugins/com.st.stm32cube.ide.mcu.externaltools.gnu-tools-for-stm32.9-2020-q2-update.macos64_2.0.0.202105311346/tools/bin/../lib/gcc/arm-none-eabi/9.3.1/thumb/v7e-m+fp/hard/libgcc.a(_udivmoddi4.o)
                0x000000000800778c                __exidx_end = .
                0x000000000800778c                . = ALIGN (0x4)

.rel.dyn        0x000000000800778c        0x0
 .rel.iplt      0x000000000800778c        0x0 /Applications/STM32CubeIDE.app/Contents/Eclipse/plugins/com.st.stm32cube.ide.mcu.externaltools.gnu-tools-for-stm32.9-2020-q2-update.macos64_2.0.0.202105311346/tools/bin/../lib/gcc/arm-none-eabi/9.3.1/thumb/v7e-m+fp/hard/crtbegin.o

.preinit_array  0x000000000800778c        0x0
                0x000000000800778c                . = ALIGN (0x4)
                0x000000000800778c                PROVIDE (__preinit_array_start = .)
 *(.preinit_array*)
                0x000000000800778c                PROVIDE (__preinit_array_end = .)
                0x000000000800778c                . = ALIGN (0x4)

.init_array     0x000000000800778c        0x4
                0x000000000800778c                . = ALIGN (0x4)
                0x000000000800778c                PROVIDE (__init_array_start = .)
 *(SORT_BY_NAME(.init_array.*))
 *(.init_array*)
 .init_array    0x000000000800778c        0x4 /Applications/STM32CubeIDE.app/Contents/Eclipse/plugins/com.st.stm32cube.ide.mcu.externaltools.gnu-tools-for-stm32.9-2020-q2-update.macos64_2.0.0.202105311346/tools/bin/../lib/gcc/arm-none-eabi/9.3.1/thumb/v7e-m+fp/hard/crtbegin.o
                0x0000000008007790                PROVIDE (__init_array_end = .)
                0x0000000008007790                . = ALIGN (0x4)

.fini_array     0x0000000008007790        0x4
                0x0000000008007790                . = ALIGN (0x4)
                [!provide]                        PROVIDE (__fini_array_start = .)
 *(SORT_BY_NAME(.fini_array.*))
 *(.fini_array*)
 .fini_array    0x0000000008007790        0x4 /Applications/STM32CubeIDE.app/Contents/Eclipse/plugins/com.st.stm32cube.ide.mcu.externaltools.gnu-tools-for-stm32.9-2020-q2-update.macos64_2.0.0.202105311346/tools/bin/../lib/gcc/arm-none-eabi/9.3.1/thumb/v7e-m+fp/hard/crtbegin.o
                [!provide]                        PROVIDE (__fini_array_end = .)
                0x0000000008007794                . = ALIGN (0x4)
                0x0000000008007794                _sidata = LOADADDR (.data)

.data           0x0000000020000000       0x10 load address 0x0000000008007794
                0x0000000020000000                . = ALIGN (0x4)
                0x0000000020000000                _sdata = .
 *(.data)
 *(.data*)
 .data.SystemCoreClock
                0x0000000020000000        0x4 ./Core/Src/system_stm32f4xx.o
                0x0000000020000000                SystemCoreClock
 .data.had_completed
                0x0000000020000004        0x1 ./Drivers/Message/Src/message.o
 *fill*         0x0000000020000005        0x3 
 .data.uwTickPrio
                0x0000000020000008        0x4 ./Drivers/STM32F4xx_HAL_Driver/Src/stm32f4xx_hal.o
                0x0000000020000008                uwTickPrio
 .data.uwTickFreq
                0x000000002000000c        0x1 ./Drivers/STM32F4xx_HAL_Driver/Src/stm32f4xx_hal.o
                0x000000002000000c                uwTickFreq
 *(.RamFunc)
 *(.RamFunc*)
                0x0000000020000010                . = ALIGN (0x4)
 *fill*         0x000000002000000d        0x3 
                0x0000000020000010                _edata = .

.igot.plt       0x0000000020000010        0x0 load address 0x00000000080077a4
 .igot.plt      0x0000000020000010        0x0 /Applications/STM32CubeIDE.app/Contents/Eclipse/plugins/com.st.stm32cube.ide.mcu.externaltools.gnu-tools-for-stm32.9-2020-q2-update.macos64_2.0.0.202105311346/tools/bin/../lib/gcc/arm-none-eabi/9.3.1/thumb/v7e-m+fp/hard/crtbegin.o
                0x0000000020000010                . = ALIGN (0x4)

.bss            0x0000000020000010     0x1d70 load address 0x00000000080077a4
                0x0000000020000010                _sbss = .
                0x0000000020000010                __bss_start__ = _sbss
 *(.bss)
 .bss           0x0000000020000010       0x1c /Applications/STM32CubeIDE.app/Contents/Eclipse/plugins/com.st.stm32cube.ide.mcu.externaltools.gnu-tools-for-stm32.9-2020-q2-update.macos64_2.0.0.202105311346/tools/bin/../lib/gcc/arm-none-eabi/9.3.1/thumb/v7e-m+fp/hard/crtbegin.o
 *(.bss*)
 .bss.Encoder_Count
                0x000000002000002c        0x4 ./Core/Src/app.o
 .bss.recent_enc_state.9709
                0x0000000020000030        0x4 ./Core/Src/app.o
 .bss.enc_change_count.9707
                0x0000000020000034        0x4 ./Core/Src/app.o
 .bss.recent_home_state.9710
                0x0000000020000038        0x4 ./Core/Src/app.o
 .bss.home_change_count.9708
                0x000000002000003c        0x4 ./Core/Src/app.o
 .bss.reset.9711
                0x0000000020000040        0x1 ./Core/Src/app.o
 *fill*         0x0000000020000041        0x3 
 .bss.G_System_counter
                0x0000000020000044        0x4 ./Core/Src/main.o
                0x0000000020000044                G_System_counter
 .bss._dataSent
                0x0000000020000048        0x1 ./Drivers/LED/Src/LED.o
                0x0000000020000048                _dataSent
 *fill*         0x0000000020000049        0x3 
 .bss.pwmData   0x000000002000004c     0x1388 ./Drivers/LED/Src/LED.o
 .bss.buff      0x00000000200013d4      0x400 ./Drivers/Message/Src/message.o
 *(COMMON)
 COMMON         0x00000000200017d4      0x40c ./Core/Src/main.o
                0x00000000200017d4                hdma_tim1_ch1
                0x0000000020001834                hdma_usart2_rx
                0x0000000020001894                hdma_i2c1_tx
                0x00000000200018f4                hi2c1
                0x0000000020001948                htim3
                0x0000000020001990                hdma_usart1_tx
                0x00000000200019f0                hdma_usart1_rx
                0x0000000020001a50                hdma_usart2_tx
                0x0000000020001ab0                huart1
                0x0000000020001af4                htim1
                0x0000000020001b3c                hdma_i2c1_rx
                0x0000000020001b9c                huart2
 COMMON         0x0000000020001be0      0x190 ./Drivers/LED/Src/LED.o
                0x0000000020001be0                LED_Data
                0x0000000020001ca8                LED_Temp
 COMMON         0x0000000020001d70        0xc ./Drivers/Message/Src/xprintf.o
                0x0000000020001d70                xfunc_in
                0x0000000020001d74                xfunc_out
                0x0000000020001d78                outptr
 COMMON         0x0000000020001d7c        0x4 ./Drivers/STM32F4xx_HAL_Driver/Src/stm32f4xx_hal.o
                0x0000000020001d7c                uwTick
                0x0000000020001d80                . = ALIGN (0x4)
                0x0000000020001d80                _ebss = .
                0x0000000020001d80                __bss_end__ = _ebss

._user_heap_stack
                0x0000000020001d80      0x600 load address 0x00000000080077a4
                0x0000000020001d80                . = ALIGN (0x8)
                [!provide]                        PROVIDE (end = .)
                0x0000000020001d80                PROVIDE (_end = .)
                0x0000000020001f80                . = (. + _Min_Heap_Size)
 *fill*         0x0000000020001d80      0x200 
                0x0000000020002380                . = (. + _Min_Stack_Size)
 *fill*         0x0000000020001f80      0x400 
                0x0000000020002380                . = ALIGN (0x8)

/DISCARD/
 libc.a(*)
 libm.a(*)
 libgcc.a(*)

.ARM.attributes
                0x0000000000000000       0x30
 *(.ARM.attributes)
 .ARM.attributes
                0x0000000000000000       0x1e /Applications/STM32CubeIDE.app/Contents/Eclipse/plugins/com.st.stm32cube.ide.mcu.externaltools.gnu-tools-for-stm32.9-2020-q2-update.macos64_2.0.0.202105311346/tools/bin/../lib/gcc/arm-none-eabi/9.3.1/thumb/v7e-m+fp/hard/crti.o
 .ARM.attributes
                0x000000000000001e       0x34 /Applications/STM32CubeIDE.app/Contents/Eclipse/plugins/com.st.stm32cube.ide.mcu.externaltools.gnu-tools-for-stm32.9-2020-q2-update.macos64_2.0.0.202105311346/tools/bin/../lib/gcc/arm-none-eabi/9.3.1/thumb/v7e-m+fp/hard/crtbegin.o
 .ARM.attributes
                0x0000000000000052       0x34 ./Core/Src/app.o
 .ARM.attributes
                0x0000000000000086       0x34 ./Core/Src/main.o
 .ARM.attributes
                0x00000000000000ba       0x34 ./Core/Src/stm32f4xx_hal_msp.o
 .ARM.attributes
                0x00000000000000ee       0x34 ./Core/Src/stm32f4xx_it.o
 .ARM.attributes
                0x0000000000000122       0x34 ./Core/Src/system_stm32f4xx.o
 .ARM.attributes
                0x0000000000000156       0x21 ./Core/Startup/startup_stm32f446retx.o
 .ARM.attributes
                0x0000000000000177       0x34 ./Drivers/GPIO/Src/GPIO.o
 .ARM.attributes
                0x00000000000001ab       0x34 ./Drivers/LED/Src/LED.o
 .ARM.attributes
                0x00000000000001df       0x34 ./Drivers/Message/Src/message.o
 .ARM.attributes
                0x0000000000000213       0x34 ./Drivers/Message/Src/xprintf.o
 .ARM.attributes
                0x0000000000000247       0x34 ./Drivers/PWM/Src/pwm.o
 .ARM.attributes
                0x000000000000027b       0x34 ./Drivers/STM32F4xx_HAL_Driver/Src/stm32f4xx_hal.o
 .ARM.attributes
                0x00000000000002af       0x34 ./Drivers/STM32F4xx_HAL_Driver/Src/stm32f4xx_hal_cortex.o
 .ARM.attributes
                0x00000000000002e3       0x34 ./Drivers/STM32F4xx_HAL_Driver/Src/stm32f4xx_hal_dma.o
 .ARM.attributes
                0x0000000000000317       0x34 ./Drivers/STM32F4xx_HAL_Driver/Src/stm32f4xx_hal_gpio.o
 .ARM.attributes
                0x000000000000034b       0x34 ./Drivers/STM32F4xx_HAL_Driver/Src/stm32f4xx_hal_i2c.o
 .ARM.attributes
                0x000000000000037f       0x34 ./Drivers/STM32F4xx_HAL_Driver/Src/stm32f4xx_hal_rcc.o
 .ARM.attributes
                0x00000000000003b3       0x34 ./Drivers/STM32F4xx_HAL_Driver/Src/stm32f4xx_hal_rcc_ex.o
 .ARM.attributes
                0x00000000000003e7       0x34 ./Drivers/STM32F4xx_HAL_Driver/Src/stm32f4xx_hal_tim.o
 .ARM.attributes
                0x000000000000041b       0x34 ./Drivers/STM32F4xx_HAL_Driver/Src/stm32f4xx_hal_tim_ex.o
 .ARM.attributes
                0x000000000000044f       0x34 ./Drivers/STM32F4xx_HAL_Driver/Src/stm32f4xx_hal_uart.o
 .ARM.attributes
                0x0000000000000483       0x34 /Applications/STM32CubeIDE.app/Contents/Eclipse/plugins/com.st.stm32cube.ide.mcu.externaltools.gnu-tools-for-stm32.9-2020-q2-update.macos64_2.0.0.202105311346/tools/bin/../lib/gcc/arm-none-eabi/9.3.1/../../../../arm-none-eabi/lib/thumb/v7e-m+fp/hard/libc_nano.a(lib_a-init.o)
 .ARM.attributes
                0x00000000000004b7       0x34 /Applications/STM32CubeIDE.app/Contents/Eclipse/plugins/com.st.stm32cube.ide.mcu.externaltools.gnu-tools-for-stm32.9-2020-q2-update.macos64_2.0.0.202105311346/tools/bin/../lib/gcc/arm-none-eabi/9.3.1/../../../../arm-none-eabi/lib/thumb/v7e-m+fp/hard/libc_nano.a(lib_a-memset.o)
 .ARM.attributes
                0x00000000000004eb       0x1e /Applications/STM32CubeIDE.app/Contents/Eclipse/plugins/com.st.stm32cube.ide.mcu.externaltools.gnu-tools-for-stm32.9-2020-q2-update.macos64_2.0.0.202105311346/tools/bin/../lib/gcc/arm-none-eabi/9.3.1/thumb/v7e-m+fp/hard/libgcc.a(_aeabi_uldivmod.o)
 .ARM.attributes
                0x0000000000000509       0x34 /Applications/STM32CubeIDE.app/Contents/Eclipse/plugins/com.st.stm32cube.ide.mcu.externaltools.gnu-tools-for-stm32.9-2020-q2-update.macos64_2.0.0.202105311346/tools/bin/../lib/gcc/arm-none-eabi/9.3.1/thumb/v7e-m+fp/hard/libgcc.a(_udivmoddi4.o)
 .ARM.attributes
                0x000000000000053d       0x1e /Applications/STM32CubeIDE.app/Contents/Eclipse/plugins/com.st.stm32cube.ide.mcu.externaltools.gnu-tools-for-stm32.9-2020-q2-update.macos64_2.0.0.202105311346/tools/bin/../lib/gcc/arm-none-eabi/9.3.1/thumb/v7e-m+fp/hard/libgcc.a(_dvmd_tls.o)
 .ARM.attributes
                0x000000000000055b       0x1e /Applications/STM32CubeIDE.app/Contents/Eclipse/plugins/com.st.stm32cube.ide.mcu.externaltools.gnu-tools-for-stm32.9-2020-q2-update.macos64_2.0.0.202105311346/tools/bin/../lib/gcc/arm-none-eabi/9.3.1/thumb/v7e-m+fp/hard/crtn.o
OUTPUT(SMASTA.elf elf32-littlearm)
LOAD linker stubs
LOAD /Applications/STM32CubeIDE.app/Contents/Eclipse/plugins/com.st.stm32cube.ide.mcu.externaltools.gnu-tools-for-stm32.9-2020-q2-update.macos64_2.0.0.202105311346/tools/bin/../lib/gcc/arm-none-eabi/9.3.1/../../../../arm-none-eabi/lib/thumb/v7e-m+fp/hard/libc.a
LOAD /Applications/STM32CubeIDE.app/Contents/Eclipse/plugins/com.st.stm32cube.ide.mcu.externaltools.gnu-tools-for-stm32.9-2020-q2-update.macos64_2.0.0.202105311346/tools/bin/../lib/gcc/arm-none-eabi/9.3.1/../../../../arm-none-eabi/lib/thumb/v7e-m+fp/hard/libm.a
LOAD /Applications/STM32CubeIDE.app/Contents/Eclipse/plugins/com.st.stm32cube.ide.mcu.externaltools.gnu-tools-for-stm32.9-2020-q2-update.macos64_2.0.0.202105311346/tools/bin/../lib/gcc/arm-none-eabi/9.3.1/thumb/v7e-m+fp/hard/libgcc.a

.debug_info     0x0000000000000000    0x195a3
 .debug_info    0x0000000000000000     0x17d6 ./Core/Src/app.o
 .debug_info    0x00000000000017d6     0x18d7 ./Core/Src/main.o
 .debug_info    0x00000000000030ad     0x1523 ./Core/Src/stm32f4xx_hal_msp.o
 .debug_info    0x00000000000045d0      0xe50 ./Core/Src/stm32f4xx_it.o
 .debug_info    0x0000000000005420      0x5dc ./Core/Src/system_stm32f4xx.o
 .debug_info    0x00000000000059fc       0x22 ./Core/Startup/startup_stm32f446retx.o
 .debug_info    0x0000000000005a1e     0x16ff ./Drivers/GPIO/Src/GPIO.o
 .debug_info    0x000000000000711d     0x174e ./Drivers/LED/Src/LED.o
 .debug_info    0x000000000000886b     0x1736 ./Drivers/Message/Src/message.o
 .debug_info    0x0000000000009fa1      0x650 ./Drivers/Message/Src/xprintf.o
 .debug_info    0x000000000000a5f1     0x15d4 ./Drivers/PWM/Src/pwm.o
 .debug_info    0x000000000000bbc5      0xa08 ./Drivers/STM32F4xx_HAL_Driver/Src/stm32f4xx_hal.o
 .debug_info    0x000000000000c5cd      0xef5 ./Drivers/STM32F4xx_HAL_Driver/Src/stm32f4xx_hal_cortex.o
 .debug_info    0x000000000000d4c2      0x9f1 ./Drivers/STM32F4xx_HAL_Driver/Src/stm32f4xx_hal_dma.o
 .debug_info    0x000000000000deb3      0x892 ./Drivers/STM32F4xx_HAL_Driver/Src/stm32f4xx_hal_gpio.o
 .debug_info    0x000000000000e745     0x265b ./Drivers/STM32F4xx_HAL_Driver/Src/stm32f4xx_hal_i2c.o
 .debug_info    0x0000000000010da0      0x9db ./Drivers/STM32F4xx_HAL_Driver/Src/stm32f4xx_hal_rcc.o
 .debug_info    0x000000000001177b      0xa86 ./Drivers/STM32F4xx_HAL_Driver/Src/stm32f4xx_hal_rcc_ex.o
 .debug_info    0x0000000000012201     0x2c22 ./Drivers/STM32F4xx_HAL_Driver/Src/stm32f4xx_hal_tim.o
 .debug_info    0x0000000000014e23     0x15a2 ./Drivers/STM32F4xx_HAL_Driver/Src/stm32f4xx_hal_tim_ex.o
 .debug_info    0x00000000000163c5     0x31de ./Drivers/STM32F4xx_HAL_Driver/Src/stm32f4xx_hal_uart.o

.debug_abbrev   0x0000000000000000     0x2d5f
 .debug_abbrev  0x0000000000000000      0x25e ./Core/Src/app.o
 .debug_abbrev  0x000000000000025e      0x28e ./Core/Src/main.o
 .debug_abbrev  0x00000000000004ec      0x206 ./Core/Src/stm32f4xx_hal_msp.o
 .debug_abbrev  0x00000000000006f2      0x190 ./Core/Src/stm32f4xx_it.o
 .debug_abbrev  0x0000000000000882      0x145 ./Core/Src/system_stm32f4xx.o
 .debug_abbrev  0x00000000000009c7       0x12 ./Core/Startup/startup_stm32f446retx.o
 .debug_abbrev  0x00000000000009d9      0x224 ./Drivers/GPIO/Src/GPIO.o
 .debug_abbrev  0x0000000000000bfd      0x29f ./Drivers/LED/Src/LED.o
 .debug_abbrev  0x0000000000000e9c      0x2c3 ./Drivers/Message/Src/message.o
 .debug_abbrev  0x000000000000115f      0x1ff ./Drivers/Message/Src/xprintf.o
 .debug_abbrev  0x000000000000135e      0x206 ./Drivers/PWM/Src/pwm.o
 .debug_abbrev  0x0000000000001564      0x1ed ./Drivers/STM32F4xx_HAL_Driver/Src/stm32f4xx_hal.o
 .debug_abbrev  0x0000000000001751      0x33c ./Drivers/STM32F4xx_HAL_Driver/Src/stm32f4xx_hal_cortex.o
 .debug_abbrev  0x0000000000001a8d      0x259 ./Drivers/STM32F4xx_HAL_Driver/Src/stm32f4xx_hal_dma.o
 .debug_abbrev  0x0000000000001ce6      0x1f1 ./Drivers/STM32F4xx_HAL_Driver/Src/stm32f4xx_hal_gpio.o
 .debug_abbrev  0x0000000000001ed7      0x282 ./Drivers/STM32F4xx_HAL_Driver/Src/stm32f4xx_hal_i2c.o
 .debug_abbrev  0x0000000000002159      0x275 ./Drivers/STM32F4xx_HAL_Driver/Src/stm32f4xx_hal_rcc.o
 .debug_abbrev  0x00000000000023ce      0x1e2 ./Drivers/STM32F4xx_HAL_Driver/Src/stm32f4xx_hal_rcc_ex.o
 .debug_abbrev  0x00000000000025b0      0x25e ./Drivers/STM32F4xx_HAL_Driver/Src/stm32f4xx_hal_tim.o
 .debug_abbrev  0x000000000000280e      0x266 ./Drivers/STM32F4xx_HAL_Driver/Src/stm32f4xx_hal_tim_ex.o
 .debug_abbrev  0x0000000000002a74      0x2eb ./Drivers/STM32F4xx_HAL_Driver/Src/stm32f4xx_hal_uart.o

.debug_aranges  0x0000000000000000     0x1110
 .debug_aranges
                0x0000000000000000       0x30 ./Core/Src/app.o
 .debug_aranges
                0x0000000000000030       0x78 ./Core/Src/main.o
 .debug_aranges
                0x00000000000000a8       0x58 ./Core/Src/stm32f4xx_hal_msp.o
 .debug_aranges
                0x0000000000000100       0xb8 ./Core/Src/stm32f4xx_it.o
 .debug_aranges
                0x00000000000001b8       0x28 ./Core/Src/system_stm32f4xx.o
 .debug_aranges
                0x00000000000001e0       0x28 ./Core/Startup/startup_stm32f446retx.o
 .debug_aranges
                0x0000000000000208       0x30 ./Drivers/GPIO/Src/GPIO.o
 .debug_aranges
                0x0000000000000238       0x38 ./Drivers/LED/Src/LED.o
 .debug_aranges
                0x0000000000000270       0x40 ./Drivers/Message/Src/message.o
 .debug_aranges
                0x00000000000002b0       0x70 ./Drivers/Message/Src/xprintf.o
 .debug_aranges
                0x0000000000000320       0x28 ./Drivers/PWM/Src/pwm.o
 .debug_aranges
                0x0000000000000348       0xf0 ./Drivers/STM32F4xx_HAL_Driver/Src/stm32f4xx_hal.o
 .debug_aranges
                0x0000000000000438      0x118 ./Drivers/STM32F4xx_HAL_Driver/Src/stm32f4xx_hal_cortex.o
 .debug_aranges
                0x0000000000000550       0x90 ./Drivers/STM32F4xx_HAL_Driver/Src/stm32f4xx_hal_dma.o
 .debug_aranges
                0x00000000000005e0       0x58 ./Drivers/STM32F4xx_HAL_Driver/Src/stm32f4xx_hal_gpio.o
 .debug_aranges
                0x0000000000000638      0x2a0 ./Drivers/STM32F4xx_HAL_Driver/Src/stm32f4xx_hal_i2c.o
 .debug_aranges
                0x00000000000008d8       0x88 ./Drivers/STM32F4xx_HAL_Driver/Src/stm32f4xx_hal_rcc.o
 .debug_aranges
                0x0000000000000960       0x78 ./Drivers/STM32F4xx_HAL_Driver/Src/stm32f4xx_hal_rcc_ex.o
 .debug_aranges
                0x00000000000009d8      0x3d0 ./Drivers/STM32F4xx_HAL_Driver/Src/stm32f4xx_hal_tim.o
 .debug_aranges
                0x0000000000000da8      0x168 ./Drivers/STM32F4xx_HAL_Driver/Src/stm32f4xx_hal_tim_ex.o
 .debug_aranges
                0x0000000000000f10      0x200 ./Drivers/STM32F4xx_HAL_Driver/Src/stm32f4xx_hal_uart.o

.debug_ranges   0x0000000000000000     0x1020
 .debug_ranges  0x0000000000000000       0x20 ./Core/Src/app.o
 .debug_ranges  0x0000000000000020       0x68 ./Core/Src/main.o
 .debug_ranges  0x0000000000000088       0x48 ./Core/Src/stm32f4xx_hal_msp.o
 .debug_ranges  0x00000000000000d0       0xa8 ./Core/Src/stm32f4xx_it.o
 .debug_ranges  0x0000000000000178       0x18 ./Core/Src/system_stm32f4xx.o
 .debug_ranges  0x0000000000000190       0x20 ./Core/Startup/startup_stm32f446retx.o
 .debug_ranges  0x00000000000001b0       0x20 ./Drivers/GPIO/Src/GPIO.o
 .debug_ranges  0x00000000000001d0       0x28 ./Drivers/LED/Src/LED.o
 .debug_ranges  0x00000000000001f8       0x30 ./Drivers/Message/Src/message.o
 .debug_ranges  0x0000000000000228       0x60 ./Drivers/Message/Src/xprintf.o
 .debug_ranges  0x0000000000000288       0x18 ./Drivers/PWM/Src/pwm.o
 .debug_ranges  0x00000000000002a0       0xe0 ./Drivers/STM32F4xx_HAL_Driver/Src/stm32f4xx_hal.o
 .debug_ranges  0x0000000000000380      0x108 ./Drivers/STM32F4xx_HAL_Driver/Src/stm32f4xx_hal_cortex.o
 .debug_ranges  0x0000000000000488       0x80 ./Drivers/STM32F4xx_HAL_Driver/Src/stm32f4xx_hal_dma.o
 .debug_ranges  0x0000000000000508       0x48 ./Drivers/STM32F4xx_HAL_Driver/Src/stm32f4xx_hal_gpio.o
 .debug_ranges  0x0000000000000550      0x2b8 ./Drivers/STM32F4xx_HAL_Driver/Src/stm32f4xx_hal_i2c.o
 .debug_ranges  0x0000000000000808       0x78 ./Drivers/STM32F4xx_HAL_Driver/Src/stm32f4xx_hal_rcc.o
 .debug_ranges  0x0000000000000880       0x68 ./Drivers/STM32F4xx_HAL_Driver/Src/stm32f4xx_hal_rcc_ex.o
 .debug_ranges  0x00000000000008e8      0x3c0 ./Drivers/STM32F4xx_HAL_Driver/Src/stm32f4xx_hal_tim.o
 .debug_ranges  0x0000000000000ca8      0x158 ./Drivers/STM32F4xx_HAL_Driver/Src/stm32f4xx_hal_tim_ex.o
 .debug_ranges  0x0000000000000e00      0x220 ./Drivers/STM32F4xx_HAL_Driver/Src/stm32f4xx_hal_uart.o

.debug_macro    0x0000000000000000    0x23a00
 .debug_macro   0x0000000000000000      0x315 ./Core/Src/app.o
 .debug_macro   0x0000000000000315      0xaa8 ./Core/Src/app.o
 .debug_macro   0x0000000000000dbd       0x18 ./Core/Src/app.o
 .debug_macro   0x0000000000000dd5       0x22 ./Core/Src/app.o
 .debug_macro   0x0000000000000df7       0x4c ./Core/Src/app.o
 .debug_macro   0x0000000000000e43       0x94 ./Core/Src/app.o
 .debug_macro   0x0000000000000ed7       0x3c ./Core/Src/app.o
 .debug_macro   0x0000000000000f13       0x34 ./Core/Src/app.o
 .debug_macro   0x0000000000000f47       0x16 ./Core/Src/app.o
 .debug_macro   0x0000000000000f5d      0x10e ./Core/Src/app.o
 .debug_macro   0x000000000000106b       0x8d ./Core/Src/app.o
 .debug_macro   0x00000000000010f8       0x16 ./Core/Src/app.o
 .debug_macro   0x000000000000110e       0x43 ./Core/Src/app.o
 .debug_macro   0x0000000000001151       0x57 ./Core/Src/app.o
 .debug_macro   0x00000000000011a8       0x34 ./Core/Src/app.o
 .debug_macro   0x00000000000011dc       0x10 ./Core/Src/app.o
 .debug_macro   0x00000000000011ec       0x58 ./Core/Src/app.o
 .debug_macro   0x0000000000001244       0x71 ./Core/Src/app.o
 .debug_macro   0x00000000000012b5       0x1c ./Core/Src/app.o
 .debug_macro   0x00000000000012d1      0x12a ./Core/Src/app.o
 .debug_macro   0x00000000000013fb      0x339 ./Core/Src/app.o
 .debug_macro   0x0000000000001734       0x16 ./Core/Src/app.o
 .debug_macro   0x000000000000174a       0x29 ./Core/Src/app.o
 .debug_macro   0x0000000000001773       0x22 ./Core/Src/app.o
 .debug_macro   0x0000000000001795      0x1a9 ./Core/Src/app.o
 .debug_macro   0x000000000000193e      0x2a1 ./Core/Src/app.o
 .debug_macro   0x0000000000001bdf       0x2e ./Core/Src/app.o
 .debug_macro   0x0000000000001c0d       0x28 ./Core/Src/app.o
 .debug_macro   0x0000000000001c35      0x103 ./Core/Src/app.o
 .debug_macro   0x0000000000001d38       0x6a ./Core/Src/app.o
 .debug_macro   0x0000000000001da2      0x1df ./Core/Src/app.o
 .debug_macro   0x0000000000001f81       0x1c ./Core/Src/app.o
 .debug_macro   0x0000000000001f9d       0x22 ./Core/Src/app.o
 .debug_macro   0x0000000000001fbf       0xd9 ./Core/Src/app.o
 .debug_macro   0x0000000000002098     0x102d ./Core/Src/app.o
 .debug_macro   0x00000000000030c5      0x11f ./Core/Src/app.o
 .debug_macro   0x00000000000031e4    0x16749 ./Core/Src/app.o
 .debug_macro   0x000000000001992d       0x6d ./Core/Src/app.o
 .debug_macro   0x000000000001999a     0x3666 ./Core/Src/app.o
 .debug_macro   0x000000000001d000       0x56 ./Core/Src/app.o
 .debug_macro   0x000000000001d056      0xc90 ./Core/Src/app.o
 .debug_macro   0x000000000001dce6      0x9fe ./Core/Src/app.o
 .debug_macro   0x000000000001e6e4      0x116 ./Core/Src/app.o
 .debug_macro   0x000000000001e7fa      0x1a0 ./Core/Src/app.o
 .debug_macro   0x000000000001e99a       0xa5 ./Core/Src/app.o
 .debug_macro   0x000000000001ea3f      0x16d ./Core/Src/app.o
 .debug_macro   0x000000000001ebac      0x287 ./Core/Src/app.o
 .debug_macro   0x000000000001ee33       0x5f ./Core/Src/app.o
 .debug_macro   0x000000000001ee92      0x236 ./Core/Src/app.o
 .debug_macro   0x000000000001f0c8      0x132 ./Core/Src/app.o
 .debug_macro   0x000000000001f1fa      0x29c ./Core/Src/app.o
 .debug_macro   0x000000000001f496       0x2e ./Core/Src/app.o
 .debug_macro   0x000000000001f4c4      0x1b5 ./Core/Src/app.o
 .debug_macro   0x000000000001f679       0x22 ./Core/Src/app.o
 .debug_macro   0x000000000001f69b       0xd6 ./Core/Src/app.o
 .debug_macro   0x000000000001f771      0x11a ./Core/Src/app.o
 .debug_macro   0x000000000001f88b       0xe8 ./Core/Src/app.o
 .debug_macro   0x000000000001f973       0x89 ./Core/Src/app.o
 .debug_macro   0x000000000001f9fc      0x8d1 ./Core/Src/app.o
 .debug_macro   0x00000000000202cd       0x4d ./Core/Src/app.o
 .debug_macro   0x000000000002031a      0x295 ./Core/Src/app.o
 .debug_macro   0x00000000000205af      0x126 ./Core/Src/app.o
 .debug_macro   0x00000000000206d5       0x16 ./Core/Src/app.o
 .debug_macro   0x00000000000206eb       0x10 ./Core/Src/app.o
 .debug_macro   0x00000000000206fb       0x58 ./Core/Src/app.o
 .debug_macro   0x0000000000020753       0x28 ./Core/Src/app.o
 .debug_macro   0x000000000002077b      0x23c ./Core/Src/main.o
 .debug_macro   0x00000000000209b7       0x8e ./Core/Src/main.o
 .debug_macro   0x0000000000020a45       0x51 ./Core/Src/main.o
 .debug_macro   0x0000000000020a96       0xdf ./Core/Src/main.o
 .debug_macro   0x0000000000020b75      0x174 ./Core/Src/main.o
 .debug_macro   0x0000000000020ce9       0x5c ./Core/Src/main.o
 .debug_macro   0x0000000000020d45      0x23c ./Core/Src/stm32f4xx_hal_msp.o
 .debug_macro   0x0000000000020f81      0x246 ./Core/Src/stm32f4xx_it.o
 .debug_macro   0x00000000000211c7      0x1e7 ./Core/Src/system_stm32f4xx.o
 .debug_macro   0x00000000000213ae      0x30c ./Drivers/GPIO/Src/GPIO.o
 .debug_macro   0x00000000000216ba       0x52 ./Drivers/GPIO/Src/GPIO.o
 .debug_macro   0x000000000002170c      0x333 ./Drivers/GPIO/Src/GPIO.o
 .debug_macro   0x0000000000021a3f      0x313 ./Drivers/LED/Src/LED.o
 .debug_macro   0x0000000000021d52      0x329 ./Drivers/Message/Src/message.o
 .debug_macro   0x000000000002207b       0x22 ./Drivers/Message/Src/message.o
 .debug_macro   0x000000000002209d       0x58 ./Drivers/Message/Src/message.o
 .debug_macro   0x00000000000220f5       0x22 ./Drivers/Message/Src/message.o
 .debug_macro   0x0000000000022117      0x1fe ./Drivers/Message/Src/xprintf.o
 .debug_macro   0x0000000000022315      0x30c ./Drivers/PWM/Src/pwm.o
 .debug_macro   0x0000000000022621      0x247 ./Drivers/STM32F4xx_HAL_Driver/Src/stm32f4xx_hal.o
 .debug_macro   0x0000000000022868      0x1e7 ./Drivers/STM32F4xx_HAL_Driver/Src/stm32f4xx_hal_cortex.o
 .debug_macro   0x0000000000022a4f      0x1ed ./Drivers/STM32F4xx_HAL_Driver/Src/stm32f4xx_hal_dma.o
 .debug_macro   0x0000000000022c3c      0x1ed ./Drivers/STM32F4xx_HAL_Driver/Src/stm32f4xx_hal_gpio.o
 .debug_macro   0x0000000000022e29      0x22e ./Drivers/STM32F4xx_HAL_Driver/Src/stm32f4xx_hal_i2c.o
 .debug_macro   0x0000000000023057      0x20b ./Drivers/STM32F4xx_HAL_Driver/Src/stm32f4xx_hal_rcc.o
 .debug_macro   0x0000000000023262      0x1e7 ./Drivers/STM32F4xx_HAL_Driver/Src/stm32f4xx_hal_rcc_ex.o
 .debug_macro   0x0000000000023449      0x1e8 ./Drivers/STM32F4xx_HAL_Driver/Src/stm32f4xx_hal_tim.o
 .debug_macro   0x0000000000023631      0x1e7 ./Drivers/STM32F4xx_HAL_Driver/Src/stm32f4xx_hal_tim_ex.o
 .debug_macro   0x0000000000023818      0x1e8 ./Drivers/STM32F4xx_HAL_Driver/Src/stm32f4xx_hal_uart.o

.debug_line     0x0000000000000000    0x16f74
 .debug_line    0x0000000000000000      0xab8 ./Core/Src/app.o
 .debug_line    0x0000000000000ab8      0xaec ./Core/Src/main.o
 .debug_line    0x00000000000015a4      0xa99 ./Core/Src/stm32f4xx_hal_msp.o
 .debug_line    0x000000000000203d      0x9c1 ./Core/Src/stm32f4xx_it.o
 .debug_line    0x00000000000029fe      0x7a9 ./Core/Src/system_stm32f4xx.o
 .debug_line    0x00000000000031a7       0x88 ./Core/Startup/startup_stm32f446retx.o
 .debug_line    0x000000000000322f      0x9a1 ./Drivers/GPIO/Src/GPIO.o
 .debug_line    0x0000000000003bd0      0xaf2 ./Drivers/LED/Src/LED.o
 .debug_line    0x00000000000046c2      0xa35 ./Drivers/Message/Src/message.o
 .debug_line    0x00000000000050f7      0xc29 ./Drivers/Message/Src/xprintf.o
 .debug_line    0x0000000000005d20      0x98e ./Drivers/PWM/Src/pwm.o
 .debug_line    0x00000000000066ae      0xa0f ./Drivers/STM32F4xx_HAL_Driver/Src/stm32f4xx_hal.o
 .debug_line    0x00000000000070bd      0xcbe ./Drivers/STM32F4xx_HAL_Driver/Src/stm32f4xx_hal_cortex.o
 .debug_line    0x0000000000007d7b      0xf74 ./Drivers/STM32F4xx_HAL_Driver/Src/stm32f4xx_hal_dma.o
 .debug_line    0x0000000000008cef      0xb71 ./Drivers/STM32F4xx_HAL_Driver/Src/stm32f4xx_hal_gpio.o
 .debug_line    0x0000000000009860     0x39bb ./Drivers/STM32F4xx_HAL_Driver/Src/stm32f4xx_hal_i2c.o
 .debug_line    0x000000000000d21b      0xd97 ./Drivers/STM32F4xx_HAL_Driver/Src/stm32f4xx_hal_rcc.o
 .debug_line    0x000000000000dfb2     0x141d ./Drivers/STM32F4xx_HAL_Driver/Src/stm32f4xx_hal_rcc_ex.o
 .debug_line    0x000000000000f3cf     0x3703 ./Drivers/STM32F4xx_HAL_Driver/Src/stm32f4xx_hal_tim.o
 .debug_line    0x0000000000012ad2     0x1a0c ./Drivers/STM32F4xx_HAL_Driver/Src/stm32f4xx_hal_tim_ex.o
 .debug_line    0x00000000000144de     0x2a96 ./Drivers/STM32F4xx_HAL_Driver/Src/stm32f4xx_hal_uart.o

.debug_str      0x0000000000000000    0xd356d
 .debug_str     0x0000000000000000    0xcedfa ./Core/Src/app.o
                                      0xcf26d (size before relaxing)
 .debug_str     0x00000000000cedfa      0xa55 ./Core/Src/main.o
                                      0xcc172 (size before relaxing)
 .debug_str     0x00000000000cf84f       0xc7 ./Core/Src/stm32f4xx_hal_msp.o
                                      0xcbe5f (size before relaxing)
 .debug_str     0x00000000000cf916      0x1af ./Core/Src/stm32f4xx_it.o
                                      0xcb85d (size before relaxing)
 .debug_str     0x00000000000cfac5       0xaf ./Core/Src/system_stm32f4xx.o
                                      0xcab29 (size before relaxing)
 .debug_str     0x00000000000cfb74       0x71 ./Core/Startup/startup_stm32f446retx.o
 .debug_str     0x00000000000cfbe5       0x52 ./Drivers/GPIO/Src/GPIO.o
                                      0xce9d0 (size before relaxing)
 .debug_str     0x00000000000cfc37       0x8b ./Drivers/LED/Src/LED.o
                                      0xce9bb (size before relaxing)
 .debug_str     0x00000000000cfcc2      0x2a5 ./Drivers/Message/Src/message.o
                                      0xcec24 (size before relaxing)
 .debug_str     0x00000000000cff67       0x76 ./Drivers/Message/Src/xprintf.o
                                      0xcac46 (size before relaxing)
 .debug_str     0x00000000000cffdd       0x2e ./Drivers/PWM/Src/pwm.o
                                      0xce966 (size before relaxing)
 .debug_str     0x00000000000d000b      0x58d ./Drivers/STM32F4xx_HAL_Driver/Src/stm32f4xx_hal.o
                                      0xcb64c (size before relaxing)
 .debug_str     0x00000000000d0598      0x399 ./Drivers/STM32F4xx_HAL_Driver/Src/stm32f4xx_hal_cortex.o
                                      0xcb416 (size before relaxing)
 .debug_str     0x00000000000d0931      0x31d ./Drivers/STM32F4xx_HAL_Driver/Src/stm32f4xx_hal_dma.o
                                      0xcaf2e (size before relaxing)
 .debug_str     0x00000000000d0c4e      0x15f ./Drivers/STM32F4xx_HAL_Driver/Src/stm32f4xx_hal_gpio.o
                                      0xcacd0 (size before relaxing)
 .debug_str     0x00000000000d0dad      0xabe ./Drivers/STM32F4xx_HAL_Driver/Src/stm32f4xx_hal_i2c.o
                                      0xcba8b (size before relaxing)
 .debug_str     0x00000000000d186b      0x24e ./Drivers/STM32F4xx_HAL_Driver/Src/stm32f4xx_hal_rcc.o
                                      0xcaf30 (size before relaxing)
 .debug_str     0x00000000000d1ab9      0x324 ./Drivers/STM32F4xx_HAL_Driver/Src/stm32f4xx_hal_rcc_ex.o
                                      0xcaf8d (size before relaxing)
 .debug_str     0x00000000000d1ddd      0xd5e ./Drivers/STM32F4xx_HAL_Driver/Src/stm32f4xx_hal_tim.o
                                      0xcbe33 (size before relaxing)
 .debug_str     0x00000000000d2b3b      0x45a ./Drivers/STM32F4xx_HAL_Driver/Src/stm32f4xx_hal_tim_ex.o
                                      0xcb5e4 (size before relaxing)
 .debug_str     0x00000000000d2f95      0x5d8 ./Drivers/STM32F4xx_HAL_Driver/Src/stm32f4xx_hal_uart.o
                                      0xcb48c (size before relaxing)

.comment        0x0000000000000000       0x53
 .comment       0x0000000000000000       0x53 ./Core/Src/app.o
                                         0x54 (size before relaxing)
 .comment       0x0000000000000053       0x54 ./Core/Src/main.o
 .comment       0x0000000000000053       0x54 ./Core/Src/stm32f4xx_hal_msp.o
 .comment       0x0000000000000053       0x54 ./Core/Src/stm32f4xx_it.o
 .comment       0x0000000000000053       0x54 ./Core/Src/system_stm32f4xx.o
 .comment       0x0000000000000053       0x54 ./Drivers/GPIO/Src/GPIO.o
 .comment       0x0000000000000053       0x54 ./Drivers/LED/Src/LED.o
 .comment       0x0000000000000053       0x54 ./Drivers/Message/Src/message.o
 .comment       0x0000000000000053       0x54 ./Drivers/Message/Src/xprintf.o
 .comment       0x0000000000000053       0x54 ./Drivers/PWM/Src/pwm.o
 .comment       0x0000000000000053       0x54 ./Drivers/STM32F4xx_HAL_Driver/Src/stm32f4xx_hal.o
 .comment       0x0000000000000053       0x54 ./Drivers/STM32F4xx_HAL_Driver/Src/stm32f4xx_hal_cortex.o
 .comment       0x0000000000000053       0x54 ./Drivers/STM32F4xx_HAL_Driver/Src/stm32f4xx_hal_dma.o
 .comment       0x0000000000000053       0x54 ./Drivers/STM32F4xx_HAL_Driver/Src/stm32f4xx_hal_gpio.o
 .comment       0x0000000000000053       0x54 ./Drivers/STM32F4xx_HAL_Driver/Src/stm32f4xx_hal_i2c.o
 .comment       0x0000000000000053       0x54 ./Drivers/STM32F4xx_HAL_Driver/Src/stm32f4xx_hal_rcc.o
 .comment       0x0000000000000053       0x54 ./Drivers/STM32F4xx_HAL_Driver/Src/stm32f4xx_hal_rcc_ex.o
 .comment       0x0000000000000053       0x54 ./Drivers/STM32F4xx_HAL_Driver/Src/stm32f4xx_hal_tim.o
 .comment       0x0000000000000053       0x54 ./Drivers/STM32F4xx_HAL_Driver/Src/stm32f4xx_hal_tim_ex.o
 .comment       0x0000000000000053       0x54 ./Drivers/STM32F4xx_HAL_Driver/Src/stm32f4xx_hal_uart.o

.debug_frame    0x0000000000000000     0x47d0
 .debug_frame   0x0000000000000000       0x7c ./Core/Src/app.o
 .debug_frame   0x000000000000007c      0x194 ./Core/Src/main.o
 .debug_frame   0x0000000000000210      0x134 ./Core/Src/stm32f4xx_hal_msp.o
 .debug_frame   0x0000000000000344      0x238 ./Core/Src/stm32f4xx_it.o
 .debug_frame   0x000000000000057c       0x58 ./Core/Src/system_stm32f4xx.o
 .debug_frame   0x00000000000005d4       0x7c ./Drivers/GPIO/Src/GPIO.o
 .debug_frame   0x0000000000000650       0xa0 ./Drivers/LED/Src/LED.o
 .debug_frame   0x00000000000006f0       0xf8 ./Drivers/Message/Src/message.o
 .debug_frame   0x00000000000007e8      0x1e4 ./Drivers/Message/Src/xprintf.o
 .debug_frame   0x00000000000009cc       0x54 ./Drivers/PWM/Src/pwm.o
 .debug_frame   0x0000000000000a20      0x374 ./Drivers/STM32F4xx_HAL_Driver/Src/stm32f4xx_hal.o
 .debug_frame   0x0000000000000d94      0x498 ./Drivers/STM32F4xx_HAL_Driver/Src/stm32f4xx_hal_cortex.o
 .debug_frame   0x000000000000122c      0x250 ./Drivers/STM32F4xx_HAL_Driver/Src/stm32f4xx_hal_dma.o
 .debug_frame   0x000000000000147c      0x14c ./Drivers/STM32F4xx_HAL_Driver/Src/stm32f4xx_hal_gpio.o
 .debug_frame   0x00000000000015c8      0xc5c ./Drivers/STM32F4xx_HAL_Driver/Src/stm32f4xx_hal_i2c.o
 .debug_frame   0x0000000000002224      0x1f0 ./Drivers/STM32F4xx_HAL_Driver/Src/stm32f4xx_hal_rcc.o
 .debug_frame   0x0000000000002414      0x1e8 ./Drivers/STM32F4xx_HAL_Driver/Src/stm32f4xx_hal_rcc_ex.o
 .debug_frame   0x00000000000025fc     0x11c4 ./Drivers/STM32F4xx_HAL_Driver/Src/stm32f4xx_hal_tim.o
 .debug_frame   0x00000000000037c0      0x638 ./Drivers/STM32F4xx_HAL_Driver/Src/stm32f4xx_hal_tim_ex.o
 .debug_frame   0x0000000000003df8      0x92c ./Drivers/STM32F4xx_HAL_Driver/Src/stm32f4xx_hal_uart.o
 .debug_frame   0x0000000000004724       0x2c /Applications/STM32CubeIDE.app/Contents/Eclipse/plugins/com.st.stm32cube.ide.mcu.externaltools.gnu-tools-for-stm32.9-2020-q2-update.macos64_2.0.0.202105311346/tools/bin/../lib/gcc/arm-none-eabi/9.3.1/../../../../arm-none-eabi/lib/thumb/v7e-m+fp/hard/libc_nano.a(lib_a-init.o)
 .debug_frame   0x0000000000004750       0x20 /Applications/STM32CubeIDE.app/Contents/Eclipse/plugins/com.st.stm32cube.ide.mcu.externaltools.gnu-tools-for-stm32.9-2020-q2-update.macos64_2.0.0.202105311346/tools/bin/../lib/gcc/arm-none-eabi/9.3.1/../../../../arm-none-eabi/lib/thumb/v7e-m+fp/hard/libc_nano.a(lib_a-memset.o)
 .debug_frame   0x0000000000004770       0x2c /Applications/STM32CubeIDE.app/Contents/Eclipse/plugins/com.st.stm32cube.ide.mcu.externaltools.gnu-tools-for-stm32.9-2020-q2-update.macos64_2.0.0.202105311346/tools/bin/../lib/gcc/arm-none-eabi/9.3.1/thumb/v7e-m+fp/hard/libgcc.a(_aeabi_uldivmod.o)
 .debug_frame   0x000000000000479c       0x34 /Applications/STM32CubeIDE.app/Contents/Eclipse/plugins/com.st.stm32cube.ide.mcu.externaltools.gnu-tools-for-stm32.9-2020-q2-update.macos64_2.0.0.202105311346/tools/bin/../lib/gcc/arm-none-eabi/9.3.1/thumb/v7e-m+fp/hard/libgcc.a(_udivmoddi4.o)
