main.c:99:5:main	8	static
main.c:190:6:SystemClock_Config	88	static
main.c:236:13:MX_I2C1_Init	8	static
main.c:270:13:MX_TIM1_Init	96	static
main.c:345:13:MX_TIM2_Init	64	static
main.c:416:13:MX_TIM3_Init	64	static
main.c:487:13:MX_USART1_UART_Init	8	static
main.c:520:13:MX_USART2_UART_Init	8	static
main.c:551:13:MX_DMA_Init	16	static
main.c:588:13:MX_GPIO_Init	48	static
main.c:664:6:HAL_UART_TxCpltCallback	16	static
main.c:671:6:HAL_TIM_PWM_PulseFinishedCallback	16	static
main.c:687:6:Error_Handler	4	static,ignoring_inline_asm
