LED.c:33:6:D_LED_Set_Blink	16	static
LED.c:50:6:D_LED_Get_Blink	24	static
LED.c:58:6:D_LED_Set_Rainbow	16	static
LED.c:71:6:D_LED_Get_Rainbow	32	static
LED.c:80:6:D_LED_Rainbow_ArraySwap	184	static
LED.c:107:6:D_LED_Init_YellowRandom	16	static
LED.c:113:6:D_LED_Set_YellowRandomFlow	16	static
LED.c:123:6:D_LED_Get_YellowRandomFlow	24	static
LED.c:134:6:D_LED_Off	16	static
LED.c:143:6:D_LED_Set	24	static
LED.c:151:6:D_LED_Set_All	24	static
LED.c:161:6:D_LED_Set_Circle	24	static
LED.c:170:6:D_LED_Send	32	static
LED.c:201:6:D_LED_Rotate	32	static
LED.c:224:6:D_LED_Callback	8	static
