LED.c:37:6:D_LED_Reset_TimeGradation	4	static
LED.c:43:6:D_LED_Set_TimeGradation	16	static
LED.c:55:6:D_LED_Get_TimeGradation	32	static
LED.c:82:6:D_LED_Set_Blink	16	static
LED.c:99:6:D_LED_Get_Blink	24	static
LED.c:107:6:D_LED_Set_Rainbow	16	static
LED.c:120:6:D_LED_Get_Rainbow	32	static
LED.c:129:6:D_LED_Rainbow_ArraySwap	184	static
LED.c:156:6:D_LED_Init_YellowRandom	16	static
LED.c:162:6:D_LED_Set_YellowRandomFlow	16	static
LED.c:172:6:D_LED_Get_YellowRandomFlow	24	static
LED.c:183:6:D_LED_Off	16	static
LED.c:192:6:D_LED_Set	24	static
LED.c:200:6:D_LED_Set_All	24	static
LED.c:210:6:D_LED_Set_Circle	24	static
LED.c:219:6:D_LED_Send	32	static
LED.c:250:6:D_LED_Rotate	32	static
LED.c:273:6:D_LED_Callback	8	static
