app.c:53:5:appInit	8	static
app.c:60:5:appTask	16	static
app.c:129:12:JPC_Pocket_cal	32	static
app.c:140:12:JPC_Pocket	24	static
app.c:150:12:JPC_Processing	32	static
app.c:301:12:JPC_DecelerationSpeed_cal	40	static
app.c:308:12:Encoder_1st	16	static
app.c:344:12:Encoder_2nd	16	static
app.c:380:12:Encoder_3rd	16	static
app.c:417:12:Encoder_JP	16	static
app.c:454:13:Lottery_1st2nd_SetSpeed	24	static
app.c:466:13:Lottery_3rd_SetSpeed	24	static
app.c:479:13:Lottery_JP_SetSpeed	24	static
app.c:496:13:JP_Lift_Up	8	static
app.c:508:13:JP_Lift_Down	8	static
