Archive member included to satisfy reference by file (symbol)

/Applications/STM32CubeIDE.app/Contents/Eclipse/plugins/com.st.stm32cube.ide.mcu.externaltools.gnu-tools-for-stm32.9-2020-q2-update.macos64_2.0.0.202105311346/tools/bin/../lib/gcc/arm-none-eabi/9.3.1/../../../../arm-none-eabi/lib/thumb/v7e-m+fp/hard/libc_nano.a(lib_a-errno.o)
                              ./Core/Src/syscalls.o (__errno)
/Applications/STM32CubeIDE.app/Contents/Eclipse/plugins/com.st.stm32cube.ide.mcu.externaltools.gnu-tools-for-stm32.9-2020-q2-update.macos64_2.0.0.202105311346/tools/bin/../lib/gcc/arm-none-eabi/9.3.1/../../../../arm-none-eabi/lib/thumb/v7e-m+fp/hard/libc_nano.a(lib_a-exit.o)
                              /Applications/STM32CubeIDE.app/Contents/Eclipse/plugins/com.st.stm32cube.ide.mcu.externaltools.gnu-tools-for-stm32.9-2020-q2-update.macos64_2.0.0.202105311346/tools/bin/../lib/gcc/arm-none-eabi/9.3.1/../../../../arm-none-eabi/lib/thumb/v7e-m+fp/hard/crt0.o (exit)
/Applications/STM32CubeIDE.app/Contents/Eclipse/plugins/com.st.stm32cube.ide.mcu.externaltools.gnu-tools-for-stm32.9-2020-q2-update.macos64_2.0.0.202105311346/tools/bin/../lib/gcc/arm-none-eabi/9.3.1/../../../../arm-none-eabi/lib/thumb/v7e-m+fp/hard/libc_nano.a(lib_a-impure.o)
                              /Applications/STM32CubeIDE.app/Contents/Eclipse/plugins/com.st.stm32cube.ide.mcu.externaltools.gnu-tools-for-stm32.9-2020-q2-update.macos64_2.0.0.202105311346/tools/bin/../lib/gcc/arm-none-eabi/9.3.1/../../../../arm-none-eabi/lib/thumb/v7e-m+fp/hard/libc_nano.a(lib_a-exit.o) (_global_impure_ptr)
/Applications/STM32CubeIDE.app/Contents/Eclipse/plugins/com.st.stm32cube.ide.mcu.externaltools.gnu-tools-for-stm32.9-2020-q2-update.macos64_2.0.0.202105311346/tools/bin/../lib/gcc/arm-none-eabi/9.3.1/../../../../arm-none-eabi/lib/thumb/v7e-m+fp/hard/libc_nano.a(lib_a-init.o)
                              /Applications/STM32CubeIDE.app/Contents/Eclipse/plugins/com.st.stm32cube.ide.mcu.externaltools.gnu-tools-for-stm32.9-2020-q2-update.macos64_2.0.0.202105311346/tools/bin/../lib/gcc/arm-none-eabi/9.3.1/../../../../arm-none-eabi/lib/thumb/v7e-m+fp/hard/crt0.o (__libc_init_array)
/Applications/STM32CubeIDE.app/Contents/Eclipse/plugins/com.st.stm32cube.ide.mcu.externaltools.gnu-tools-for-stm32.9-2020-q2-update.macos64_2.0.0.202105311346/tools/bin/../lib/gcc/arm-none-eabi/9.3.1/../../../../arm-none-eabi/lib/thumb/v7e-m+fp/hard/libc_nano.a(lib_a-memset.o)
                              /Applications/STM32CubeIDE.app/Contents/Eclipse/plugins/com.st.stm32cube.ide.mcu.externaltools.gnu-tools-for-stm32.9-2020-q2-update.macos64_2.0.0.202105311346/tools/bin/../lib/gcc/arm-none-eabi/9.3.1/../../../../arm-none-eabi/lib/thumb/v7e-m+fp/hard/crt0.o (memset)
/Applications/STM32CubeIDE.app/Contents/Eclipse/plugins/com.st.stm32cube.ide.mcu.externaltools.gnu-tools-for-stm32.9-2020-q2-update.macos64_2.0.0.202105311346/tools/bin/../lib/gcc/arm-none-eabi/9.3.1/thumb/v7e-m+fp/hard/libgcc.a(_aeabi_uldivmod.o)
                              ./Drivers/STM32F4xx_HAL_Driver/Src/stm32f4xx_hal_rcc.o (__aeabi_uldivmod)
/Applications/STM32CubeIDE.app/Contents/Eclipse/plugins/com.st.stm32cube.ide.mcu.externaltools.gnu-tools-for-stm32.9-2020-q2-update.macos64_2.0.0.202105311346/tools/bin/../lib/gcc/arm-none-eabi/9.3.1/thumb/v7e-m+fp/hard/libgcc.a(_udivmoddi4.o)
                              /Applications/STM32CubeIDE.app/Contents/Eclipse/plugins/com.st.stm32cube.ide.mcu.externaltools.gnu-tools-for-stm32.9-2020-q2-update.macos64_2.0.0.202105311346/tools/bin/../lib/gcc/arm-none-eabi/9.3.1/thumb/v7e-m+fp/hard/libgcc.a(_aeabi_uldivmod.o) (__udivmoddi4)
/Applications/STM32CubeIDE.app/Contents/Eclipse/plugins/com.st.stm32cube.ide.mcu.externaltools.gnu-tools-for-stm32.9-2020-q2-update.macos64_2.0.0.202105311346/tools/bin/../lib/gcc/arm-none-eabi/9.3.1/thumb/v7e-m+fp/hard/libgcc.a(_dvmd_tls.o)
                              /Applications/STM32CubeIDE.app/Contents/Eclipse/plugins/com.st.stm32cube.ide.mcu.externaltools.gnu-tools-for-stm32.9-2020-q2-update.macos64_2.0.0.202105311346/tools/bin/../lib/gcc/arm-none-eabi/9.3.1/thumb/v7e-m+fp/hard/libgcc.a(_aeabi_uldivmod.o) (__aeabi_ldiv0)

Allocating common symbols
Common symbol       size              file

hdma_usart2_rx      0x60              ./Core/Src/main.o
xfunc_in            0x4               ./Drivers/Message/Src/xprintf.o
hdma_i2c1_tx        0x60              ./Core/Src/main.o
hi2c1               0x54              ./Core/Src/main.o
xfunc_out           0x4               ./Drivers/Message/Src/xprintf.o
uwTick              0x4               ./Drivers/STM32F4xx_HAL_Driver/Src/stm32f4xx_hal.o
pFlash              0x20              ./Drivers/STM32F4xx_HAL_Driver/Src/stm32f4xx_hal_flash.o
htim3               0x48              ./Core/Src/main.o
hdma_usart1_tx      0x60              ./Core/Src/main.o
hdma_usart1_rx      0x60              ./Core/Src/main.o
hdma_usart2_tx      0x60              ./Core/Src/main.o
[...]
Memory Configuration

Name             Origin             Length             Attributes
RAM              0x0000000020000000 0x0000000000020000 xrw
FLASH            0x0000000008000000 0x0000000000080000 xr
*default*        0x0000000000000000 0xffffffffffffffff

Linker script and memory map

LOAD /Applications/STM32CubeIDE.app/Contents/Eclipse/plugins/com.st.stm32cube.ide.mcu.externaltools.gnu-tools-for-stm32.9-2020-q2-update.macos64_2.0.0.202105311346/tools/bin/../lib/gcc/arm-none-eabi/9.3.1/thumb/v7e-m+fp/hard/crti.o
LOAD /Applications/STM32CubeIDE.app/Contents/Eclipse/plugins/com.st.stm32cube.ide.mcu.externaltools.gnu-tools-for-stm32.9-2020-q2-update.macos64_2.0.0.202105311346/tools/bin/../lib/gcc/arm-none-eabi/9.3.1/thumb/v7e-m+fp/hard/crtbegin.o
LOAD /Applications/STM32CubeIDE.app/Contents/Eclipse/plugins/com.st.stm32cube.ide.mcu.externaltools.gnu-tools-for-stm32.9-2020-q2-update.macos64_2.0.0.202105311346/tools/bin/../lib/gcc/arm-none-eabi/9.3.1/../../../../arm-none-eabi/lib/thumb/v7e-m+fp/hard/crt0.o
LOAD ./Core/Src/app.o
LOAD ./Core/Src/main.o
LOAD ./Core/Src/stm32f4xx_hal_msp.o
LOAD ./Core/Src/stm32f4xx_it.o
LOAD ./Core/Src/syscalls.o
LOAD ./Core/Src/sysmem.o
LOAD ./Core/Src/system_stm32f4xx.o
LOAD ./Core/Startup/startup_stm32f446retx.o
LOAD ./Drivers/GPIO/Src/GPIO.o
LOAD ./Drivers/Message/Src/message.o
LOAD ./Drivers/Message/Src/xprintf.o
LOAD ./Drivers/PWM/Src/pwm.o
LOAD ./Drivers/STM32F4xx_HAL_Driver/Src/stm32f4xx_hal.o
LOAD ./Drivers/STM32F4xx_HAL_Driver/Src/stm32f4xx_hal_cortex.o
LOAD ./Drivers/STM32F4xx_HAL_Driver/Src/stm32f4xx_hal_dma.o
LOAD ./Drivers/STM32F4xx_HAL_Driver/Src/stm32f4xx_hal_dma_ex.o
LOAD ./Drivers/STM32F4xx_HAL_Driver/Src/stm32f4xx_hal_exti.o
LOAD ./Drivers/STM32F4xx_HAL_Driver/Src/stm32f4xx_hal_flash.o
LOAD ./Drivers/STM32F4xx_HAL_Driver/Src/stm32f4xx_hal_flash_ex.o
LOAD ./Drivers/STM32F4xx_HAL_Driver/Src/stm32f4xx_hal_flash_ramfunc.o
LOAD ./Drivers/STM32F4xx_HAL_Driver/Src/stm32f4xx_hal_gpio.o
LOAD ./Drivers/STM32F4xx_HAL_Driver/Src/stm32f4xx_hal_i2c.o
LOAD ./Drivers/STM32F4xx_HAL_Driver/Src/stm32f4xx_hal_i2c_ex.o
LOAD ./Drivers/STM32F4xx_HAL_Driver/Src/stm32f4xx_hal_pwr.o
LOAD ./Drivers/STM32F4xx_HAL_Driver/Src/stm32f4xx_hal_pwr_ex.o
LOAD ./Drivers/STM32F4xx_HAL_Driver/Src/stm32f4xx_hal_rcc.o
LOAD ./Drivers/STM32F4xx_HAL_Driver/Src/stm32f4xx_hal_rcc_ex.o
LOAD ./Drivers/STM32F4xx_HAL_Driver/Src/stm32f4xx_hal_tim.o
LOAD ./Drivers/STM32F4xx_HAL_Driver/Src/stm32f4xx_hal_tim_ex.o
LOAD ./Drivers/STM32F4xx_HAL_Driver/Src/stm32f4xx_hal_uart.o
START GROUP
LOAD /Applications/STM32CubeIDE.app/Contents/Eclipse/plugins/com.st.stm32cube.ide.mcu.externaltools.gnu-tools-for-stm32.9-2020-q2-update.macos64_2.0.0.202105311346/tools/bin/../lib/gcc/arm-none-eabi/9.3.1/../../../../arm-none-eabi/lib/thumb/v7e-m+fp/hard/libc_nano.a
LOAD /Applications/STM32CubeIDE.app/Contents/Eclipse/plugins/com.st.stm32cube.ide.mcu.externaltools.gnu-tools-for-stm32.9-2020-q2-update.macos64_2.0.0.202105311346/tools/bin/../lib/gcc/arm-none-eabi/9.3.1/../../../../arm-none-eabi/lib/thumb/v7e-m+fp/hard/libm.a
END GROUP
START GROUP
LOAD /Applications/STM32CubeIDE.app/Contents/Eclipse/plugins/com.st.stm32cube.ide.mcu.externaltools.gnu-tools-for-stm32.9-2020-q2-update.macos64_2.0.0.202105311346/tools/bin/../lib/gcc/arm-none-eabi/9.3.1/thumb/v7e-m+fp/hard/libgcc.a
LOAD /Applications/STM32CubeIDE.app/Contents/Eclipse/plugins/com.st.stm32cube.ide.mcu.externaltools.gnu-tools-for-stm32.9-2020-q2-update.macos64_2.0.0.202105311346/tools/bin/../lib/gcc/arm-none-eabi/9.3.1/../../../../arm-none-eabi/lib/thumb/v7e-m+fp/hard/libc_nano.a
END GROUP
START GROUP
LOAD /Applications/STM32CubeIDE.app/Contents/Eclipse/plugins/com.st.stm32cube.ide.mcu.externaltools.gnu-tools-for-stm32.9-2020-q2-update.macos64_2.0.0.202105311346/tools/bin/../lib/gcc/arm-none-eabi/9.3.1/thumb/v7e-m+fp/hard/libgcc.a
LOAD /Applications/STM32CubeIDE.app/Contents/Eclipse/plugins/com.st.stm32cube.ide.mcu.externaltools.gnu-tools-for-stm32.9-2020-q2-update.macos64_2.0.0.202105311346/tools/bin/../lib/gcc/arm-none-eabi/9.3.1/../../../../arm-none-eabi/lib/thumb/v7e-m+fp/hard/libc_nano.a
LOAD /Applications/STM32CubeIDE.app/Contents/Eclipse/plugins/com.st.stm32cube.ide.mcu.externaltools.gnu-tools-for-stm32.9-2020-q2-update.macos64_2.0.0.202105311346/tools/bin/../lib/gcc/arm-none-eabi/9.3.1/../../../../arm-none-eabi/lib/thumb/v7e-m+fp/hard/libnosys.a
END GROUP
START GROUP
LOAD /Applications/STM32CubeIDE.app/Contents/Eclipse/plugins/com.st.stm32cube.ide.mcu.externaltools.gnu-tools-for-stm32.9-2020-q2-update.macos64_2.0.0.202105311346/tools/bin/../lib/gcc/arm-none-eabi/9.3.1/thumb/v7e-m+fp/hard/libgcc.a
LOAD /Applications/STM32CubeIDE.app/Contents/Eclipse/plugins/com.st.stm32cube.ide.mcu.externaltools.gnu-tools-for-stm32.9-2020-q2-update.macos64_2.0.0.202105311346/tools/bin/../lib/gcc/arm-none-eabi/9.3.1/../../../../arm-none-eabi/lib/thumb/v7e-m+fp/hard/libc_nano.a
LOAD /Applications/STM32CubeIDE.app/Contents/Eclipse/plugins/com.st.stm32cube.ide.mcu.externaltools.gnu-tools-for-stm32.9-2020-q2-update.macos64_2.0.0.202105311346/tools/bin/../lib/gcc/arm-none-eabi/9.3.1/../../../../arm-none-eabi/lib/thumb/v7e-m+fp/hard/libnosys.a
END GROUP
LOAD /Applications/STM32CubeIDE.app/Contents/Eclipse/plugins/com.st.stm32cube.ide.mcu.externaltools.gnu-tools-for-stm32.9-2020-q2-update.macos64_2.0.0.202105311346/tools/bin/../lib/gcc/arm-none-eabi/9.3.1/thumb/v7e-m+fp/hard/crtend.o
LOAD /Applications/STM32CubeIDE.app/Contents/Eclipse/plugins/com.st.stm32cube.ide.mcu.externaltools.gnu-tools-for-stm32.9-2020-q2-update.macos64_2.0.0.202105311346/tools/bin/../lib/gcc/arm-none-eabi/9.3.1/thumb/v7e-m+fp/hard/crtn.o
                0x0000000020020000                _estack = (ORIGIN (RAM) + LENGTH (RAM))
                0x0000000000000200                _Min_Heap_Size = 0x200
                0x0000000000000400                _Min_Stack_Size = 0x400

.isr_vector     0x0000000008000000      0x1c4
                0x0000000008000000                . = ALIGN (0x4)
 *(.isr_vector)
 .isr_vector    0x0000000008000000      0x1c4 ./Core/Startup/startup_stm32f446retx.o
                0x0000000008000000                g_pfnVectors
                0x00000000080001c4                . = ALIGN (0x4)

.text           0x00000000080001c4     0x69b0
                0x00000000080001c4                . = ALIGN (0x4)
 *(.text)
 .text          0x00000000080001c4       0x40 /Applications/STM32CubeIDE.app/Contents/Eclipse/plugins/com.st.stm32cube.ide.mcu.externaltools.gnu-tools-for-stm32.9-2020-q2-update.macos64_2.0.0.202105311346/tools/bin/../lib/gcc/arm-none-eabi/9.3.1/thumb/v7e-m+fp/hard/crtbegin.o
 .text          0x0000000008000204       0x30 /Applications/STM32CubeIDE.app/Contents/Eclipse/plugins/com.st.stm32cube.ide.mcu.externaltools.gnu-tools-for-stm32.9-2020-q2-update.macos64_2.0.0.202105311346/tools/bin/../lib/gcc/arm-none-eabi/9.3.1/thumb/v7e-m+fp/hard/libgcc.a(_aeabi_uldivmod.o)
                0x0000000008000204                __aeabi_uldivmod
 .text          0x0000000008000234      0x2c4 /Applications/STM32CubeIDE.app/Contents/Eclipse/plugins/com.st.stm32cube.ide.mcu.externaltools.gnu-tools-for-stm32.9-2020-q2-update.macos64_2.0.0.202105311346/tools/bin/../lib/gcc/arm-none-eabi/9.3.1/thumb/v7e-m+fp/hard/libgcc.a(_udivmoddi4.o)
                0x0000000008000234                __udivmoddi4
 .text          0x00000000080004f8        0x4 /Applications/STM32CubeIDE.app/Contents/Eclipse/plugins/com.st.stm32cube.ide.mcu.externaltools.gnu-tools-for-stm32.9-2020-q2-update.macos64_2.0.0.202105311346/tools/bin/../lib/gcc/arm-none-eabi/9.3.1/thumb/v7e-m+fp/hard/libgcc.a(_dvmd_tls.o)
                0x00000000080004f8                __aeabi_ldiv0
                0x00000000080004f8                __aeabi_idiv0
 *(.text*)
 .text.appInit  0x00000000080004fc       0x10 ./Core/Src/app.o
                0x00000000080004fc                appInit
 .text.appTask  0x000000000800050c      0x19c ./Core/Src/app.o
                0x000000000800050c                appTask
 .text.main     0x00000000080006a8       0x54 ./Core/Src/main.o
                0x00000000080006a8                main
 .text.SystemClock_Config
                0x00000000080006fc       0xdc ./Core/Src/main.o
                0x00000000080006fc                SystemClock_Config
 .text.MX_I2C1_Init
                0x00000000080007d8       0x5c ./Core/Src/main.o
 .text.MX_TIM3_Init
                0x0000000008000834      0x130 ./Core/Src/main.o
 .text.MX_USART1_UART_Init
                0x0000000008000964       0x54 ./Core/Src/main.o
 .text.MX_USART2_UART_Init
                0x00000000080009b8       0x54 ./Core/Src/main.o
 .text.MX_DMA_Init
                0x0000000008000a0c       0xac ./Core/Src/main.o
 .text.MX_GPIO_Init
                0x0000000008000ab8      0x1bc ./Core/Src/main.o
 .text.HAL_UART_TxCpltCallback
                0x0000000008000c74       0x24 ./Core/Src/main.o
                0x0000000008000c74                HAL_UART_TxCpltCallback
 .text.Error_Handler
                0x0000000008000c98        0xa ./Core/Src/main.o
                0x0000000008000c98                Error_Handler
 *fill*         0x0000000008000ca2        0x2 
 .text.HAL_MspInit
                0x0000000008000ca4       0x50 ./Core/Src/stm32f4xx_hal_msp.o
                0x0000000008000ca4                HAL_MspInit
 .text.HAL_I2C_MspInit
                0x0000000008000cf4      0x17c ./Core/Src/stm32f4xx_hal_msp.o
                0x0000000008000cf4                HAL_I2C_MspInit
 .text.HAL_TIM_Base_MspInit
                0x0000000008000e70       0x44 ./Core/Src/stm32f4xx_hal_msp.o
                0x0000000008000e70                HAL_TIM_Base_MspInit
 .text.HAL_TIM_MspPostInit
                0x0000000008000eb4       0xb4 ./Core/Src/stm32f4xx_hal_msp.o
                0x0000000008000eb4                HAL_TIM_MspPostInit
 .text.HAL_UART_MspInit
                0x0000000008000f68      0x2ac ./Core/Src/stm32f4xx_hal_msp.o
                0x0000000008000f68                HAL_UART_MspInit
 .text.NMI_Handler
                0x0000000008001214        0x6 ./Core/Src/stm32f4xx_it.o
                0x0000000008001214                NMI_Handler
 .text.HardFault_Handler
                0x000000000800121a        0x6 ./Core/Src/stm32f4xx_it.o
                0x000000000800121a                HardFault_Handler
 .text.MemManage_Handler
                0x0000000008001220        0x6 ./Core/Src/stm32f4xx_it.o
                0x0000000008001220                MemManage_Handler
 .text.BusFault_Handler
                0x0000000008001226        0x6 ./Core/Src/stm32f4xx_it.o
                0x0000000008001226                BusFault_Handler
 .text.UsageFault_Handler
                0x000000000800122c        0x6 ./Core/Src/stm32f4xx_it.o
                0x000000000800122c                UsageFault_Handler
 .text.SVC_Handler
                0x0000000008001232        0xe ./Core/Src/stm32f4xx_it.o
                0x0000000008001232                SVC_Handler
 .text.DebugMon_Handler
                0x0000000008001240        0xe ./Core/Src/stm32f4xx_it.o
                0x0000000008001240                DebugMon_Handler
 .text.PendSV_Handler
                0x000000000800124e        0xe ./Core/Src/stm32f4xx_it.o
                0x000000000800124e                PendSV_Handler
 .text.SysTick_Handler
                0x000000000800125c       0x1c ./Core/Src/stm32f4xx_it.o
                0x000000000800125c                SysTick_Handler
 .text.DMA1_Stream0_IRQHandler
                0x0000000008001278       0x14 ./Core/Src/stm32f4xx_it.o
                0x0000000008001278                DMA1_Stream0_IRQHandler
 .text.DMA1_Stream5_IRQHandler
                0x000000000800128c       0x14 ./Core/Src/stm32f4xx_it.o
                0x000000000800128c                DMA1_Stream5_IRQHandler
 .text.DMA1_Stream6_IRQHandler
                0x00000000080012a0       0x14 ./Core/Src/stm32f4xx_it.o
                0x00000000080012a0                DMA1_Stream6_IRQHandler
 .text.I2C1_EV_IRQHandler
                0x00000000080012b4       0x14 ./Core/Src/stm32f4xx_it.o
                0x00000000080012b4                I2C1_EV_IRQHandler
 .text.I2C1_ER_IRQHandler
                0x00000000080012c8       0x14 ./Core/Src/stm32f4xx_it.o
                0x00000000080012c8                I2C1_ER_IRQHandler
 .text.USART1_IRQHandler
                0x00000000080012dc       0x14 ./Core/Src/stm32f4xx_it.o
                0x00000000080012dc                USART1_IRQHandler
 .text.USART2_IRQHandler
                0x00000000080012f0       0x14 ./Core/Src/stm32f4xx_it.o
                0x00000000080012f0                USART2_IRQHandler
 .text.DMA1_Stream7_IRQHandler
                0x0000000008001304       0x14 ./Core/Src/stm32f4xx_it.o
                0x0000000008001304                DMA1_Stream7_IRQHandler
 .text.DMA2_Stream2_IRQHandler
                0x0000000008001318       0x14 ./Core/Src/stm32f4xx_it.o
                0x0000000008001318                DMA2_Stream2_IRQHandler
 .text.DMA2_Stream7_IRQHandler
                0x000000000800132c       0x14 ./Core/Src/stm32f4xx_it.o
                0x000000000800132c                DMA2_Stream7_IRQHandler
 .text.SystemInit
                0x0000000008001340       0x24 ./Core/Src/system_stm32f4xx.o
                0x0000000008001340                SystemInit
 .text.Reset_Handler
                0x0000000008001364       0x50 ./Core/Startup/startup_stm32f446retx.o
                0x0000000008001364                Reset_Handler
 .text.Default_Handler
                0x00000000080013b4        0x2 ./Core/Startup/startup_stm32f446retx.o
                0x00000000080013b4                DMA1_Stream3_IRQHandler
                0x00000000080013b4                EXTI2_IRQHandler
                0x00000000080013b4                TIM8_CC_IRQHandler
                0x00000000080013b4                FMPI2C1_EV_IRQHandler
                0x00000000080013b4                SPI4_IRQHandler
                0x00000000080013b4                TIM1_CC_IRQHandler
                0x00000000080013b4                DMA2_Stream5_IRQHandler
                0x00000000080013b4                PVD_IRQHandler
                0x00000000080013b4                SDIO_IRQHandler
                0x00000000080013b4                TAMP_STAMP_IRQHandler
                0x00000000080013b4                CAN2_RX1_IRQHandler
                0x00000000080013b4                EXTI3_IRQHandler
                0x00000000080013b4                TIM8_TRG_COM_TIM14_IRQHandler
                0x00000000080013b4                TIM1_UP_TIM10_IRQHandler
                0x00000000080013b4                TIM8_UP_TIM13_IRQHandler
                0x00000000080013b4                I2C3_ER_IRQHandler
                0x00000000080013b4                EXTI0_IRQHandler
                0x00000000080013b4                I2C2_EV_IRQHandler
                0x00000000080013b4                DMA1_Stream2_IRQHandler
                0x00000000080013b4                CAN1_RX0_IRQHandler
                0x00000000080013b4                FPU_IRQHandler
                0x00000000080013b4                OTG_HS_WKUP_IRQHandler
                0x00000000080013b4                CAN2_SCE_IRQHandler
                0x00000000080013b4                SPI1_IRQHandler
                0x00000000080013b4                TIM6_DAC_IRQHandler
                0x00000000080013b4                TIM1_BRK_TIM9_IRQHandler
                0x00000000080013b4                DCMI_IRQHandler
                0x00000000080013b4                CAN2_RX0_IRQHandler
                0x00000000080013b4                DMA2_Stream3_IRQHandler
                0x00000000080013b4                SAI2_IRQHandler
                0x00000000080013b4                USART6_IRQHandler
                0x00000000080013b4                USART3_IRQHandler
                0x00000000080013b4                CAN1_RX1_IRQHandler
                0x00000000080013b4                UART5_IRQHandler
                0x00000000080013b4                DMA2_Stream0_IRQHandler
                0x00000000080013b4                TIM4_IRQHandler
                0x00000000080013b4                QUADSPI_IRQHandler
                0x00000000080013b4                DMA1_Stream1_IRQHandler
                0x00000000080013b4                UART4_IRQHandler
                0x00000000080013b4                TIM3_IRQHandler
                0x00000000080013b4                RCC_IRQHandler
                0x00000000080013b4                TIM8_BRK_TIM12_IRQHandler
                0x00000000080013b4                Default_Handler
                0x00000000080013b4                CEC_IRQHandler
                0x00000000080013b4                EXTI15_10_IRQHandler
                0x00000000080013b4                ADC_IRQHandler
                0x00000000080013b4                TIM7_IRQHandler
                0x00000000080013b4                CAN2_TX_IRQHandler
                0x00000000080013b4                TIM5_IRQHandler
                0x00000000080013b4                I2C3_EV_IRQHandler
                0x00000000080013b4                EXTI9_5_IRQHandler
                0x00000000080013b4                RTC_WKUP_IRQHandler
                0x00000000080013b4                SPDIF_RX_IRQHandler
                0x00000000080013b4                SPI2_IRQHandler
                0x00000000080013b4                OTG_HS_EP1_IN_IRQHandler
                0x00000000080013b4                CAN1_TX_IRQHandler
                0x00000000080013b4                FMPI2C1_ER_IRQHandler
                0x00000000080013b4                EXTI4_IRQHandler
                0x00000000080013b4                OTG_HS_EP1_OUT_IRQHandler
                0x00000000080013b4                WWDG_IRQHandler
                0x00000000080013b4                TIM2_IRQHandler
                0x00000000080013b4                OTG_FS_WKUP_IRQHandler
                0x00000000080013b4                TIM1_TRG_COM_TIM11_IRQHandler
                0x00000000080013b4                OTG_HS_IRQHandler
                0x00000000080013b4                EXTI1_IRQHandler
                0x00000000080013b4                I2C2_ER_IRQHandler
                0x00000000080013b4                DMA2_Stream1_IRQHandler
                0x00000000080013b4                CAN1_SCE_IRQHandler
                0x00000000080013b4                FLASH_IRQHandler
                0x00000000080013b4                DMA2_Stream4_IRQHandler
                0x00000000080013b4                OTG_FS_IRQHandler
                0x00000000080013b4                SPI3_IRQHandler
                0x00000000080013b4                DMA1_Stream4_IRQHandler
                0x00000000080013b4                FMC_IRQHandler
                0x00000000080013b4                DMA2_Stream6_IRQHandler
                0x00000000080013b4                SAI1_IRQHandler
                0x00000000080013b4                RTC_Alarm_IRQHandler
 .text.D_GPIO_Set
                0x00000000080013b6       0x20 ./Drivers/GPIO/Src/GPIO.o
                0x00000000080013b6                D_GPIO_Set
 .text.D_GPIO_Reset
                0x00000000080013d6       0x20 ./Drivers/GPIO/Src/GPIO.o
                0x00000000080013d6                D_GPIO_Reset
 .text.D_GPIO_Read
                0x00000000080013f6       0x2a ./Drivers/GPIO/Src/GPIO.o
                0x00000000080013f6                D_GPIO_Read
 .text.D_Mess_printf
                0x0000000008001420       0x40 ./Drivers/Message/Src/message.o
                0x0000000008001420                D_Mess_printf
 .text.D_Mess_flush
                0x0000000008001460       0x64 ./Drivers/Message/Src/message.o
                0x0000000008001460                D_Mess_flush
 .text.D_Mess_TransitionCompletedCallBack
                0x00000000080014c4       0x18 ./Drivers/Message/Src/message.o
                0x00000000080014c4                D_Mess_TransitionCompletedCallBack
 .text.xputc    0x00000000080014dc       0x50 ./Drivers/Message/Src/xprintf.o
                0x00000000080014dc                xputc
 .text.xputs    0x000000000800152c       0x2a ./Drivers/Message/Src/xprintf.o
                0x000000000800152c                xputs
 *fill*         0x0000000008001556        0x2 
 .text.xvprintf
                0x0000000008001558      0x2f8 ./Drivers/Message/Src/xprintf.o
                0x0000000008001558                xvprintf
 .text.D_PWM_Init
                0x0000000008001850       0x2c ./Drivers/PWM/Src/pwm.o
                0x0000000008001850                D_PWM_Init
 .text.D_PWM_Set
                0x000000000800187c       0x60 ./Drivers/PWM/Src/pwm.o
                0x000000000800187c                D_PWM_Set
 .text.HAL_Init
                0x00000000080018dc       0x44 ./Drivers/STM32F4xx_HAL_Driver/Src/stm32f4xx_hal.o
                0x00000000080018dc                HAL_Init
 .text.HAL_InitTick
                0x0000000008001920       0x60 ./Drivers/STM32F4xx_HAL_Driver/Src/stm32f4xx_hal.o
                0x0000000008001920                HAL_InitTick
 .text.HAL_IncTick
                0x0000000008001980       0x28 ./Drivers/STM32F4xx_HAL_Driver/Src/stm32f4xx_hal.o
                0x0000000008001980                HAL_IncTick
 .text.HAL_GetTick
                0x00000000080019a8       0x18 ./Drivers/STM32F4xx_HAL_Driver/Src/stm32f4xx_hal.o
                0x00000000080019a8                HAL_GetTick
 .text.__NVIC_SetPriorityGrouping
                0x00000000080019c0       0x48 ./Drivers/STM32F4xx_HAL_Driver/Src/stm32f4xx_hal_cortex.o
 .text.__NVIC_GetPriorityGrouping
                0x0000000008001a08       0x1c ./Drivers/STM32F4xx_HAL_Driver/Src/stm32f4xx_hal_cortex.o
 .text.__NVIC_EnableIRQ
                0x0000000008001a24       0x3c ./Drivers/STM32F4xx_HAL_Driver/Src/stm32f4xx_hal_cortex.o
 .text.__NVIC_SetPriority
                0x0000000008001a60       0x54 ./Drivers/STM32F4xx_HAL_Driver/Src/stm32f4xx_hal_cortex.o
 .text.NVIC_EncodePriority
                0x0000000008001ab4       0x66 ./Drivers/STM32F4xx_HAL_Driver/Src/stm32f4xx_hal_cortex.o
 *fill*         0x0000000008001b1a        0x2 
 .text.SysTick_Config
                0x0000000008001b1c       0x44 ./Drivers/STM32F4xx_HAL_Driver/Src/stm32f4xx_hal_cortex.o
 .text.HAL_NVIC_SetPriorityGrouping
                0x0000000008001b60       0x16 ./Drivers/STM32F4xx_HAL_Driver/Src/stm32f4xx_hal_cortex.o
                0x0000000008001b60                HAL_NVIC_SetPriorityGrouping
 .text.HAL_NVIC_SetPriority
                0x0000000008001b76       0x38 ./Drivers/STM32F4xx_HAL_Driver/Src/stm32f4xx_hal_cortex.o
                0x0000000008001b76                HAL_NVIC_SetPriority
 .text.HAL_NVIC_EnableIRQ
                0x0000000008001bae       0x1c ./Drivers/STM32F4xx_HAL_Driver/Src/stm32f4xx_hal_cortex.o
                0x0000000008001bae                HAL_NVIC_EnableIRQ
 .text.HAL_SYSTICK_Config
                0x0000000008001bca       0x18 ./Drivers/STM32F4xx_HAL_Driver/Src/stm32f4xx_hal_cortex.o
                0x0000000008001bca                HAL_SYSTICK_Config
 *fill*         0x0000000008001be2        0x2 
 .text.HAL_DMA_Init
                0x0000000008001be4      0x15c ./Drivers/STM32F4xx_HAL_Driver/Src/stm32f4xx_hal_dma.o
                0x0000000008001be4                HAL_DMA_Init
 .text.HAL_DMA_Start_IT
                0x0000000008001d40       0xb0 ./Drivers/STM32F4xx_HAL_Driver/Src/stm32f4xx_hal_dma.o
                0x0000000008001d40                HAL_DMA_Start_IT
 .text.HAL_DMA_Abort
                0x0000000008001df0       0xe0 ./Drivers/STM32F4xx_HAL_Driver/Src/stm32f4xx_hal_dma.o
                0x0000000008001df0                HAL_DMA_Abort
 .text.HAL_DMA_Abort_IT
                0x0000000008001ed0       0x44 ./Drivers/STM32F4xx_HAL_Driver/Src/stm32f4xx_hal_dma.o
                0x0000000008001ed0                HAL_DMA_Abort_IT
 .text.HAL_DMA_IRQHandler
                0x0000000008001f14      0x314 ./Drivers/STM32F4xx_HAL_Driver/Src/stm32f4xx_hal_dma.o
                0x0000000008001f14                HAL_DMA_IRQHandler
 .text.HAL_DMA_GetState
                0x0000000008002228       0x1c ./Drivers/STM32F4xx_HAL_Driver/Src/stm32f4xx_hal_dma.o
                0x0000000008002228                HAL_DMA_GetState
 .text.DMA_SetConfig
                0x0000000008002244       0x5c ./Drivers/STM32F4xx_HAL_Driver/Src/stm32f4xx_hal_dma.o
 .text.DMA_CalcBaseAndBitshift
                0x00000000080022a0       0x6c ./Drivers/STM32F4xx_HAL_Driver/Src/stm32f4xx_hal_dma.o
 .text.DMA_CheckFifoParam
                0x000000000800230c       0xf8 ./Drivers/STM32F4xx_HAL_Driver/Src/stm32f4xx_hal_dma.o
 .text.HAL_GPIO_Init
                0x0000000008002404      0x328 ./Drivers/STM32F4xx_HAL_Driver/Src/stm32f4xx_hal_gpio.o
                0x0000000008002404                HAL_GPIO_Init
 .text.HAL_GPIO_ReadPin
                0x000000000800272c       0x30 ./Drivers/STM32F4xx_HAL_Driver/Src/stm32f4xx_hal_gpio.o
                0x000000000800272c                HAL_GPIO_ReadPin
 .text.HAL_GPIO_WritePin
                0x000000000800275c       0x32 ./Drivers/STM32F4xx_HAL_Driver/Src/stm32f4xx_hal_gpio.o
                0x000000000800275c                HAL_GPIO_WritePin
 *fill*         0x000000000800278e        0x2 
 .text.HAL_I2C_Init
                0x0000000008002790      0x288 ./Drivers/STM32F4xx_HAL_Driver/Src/stm32f4xx_hal_i2c.o
                0x0000000008002790                HAL_I2C_Init
 .text.HAL_I2C_EV_IRQHandler
                0x0000000008002a18      0x2e2 ./Drivers/STM32F4xx_HAL_Driver/Src/stm32f4xx_hal_i2c.o
                0x0000000008002a18                HAL_I2C_EV_IRQHandler
 .text.HAL_I2C_ER_IRQHandler
                0x0000000008002cfa      0x14e ./Drivers/STM32F4xx_HAL_Driver/Src/stm32f4xx_hal_i2c.o
                0x0000000008002cfa                HAL_I2C_ER_IRQHandler
 .text.HAL_I2C_MasterTxCpltCallback
                0x0000000008002e48       0x14 ./Drivers/STM32F4xx_HAL_Driver/Src/stm32f4xx_hal_i2c.o
                0x0000000008002e48                HAL_I2C_MasterTxCpltCallback
 .text.HAL_I2C_MasterRxCpltCallback
                0x0000000008002e5c       0x14 ./Drivers/STM32F4xx_HAL_Driver/Src/stm32f4xx_hal_i2c.o
                0x0000000008002e5c                HAL_I2C_MasterRxCpltCallback
 .text.HAL_I2C_SlaveTxCpltCallback
                0x0000000008002e70       0x14 ./Drivers/STM32F4xx_HAL_Driver/Src/stm32f4xx_hal_i2c.o
                0x0000000008002e70                HAL_I2C_SlaveTxCpltCallback
 .text.HAL_I2C_SlaveRxCpltCallback
                0x0000000008002e84       0x14 ./Drivers/STM32F4xx_HAL_Driver/Src/stm32f4xx_hal_i2c.o
                0x0000000008002e84                HAL_I2C_SlaveRxCpltCallback
 .text.HAL_I2C_AddrCallback
                0x0000000008002e98       0x1c ./Drivers/STM32F4xx_HAL_Driver/Src/stm32f4xx_hal_i2c.o
                0x0000000008002e98                HAL_I2C_AddrCallback
 .text.HAL_I2C_ListenCpltCallback
                0x0000000008002eb4       0x14 ./Drivers/STM32F4xx_HAL_Driver/Src/stm32f4xx_hal_i2c.o
                0x0000000008002eb4                HAL_I2C_ListenCpltCallback
 .text.HAL_I2C_MemTxCpltCallback
                0x0000000008002ec8       0x14 ./Drivers/STM32F4xx_HAL_Driver/Src/stm32f4xx_hal_i2c.o
                0x0000000008002ec8                HAL_I2C_MemTxCpltCallback
 .text.HAL_I2C_MemRxCpltCallback
                0x0000000008002edc       0x14 ./Drivers/STM32F4xx_HAL_Driver/Src/stm32f4xx_hal_i2c.o
                0x0000000008002edc                HAL_I2C_MemRxCpltCallback
 .text.HAL_I2C_ErrorCallback
                0x0000000008002ef0       0x14 ./Drivers/STM32F4xx_HAL_Driver/Src/stm32f4xx_hal_i2c.o
                0x0000000008002ef0                HAL_I2C_ErrorCallback
 .text.HAL_I2C_AbortCpltCallback
                0x0000000008002f04       0x14 ./Drivers/STM32F4xx_HAL_Driver/Src/stm32f4xx_hal_i2c.o
                0x0000000008002f04                HAL_I2C_AbortCpltCallback
 .text.I2C_MasterTransmit_TXE
                0x0000000008002f18      0x138 ./Drivers/STM32F4xx_HAL_Driver/Src/stm32f4xx_hal_i2c.o
 .text.I2C_MasterTransmit_BTF
                0x0000000008003050       0xec ./Drivers/STM32F4xx_HAL_Driver/Src/stm32f4xx_hal_i2c.o
 .text.I2C_MemoryTransmit_TXE_BTF
                0x000000000800313c      0x128 ./Drivers/STM32F4xx_HAL_Driver/Src/stm32f4xx_hal_i2c.o
 .text.I2C_MasterReceive_RXNE
                0x0000000008003264      0x162 ./Drivers/STM32F4xx_HAL_Driver/Src/stm32f4xx_hal_i2c.o
 .text.I2C_MasterReceive_BTF
                0x00000000080033c6      0x1d4 ./Drivers/STM32F4xx_HAL_Driver/Src/stm32f4xx_hal_i2c.o
 .text.I2C_Master_SB
                0x000000000800359a      0x10c ./Drivers/STM32F4xx_HAL_Driver/Src/stm32f4xx_hal_i2c.o
 .text.I2C_Master_ADD10
                0x00000000080036a6       0x54 ./Drivers/STM32F4xx_HAL_Driver/Src/stm32f4xx_hal_i2c.o
 .text.I2C_Master_ADDR
                0x00000000080036fa      0x322 ./Drivers/STM32F4xx_HAL_Driver/Src/stm32f4xx_hal_i2c.o
 .text.I2C_SlaveTransmit_TXE
                0x0000000008003a1c       0x7a ./Drivers/STM32F4xx_HAL_Driver/Src/stm32f4xx_hal_i2c.o
 .text.I2C_SlaveTransmit_BTF
                0x0000000008003a96       0x42 ./Drivers/STM32F4xx_HAL_Driver/Src/stm32f4xx_hal_i2c.o
 .text.I2C_SlaveReceive_RXNE
                0x0000000008003ad8       0x7c ./Drivers/STM32F4xx_HAL_Driver/Src/stm32f4xx_hal_i2c.o
 .text.I2C_SlaveReceive_BTF
                0x0000000008003b54       0x44 ./Drivers/STM32F4xx_HAL_Driver/Src/stm32f4xx_hal_i2c.o
 .text.I2C_Slave_ADDR
                0x0000000008003b98       0x94 ./Drivers/STM32F4xx_HAL_Driver/Src/stm32f4xx_hal_i2c.o
 .text.I2C_Slave_STOPF
                0x0000000008003c2c      0x260 ./Drivers/STM32F4xx_HAL_Driver/Src/stm32f4xx_hal_i2c.o
 .text.I2C_Slave_AF
                0x0000000008003e8c       0xe0 ./Drivers/STM32F4xx_HAL_Driver/Src/stm32f4xx_hal_i2c.o
 .text.I2C_ITError
                0x0000000008003f6c      0x264 ./Drivers/STM32F4xx_HAL_Driver/Src/stm32f4xx_hal_i2c.o
 .text.I2C_DMAAbort
                0x00000000080041d0      0x150 ./Drivers/STM32F4xx_HAL_Driver/Src/stm32f4xx_hal_i2c.o
 .text.I2C_WaitOnSTOPRequestThroughIT
                0x0000000008004320       0x64 ./Drivers/STM32F4xx_HAL_Driver/Src/stm32f4xx_hal_i2c.o
 .text.I2C_ConvertOtherXferOptions
                0x0000000008004384       0x36 ./Drivers/STM32F4xx_HAL_Driver/Src/stm32f4xx_hal_i2c.o
 *fill*         0x00000000080043ba        0x2 
 .text.HAL_RCC_ClockConfig
                0x00000000080043bc      0x1cc ./Drivers/STM32F4xx_HAL_Driver/Src/stm32f4xx_hal_rcc.o
                0x00000000080043bc                HAL_RCC_ClockConfig
 .text.HAL_RCC_GetHCLKFreq
                0x0000000008004588       0x18 ./Drivers/STM32F4xx_HAL_Driver/Src/stm32f4xx_hal_rcc.o
                0x0000000008004588                HAL_RCC_GetHCLKFreq
 .text.HAL_RCC_GetPCLK1Freq
                0x00000000080045a0       0x28 ./Drivers/STM32F4xx_HAL_Driver/Src/stm32f4xx_hal_rcc.o
                0x00000000080045a0                HAL_RCC_GetPCLK1Freq
 .text.HAL_RCC_GetPCLK2Freq
                0x00000000080045c8       0x28 ./Drivers/STM32F4xx_HAL_Driver/Src/stm32f4xx_hal_rcc.o
                0x00000000080045c8                HAL_RCC_GetPCLK2Freq
 .text.HAL_RCC_GetSysClockFreq
                0x00000000080045f0      0x364 ./Drivers/STM32F4xx_HAL_Driver/Src/stm32f4xx_hal_rcc_ex.o
                0x00000000080045f0                HAL_RCC_GetSysClockFreq
 .text.HAL_RCC_OscConfig
                0x0000000008004954      0x53c ./Drivers/STM32F4xx_HAL_Driver/Src/stm32f4xx_hal_rcc_ex.o
                0x0000000008004954                HAL_RCC_OscConfig
 .text.HAL_TIM_Base_Init
                0x0000000008004e90       0x9e ./Drivers/STM32F4xx_HAL_Driver/Src/stm32f4xx_hal_tim.o
                0x0000000008004e90                HAL_TIM_Base_Init
 .text.HAL_TIM_PWM_Init
                0x0000000008004f2e       0x9e ./Drivers/STM32F4xx_HAL_Driver/Src/stm32f4xx_hal_tim.o
                0x0000000008004f2e                HAL_TIM_PWM_Init
 .text.HAL_TIM_PWM_MspInit
                0x0000000008004fcc       0x14 ./Drivers/STM32F4xx_HAL_Driver/Src/stm32f4xx_hal_tim.o
                0x0000000008004fcc                HAL_TIM_PWM_MspInit
 .text.HAL_TIM_PWM_Start
                0x0000000008004fe0      0x190 ./Drivers/STM32F4xx_HAL_Driver/Src/stm32f4xx_hal_tim.o
                0x0000000008004fe0                HAL_TIM_PWM_Start
 .text.HAL_TIM_PWM_ConfigChannel
                0x0000000008005170      0x184 ./Drivers/STM32F4xx_HAL_Driver/Src/stm32f4xx_hal_tim.o
                0x0000000008005170                HAL_TIM_PWM_ConfigChannel
 .text.HAL_TIM_ConfigClockSource
                0x00000000080052f4      0x18e ./Drivers/STM32F4xx_HAL_Driver/Src/stm32f4xx_hal_tim.o
                0x00000000080052f4                HAL_TIM_ConfigClockSource
 *fill*         0x0000000008005482        0x2 
 .text.TIM_Base_SetConfig
                0x0000000008005484      0x140 ./Drivers/STM32F4xx_HAL_Driver/Src/stm32f4xx_hal_tim.o
                0x0000000008005484                TIM_Base_SetConfig
 .text.TIM_OC1_SetConfig
                0x00000000080055c4       0xe0 ./Drivers/STM32F4xx_HAL_Driver/Src/stm32f4xx_hal_tim.o
 .text.TIM_OC2_SetConfig
                0x00000000080056a4       0xec ./Drivers/STM32F4xx_HAL_Driver/Src/stm32f4xx_hal_tim.o
                0x00000000080056a4                TIM_OC2_SetConfig
 .text.TIM_OC3_SetConfig
                0x0000000008005790       0xe8 ./Drivers/STM32F4xx_HAL_Driver/Src/stm32f4xx_hal_tim.o
 .text.TIM_OC4_SetConfig
                0x0000000008005878       0xac ./Drivers/STM32F4xx_HAL_Driver/Src/stm32f4xx_hal_tim.o
 .text.TIM_TI1_ConfigInputStage
                0x0000000008005924       0x5e ./Drivers/STM32F4xx_HAL_Driver/Src/stm32f4xx_hal_tim.o
 .text.TIM_TI2_ConfigInputStage
                0x0000000008005982       0x60 ./Drivers/STM32F4xx_HAL_Driver/Src/stm32f4xx_hal_tim.o
 .text.TIM_ITRx_SetConfig
                0x00000000080059e2       0x36 ./Drivers/STM32F4xx_HAL_Driver/Src/stm32f4xx_hal_tim.o
 .text.TIM_ETR_SetConfig
                0x0000000008005a18       0x40 ./Drivers/STM32F4xx_HAL_Driver/Src/stm32f4xx_hal_tim.o
                0x0000000008005a18                TIM_ETR_SetConfig
 .text.TIM_CCxChannelCmd
                0x0000000008005a58       0x4a ./Drivers/STM32F4xx_HAL_Driver/Src/stm32f4xx_hal_tim.o
                0x0000000008005a58                TIM_CCxChannelCmd
 *fill*         0x0000000008005aa2        0x2 
 .text.HAL_TIMEx_MasterConfigSynchronization
                0x0000000008005aa4       0xf8 ./Drivers/STM32F4xx_HAL_Driver/Src/stm32f4xx_hal_tim_ex.o
                0x0000000008005aa4                HAL_TIMEx_MasterConfigSynchronization
 .text.HAL_UART_Init
                0x0000000008005b9c       0x9a ./Drivers/STM32F4xx_HAL_Driver/Src/stm32f4xx_hal_uart.o
                0x0000000008005b9c                HAL_UART_Init
 *fill*         0x0000000008005c36        0x2 
 .text.HAL_UART_Transmit_DMA
                0x0000000008005c38       0xfc ./Drivers/STM32F4xx_HAL_Driver/Src/stm32f4xx_hal_uart.o
                0x0000000008005c38                HAL_UART_Transmit_DMA
 .text.HAL_UART_IRQHandler
                0x0000000008005d34      0x51c ./Drivers/STM32F4xx_HAL_Driver/Src/stm32f4xx_hal_uart.o
                0x0000000008005d34                HAL_UART_IRQHandler
 .text.HAL_UART_TxHalfCpltCallback
                0x0000000008006250       0x14 ./Drivers/STM32F4xx_HAL_Driver/Src/stm32f4xx_hal_uart.o
                0x0000000008006250                HAL_UART_TxHalfCpltCallback
 .text.HAL_UART_RxCpltCallback
                0x0000000008006264       0x14 ./Drivers/STM32F4xx_HAL_Driver/Src/stm32f4xx_hal_uart.o
                0x0000000008006264                HAL_UART_RxCpltCallback
 .text.HAL_UART_ErrorCallback
                0x0000000008006278       0x14 ./Drivers/STM32F4xx_HAL_Driver/Src/stm32f4xx_hal_uart.o
                0x0000000008006278                HAL_UART_ErrorCallback
 .text.HAL_UARTEx_RxEventCallback
                0x000000000800628c       0x18 ./Drivers/STM32F4xx_HAL_Driver/Src/stm32f4xx_hal_uart.o
                0x000000000800628c                HAL_UARTEx_RxEventCallback
 .text.UART_DMATransmitCplt
                0x00000000080062a4       0x9a ./Drivers/STM32F4xx_HAL_Driver/Src/stm32f4xx_hal_uart.o
 .text.UART_DMATxHalfCplt
                0x000000000800633e       0x1c ./Drivers/STM32F4xx_HAL_Driver/Src/stm32f4xx_hal_uart.o
 .text.UART_DMAError
                0x000000000800635a       0x94 ./Drivers/STM32F4xx_HAL_Driver/Src/stm32f4xx_hal_uart.o
 .text.UART_EndTxTransfer
                0x00000000080063ee       0x50 ./Drivers/STM32F4xx_HAL_Driver/Src/stm32f4xx_hal_uart.o
 .text.UART_EndRxTransfer
                0x000000000800643e       0xc6 ./Drivers/STM32F4xx_HAL_Driver/Src/stm32f4xx_hal_uart.o
 .text.UART_DMAAbortOnError
                0x0000000008006504       0x28 ./Drivers/STM32F4xx_HAL_Driver/Src/stm32f4xx_hal_uart.o
 .text.UART_Transmit_IT
                0x000000000800652c       0xa0 ./Drivers/STM32F4xx_HAL_Driver/Src/stm32f4xx_hal_uart.o
 .text.UART_EndTransmit_IT
                0x00000000080065cc       0x30 ./Drivers/STM32F4xx_HAL_Driver/Src/stm32f4xx_hal_uart.o
 .text.UART_Receive_IT
                0x00000000080065fc      0x176 ./Drivers/STM32F4xx_HAL_Driver/Src/stm32f4xx_hal_uart.o
 *fill*         0x0000000008006772        0x2 
 .text.UART_SetConfig
                0x0000000008006774      0x390 ./Drivers/STM32F4xx_HAL_Driver/Src/stm32f4xx_hal_uart.o
 .text.__libc_init_array
                0x0000000008006b04       0x48 /Applications/STM32CubeIDE.app/Contents/Eclipse/plugins/com.st.stm32cube.ide.mcu.externaltools.gnu-tools-for-stm32.9-2020-q2-update.macos64_2.0.0.202105311346/tools/bin/../lib/gcc/arm-none-eabi/9.3.1/../../../../arm-none-eabi/lib/thumb/v7e-m+fp/hard/libc_nano.a(lib_a-init.o)
                0x0000000008006b04                __libc_init_array
 .text.memset   0x0000000008006b4c       0x10 /Applications/STM32CubeIDE.app/Contents/Eclipse/plugins/com.st.stm32cube.ide.mcu.externaltools.gnu-tools-for-stm32.9-2020-q2-update.macos64_2.0.0.202105311346/tools/bin/../lib/gcc/arm-none-eabi/9.3.1/../../../../arm-none-eabi/lib/thumb/v7e-m+fp/hard/libc_nano.a(lib_a-memset.o)
                0x0000000008006b4c                memset
 *(.glue_7)
 .glue_7        0x0000000008006b5c        0x0 linker stubs
 *(.glue_7t)
 .glue_7t       0x0000000008006b5c        0x0 linker stubs
 *(.eh_frame)
 .eh_frame      0x0000000008006b5c        0x0 /Applications/STM32CubeIDE.app/Contents/Eclipse/plugins/com.st.stm32cube.ide.mcu.externaltools.gnu-tools-for-stm32.9-2020-q2-update.macos64_2.0.0.202105311346/tools/bin/../lib/gcc/arm-none-eabi/9.3.1/thumb/v7e-m+fp/hard/crtbegin.o
 *(.init)
 .init          0x0000000008006b5c        0x4 /Applications/STM32CubeIDE.app/Contents/Eclipse/plugins/com.st.stm32cube.ide.mcu.externaltools.gnu-tools-for-stm32.9-2020-q2-update.macos64_2.0.0.202105311346/tools/bin/../lib/gcc/arm-none-eabi/9.3.1/thumb/v7e-m+fp/hard/crti.o
                0x0000000008006b5c                _init
 .init          0x0000000008006b60        0x8 /Applications/STM32CubeIDE.app/Contents/Eclipse/plugins/com.st.stm32cube.ide.mcu.externaltools.gnu-tools-for-stm32.9-2020-q2-update.macos64_2.0.0.202105311346/tools/bin/../lib/gcc/arm-none-eabi/9.3.1/thumb/v7e-m+fp/hard/crtn.o
 *(.fini)
 .fini          0x0000000008006b68        0x4 /Applications/STM32CubeIDE.app/Contents/Eclipse/plugins/com.st.stm32cube.ide.mcu.externaltools.gnu-tools-for-stm32.9-2020-q2-update.macos64_2.0.0.202105311346/tools/bin/../lib/gcc/arm-none-eabi/9.3.1/thumb/v7e-m+fp/hard/crti.o
                0x0000000008006b68                _fini
 .fini          0x0000000008006b6c        0x8 /Applications/STM32CubeIDE.app/Contents/Eclipse/plugins/com.st.stm32cube.ide.mcu.externaltools.gnu-tools-for-stm32.9-2020-q2-update.macos64_2.0.0.202105311346/tools/bin/../lib/gcc/arm-none-eabi/9.3.1/thumb/v7e-m+fp/hard/crtn.o
                0x0000000008006b74                . = ALIGN (0x4)
                0x0000000008006b74                _etext = .

.vfp11_veneer   0x0000000008006b74        0x0
 .vfp11_veneer  0x0000000008006b74        0x0 linker stubs

.v4_bx          0x0000000008006b74        0x0
 .v4_bx         0x0000000008006b74        0x0 linker stubs

.iplt           0x0000000008006b74        0x0
 .iplt          0x0000000008006b74        0x0 /Applications/STM32CubeIDE.app/Contents/Eclipse/plugins/com.st.stm32cube.ide.mcu.externaltools.gnu-tools-for-stm32.9-2020-q2-update.macos64_2.0.0.202105311346/tools/bin/../lib/gcc/arm-none-eabi/9.3.1/thumb/v7e-m+fp/hard/crtbegin.o

.rodata         0x0000000008006b74       0x30
                0x0000000008006b74                . = ALIGN (0x4)
 *(.rodata)
 .rodata        0x0000000008006b74        0xf ./Core/Src/app.o
 *(.rodata*)
 *fill*         0x0000000008006b83        0x1 
 .rodata.AHBPrescTable
                0x0000000008006b84       0x10 ./Core/Src/system_stm32f4xx.o
                0x0000000008006b84                AHBPrescTable
 .rodata.APBPrescTable
                0x0000000008006b94        0x8 ./Core/Src/system_stm32f4xx.o
                0x0000000008006b94                APBPrescTable
 .rodata.flagBitshiftOffset.8617
                0x0000000008006b9c        0x8 ./Drivers/STM32F4xx_HAL_Driver/Src/stm32f4xx_hal_dma.o
                0x0000000008006ba4                . = ALIGN (0x4)

.ARM.extab      0x0000000008006ba4        0x0
                0x0000000008006ba4                . = ALIGN (0x4)
 *(.ARM.extab* .gnu.linkonce.armextab.*)
                0x0000000008006ba4                . = ALIGN (0x4)

.ARM            0x0000000008006ba4        0x8
                0x0000000008006ba4                . = ALIGN (0x4)
                0x0000000008006ba4                __exidx_start = .
 *(.ARM.exidx*)
 .ARM.exidx     0x0000000008006ba4        0x8 /Applications/STM32CubeIDE.app/Contents/Eclipse/plugins/com.st.stm32cube.ide.mcu.externaltools.gnu-tools-for-stm32.9-2020-q2-update.macos64_2.0.0.202105311346/tools/bin/../lib/gcc/arm-none-eabi/9.3.1/thumb/v7e-m+fp/hard/libgcc.a(_udivmoddi4.o)
                0x0000000008006bac                __exidx_end = .
                0x0000000008006bac                . = ALIGN (0x4)

.rel.dyn        0x0000000008006bac        0x0
 .rel.iplt      0x0000000008006bac        0x0 /Applications/STM32CubeIDE.app/Contents/Eclipse/plugins/com.st.stm32cube.ide.mcu.externaltools.gnu-tools-for-stm32.9-2020-q2-update.macos64_2.0.0.202105311346/tools/bin/../lib/gcc/arm-none-eabi/9.3.1/thumb/v7e-m+fp/hard/crtbegin.o

.preinit_array  0x0000000008006bac        0x0
                0x0000000008006bac                . = ALIGN (0x4)
                0x0000000008006bac                PROVIDE (__preinit_array_start = .)
 *(.preinit_array*)
                0x0000000008006bac                PROVIDE (__preinit_array_end = .)
                0x0000000008006bac                . = ALIGN (0x4)

.init_array     0x0000000008006bac        0x4
                0x0000000008006bac                . = ALIGN (0x4)
                0x0000000008006bac                PROVIDE (__init_array_start = .)
 *(SORT_BY_NAME(.init_array.*))
 *(.init_array*)
 .init_array    0x0000000008006bac        0x4 /Applications/STM32CubeIDE.app/Contents/Eclipse/plugins/com.st.stm32cube.ide.mcu.externaltools.gnu-tools-for-stm32.9-2020-q2-update.macos64_2.0.0.202105311346/tools/bin/../lib/gcc/arm-none-eabi/9.3.1/thumb/v7e-m+fp/hard/crtbegin.o
                0x0000000008006bb0                PROVIDE (__init_array_end = .)
                0x0000000008006bb0                . = ALIGN (0x4)

.fini_array     0x0000000008006bb0        0x4
                0x0000000008006bb0                . = ALIGN (0x4)
                [!provide]                        PROVIDE (__fini_array_start = .)
 *(SORT_BY_NAME(.fini_array.*))
 *(.fini_array*)
 .fini_array    0x0000000008006bb0        0x4 /Applications/STM32CubeIDE.app/Contents/Eclipse/plugins/com.st.stm32cube.ide.mcu.externaltools.gnu-tools-for-stm32.9-2020-q2-update.macos64_2.0.0.202105311346/tools/bin/../lib/gcc/arm-none-eabi/9.3.1/thumb/v7e-m+fp/hard/crtbegin.o
                [!provide]                        PROVIDE (__fini_array_end = .)
                0x0000000008006bb4                . = ALIGN (0x4)
                0x0000000008006bb4                _sidata = LOADADDR (.data)

.data           0x0000000020000000       0x10 load address 0x0000000008006bb4
                0x0000000020000000                . = ALIGN (0x4)
                0x0000000020000000                _sdata = .
 *(.data)
 *(.data*)
 .data.SystemCoreClock
                0x0000000020000000        0x4 ./Core/Src/system_stm32f4xx.o
                0x0000000020000000                SystemCoreClock
 .data.had_completed
                0x0000000020000004        0x1 ./Drivers/Message/Src/message.o
 *fill*         0x0000000020000005        0x3 
 .data.uwTickPrio
                0x0000000020000008        0x4 ./Drivers/STM32F4xx_HAL_Driver/Src/stm32f4xx_hal.o
                0x0000000020000008                uwTickPrio
 .data.uwTickFreq
                0x000000002000000c        0x1 ./Drivers/STM32F4xx_HAL_Driver/Src/stm32f4xx_hal.o
                0x000000002000000c                uwTickFreq
 *(.RamFunc)
 *(.RamFunc*)
                0x0000000020000010                . = ALIGN (0x4)
 *fill*         0x000000002000000d        0x3 
                0x0000000020000010                _edata = .

.igot.plt       0x0000000020000010        0x0 load address 0x0000000008006bc4
 .igot.plt      0x0000000020000010        0x0 /Applications/STM32CubeIDE.app/Contents/Eclipse/plugins/com.st.stm32cube.ide.mcu.externaltools.gnu-tools-for-stm32.9-2020-q2-update.macos64_2.0.0.202105311346/tools/bin/../lib/gcc/arm-none-eabi/9.3.1/thumb/v7e-m+fp/hard/crtbegin.o
                0x0000000020000010                . = ALIGN (0x4)

.bss            0x0000000020000010      0x794 load address 0x0000000008006bc4
                0x0000000020000010                _sbss = .
                0x0000000020000010                __bss_start__ = _sbss
 *(.bss)
 .bss           0x0000000020000010       0x1c /Applications/STM32CubeIDE.app/Contents/Eclipse/plugins/com.st.stm32cube.ide.mcu.externaltools.gnu-tools-for-stm32.9-2020-q2-update.macos64_2.0.0.202105311346/tools/bin/../lib/gcc/arm-none-eabi/9.3.1/thumb/v7e-m+fp/hard/crtbegin.o
 *(.bss*)
 .bss.G_System_counter
                0x000000002000002c        0x4 ./Core/Src/main.o
                0x000000002000002c                G_System_counter
 .bss.buff      0x0000000020000030      0x400 ./Drivers/Message/Src/message.o
 *(COMMON)
 COMMON         0x0000000020000430      0x364 ./Core/Src/main.o
                0x0000000020000430                hdma_usart2_rx
                0x0000000020000490                hdma_i2c1_tx
                0x00000000200004f0                hi2c1
                0x0000000020000544                htim3
                0x000000002000058c                hdma_usart1_tx
                0x00000000200005ec                hdma_usart1_rx
                0x000000002000064c                hdma_usart2_tx
                0x00000000200006ac                huart1
                0x00000000200006f0                hdma_i2c1_rx
                0x0000000020000750                huart2
 COMMON         0x0000000020000794        0xc ./Drivers/Message/Src/xprintf.o
                0x0000000020000794                xfunc_in
                0x0000000020000798                xfunc_out
                0x000000002000079c                outptr
 COMMON         0x00000000200007a0        0x4 ./Drivers/STM32F4xx_HAL_Driver/Src/stm32f4xx_hal.o
                0x00000000200007a0                uwTick
                0x00000000200007a4                . = ALIGN (0x4)
                0x00000000200007a4                _ebss = .
                0x00000000200007a4                __bss_end__ = _ebss

._user_heap_stack
                0x00000000200007a4      0x604 load address 0x0000000008006bc4
                0x00000000200007a8                . = ALIGN (0x8)
 *fill*         0x00000000200007a4        0x4 
                [!provide]                        PROVIDE (end = .)
                0x00000000200007a8                PROVIDE (_end = .)
                0x00000000200009a8                . = (. + _Min_Heap_Size)
 *fill*         0x00000000200007a8      0x200 
                0x0000000020000da8                . = (. + _Min_Stack_Size)
 *fill*         0x00000000200009a8      0x400 
                0x0000000020000da8                . = ALIGN (0x8)

/DISCARD/
 libc.a(*)
 libm.a(*)
 libgcc.a(*)

.ARM.attributes
                0x0000000000000000       0x30
 *(.ARM.attributes)
 .ARM.attributes
                0x0000000000000000       0x1e /Applications/STM32CubeIDE.app/Contents/Eclipse/plugins/com.st.stm32cube.ide.mcu.externaltools.gnu-tools-for-stm32.9-2020-q2-update.macos64_2.0.0.202105311346/tools/bin/../lib/gcc/arm-none-eabi/9.3.1/thumb/v7e-m+fp/hard/crti.o
 .ARM.attributes
                0x000000000000001e       0x34 /Applications/STM32CubeIDE.app/Contents/Eclipse/plugins/com.st.stm32cube.ide.mcu.externaltools.gnu-tools-for-stm32.9-2020-q2-update.macos64_2.0.0.202105311346/tools/bin/../lib/gcc/arm-none-eabi/9.3.1/thumb/v7e-m+fp/hard/crtbegin.o
 .ARM.attributes
                0x0000000000000052       0x34 ./Core/Src/app.o
 .ARM.attributes
                0x0000000000000086       0x34 ./Core/Src/main.o
 .ARM.attributes
                0x00000000000000ba       0x34 ./Core/Src/stm32f4xx_hal_msp.o
 .ARM.attributes
                0x00000000000000ee       0x34 ./Core/Src/stm32f4xx_it.o
 .ARM.attributes
                0x0000000000000122       0x34 ./Core/Src/system_stm32f4xx.o
 .ARM.attributes
                0x0000000000000156       0x21 ./Core/Startup/startup_stm32f446retx.o
 .ARM.attributes
                0x0000000000000177       0x34 ./Drivers/GPIO/Src/GPIO.o
 .ARM.attributes
                0x00000000000001ab       0x34 ./Drivers/Message/Src/message.o
 .ARM.attributes
                0x00000000000001df       0x34 ./Drivers/Message/Src/xprintf.o
 .ARM.attributes
                0x0000000000000213       0x34 ./Drivers/PWM/Src/pwm.o
 .ARM.attributes
                0x0000000000000247       0x34 ./Drivers/STM32F4xx_HAL_Driver/Src/stm32f4xx_hal.o
 .ARM.attributes
                0x000000000000027b       0x34 ./Drivers/STM32F4xx_HAL_Driver/Src/stm32f4xx_hal_cortex.o
 .ARM.attributes
                0x00000000000002af       0x34 ./Drivers/STM32F4xx_HAL_Driver/Src/stm32f4xx_hal_dma.o
 .ARM.attributes
                0x00000000000002e3       0x34 ./Drivers/STM32F4xx_HAL_Driver/Src/stm32f4xx_hal_gpio.o
 .ARM.attributes
                0x0000000000000317       0x34 ./Drivers/STM32F4xx_HAL_Driver/Src/stm32f4xx_hal_i2c.o
 .ARM.attributes
                0x000000000000034b       0x34 ./Drivers/STM32F4xx_HAL_Driver/Src/stm32f4xx_hal_rcc.o
 .ARM.attributes
                0x000000000000037f       0x34 ./Drivers/STM32F4xx_HAL_Driver/Src/stm32f4xx_hal_rcc_ex.o
 .ARM.attributes
                0x00000000000003b3       0x34 ./Drivers/STM32F4xx_HAL_Driver/Src/stm32f4xx_hal_tim.o
 .ARM.attributes
                0x00000000000003e7       0x34 ./Drivers/STM32F4xx_HAL_Driver/Src/stm32f4xx_hal_tim_ex.o
 .ARM.attributes
                0x000000000000041b       0x34 ./Drivers/STM32F4xx_HAL_Driver/Src/stm32f4xx_hal_uart.o
 .ARM.attributes
                0x000000000000044f       0x34 /Applications/STM32CubeIDE.app/Contents/Eclipse/plugins/com.st.stm32cube.ide.mcu.externaltools.gnu-tools-for-stm32.9-2020-q2-update.macos64_2.0.0.202105311346/tools/bin/../lib/gcc/arm-none-eabi/9.3.1/../../../../arm-none-eabi/lib/thumb/v7e-m+fp/hard/libc_nano.a(lib_a-init.o)
 .ARM.attributes
                0x0000000000000483       0x34 /Applications/STM32CubeIDE.app/Contents/Eclipse/plugins/com.st.stm32cube.ide.mcu.externaltools.gnu-tools-for-stm32.9-2020-q2-update.macos64_2.0.0.202105311346/tools/bin/../lib/gcc/arm-none-eabi/9.3.1/../../../../arm-none-eabi/lib/thumb/v7e-m+fp/hard/libc_nano.a(lib_a-memset.o)
 .ARM.attributes
                0x00000000000004b7       0x1e /Applications/STM32CubeIDE.app/Contents/Eclipse/plugins/com.st.stm32cube.ide.mcu.externaltools.gnu-tools-for-stm32.9-2020-q2-update.macos64_2.0.0.202105311346/tools/bin/../lib/gcc/arm-none-eabi/9.3.1/thumb/v7e-m+fp/hard/libgcc.a(_aeabi_uldivmod.o)
 .ARM.attributes
                0x00000000000004d5       0x34 /Applications/STM32CubeIDE.app/Contents/Eclipse/plugins/com.st.stm32cube.ide.mcu.externaltools.gnu-tools-for-stm32.9-2020-q2-update.macos64_2.0.0.202105311346/tools/bin/../lib/gcc/arm-none-eabi/9.3.1/thumb/v7e-m+fp/hard/libgcc.a(_udivmoddi4.o)
 .ARM.attributes
                0x0000000000000509       0x1e /Applications/STM32CubeIDE.app/Contents/Eclipse/plugins/com.st.stm32cube.ide.mcu.externaltools.gnu-tools-for-stm32.9-2020-q2-update.macos64_2.0.0.202105311346/tools/bin/../lib/gcc/arm-none-eabi/9.3.1/thumb/v7e-m+fp/hard/libgcc.a(_dvmd_tls.o)
 .ARM.attributes
                0x0000000000000527       0x1e /Applications/STM32CubeIDE.app/Contents/Eclipse/plugins/com.st.stm32cube.ide.mcu.externaltools.gnu-tools-for-stm32.9-2020-q2-update.macos64_2.0.0.202105311346/tools/bin/../lib/gcc/arm-none-eabi/9.3.1/thumb/v7e-m+fp/hard/crtn.o
OUTPUT(KAZAAN_446_main.elf elf32-littlearm)
LOAD linker stubs
LOAD /Applications/STM32CubeIDE.app/Contents/Eclipse/plugins/com.st.stm32cube.ide.mcu.externaltools.gnu-tools-for-stm32.9-2020-q2-update.macos64_2.0.0.202105311346/tools/bin/../lib/gcc/arm-none-eabi/9.3.1/../../../../arm-none-eabi/lib/thumb/v7e-m+fp/hard/libc.a
LOAD /Applications/STM32CubeIDE.app/Contents/Eclipse/plugins/com.st.stm32cube.ide.mcu.externaltools.gnu-tools-for-stm32.9-2020-q2-update.macos64_2.0.0.202105311346/tools/bin/../lib/gcc/arm-none-eabi/9.3.1/../../../../arm-none-eabi/lib/thumb/v7e-m+fp/hard/libm.a
LOAD /Applications/STM32CubeIDE.app/Contents/Eclipse/plugins/com.st.stm32cube.ide.mcu.externaltools.gnu-tools-for-stm32.9-2020-q2-update.macos64_2.0.0.202105311346/tools/bin/../lib/gcc/arm-none-eabi/9.3.1/thumb/v7e-m+fp/hard/libgcc.a

.debug_info     0x0000000000000000    0x17b70
 .debug_info    0x0000000000000000     0x16e6 ./Core/Src/app.o
 .debug_info    0x00000000000016e6     0x17ae ./Core/Src/main.o
 .debug_info    0x0000000000002e94     0x14ca ./Core/Src/stm32f4xx_hal_msp.o
 .debug_info    0x000000000000435e      0xe25 ./Core/Src/stm32f4xx_it.o
 .debug_info    0x0000000000005183      0x5dc ./Core/Src/system_stm32f4xx.o
 .debug_info    0x000000000000575f       0x22 ./Core/Startup/startup_stm32f446retx.o
 .debug_info    0x0000000000005781     0x16e7 ./Drivers/GPIO/Src/GPIO.o
 .debug_info    0x0000000000006e68     0x171e ./Drivers/Message/Src/message.o
 .debug_info    0x0000000000008586      0x650 ./Drivers/Message/Src/xprintf.o
 .debug_info    0x0000000000008bd6     0x15bc ./Drivers/PWM/Src/pwm.o
 .debug_info    0x000000000000a192      0xa08 ./Drivers/STM32F4xx_HAL_Driver/Src/stm32f4xx_hal.o
 .debug_info    0x000000000000ab9a      0xef5 ./Drivers/STM32F4xx_HAL_Driver/Src/stm32f4xx_hal_cortex.o
 .debug_info    0x000000000000ba8f      0x9f1 ./Drivers/STM32F4xx_HAL_Driver/Src/stm32f4xx_hal_dma.o
 .debug_info    0x000000000000c480      0x892 ./Drivers/STM32F4xx_HAL_Driver/Src/stm32f4xx_hal_gpio.o
 .debug_info    0x000000000000cd12     0x265b ./Drivers/STM32F4xx_HAL_Driver/Src/stm32f4xx_hal_i2c.o
 .debug_info    0x000000000000f36d      0x9db ./Drivers/STM32F4xx_HAL_Driver/Src/stm32f4xx_hal_rcc.o
 .debug_info    0x000000000000fd48      0xa86 ./Drivers/STM32F4xx_HAL_Driver/Src/stm32f4xx_hal_rcc_ex.o
 .debug_info    0x00000000000107ce     0x2c22 ./Drivers/STM32F4xx_HAL_Driver/Src/stm32f4xx_hal_tim.o
 .debug_info    0x00000000000133f0     0x15a2 ./Drivers/STM32F4xx_HAL_Driver/Src/stm32f4xx_hal_tim_ex.o
 .debug_info    0x0000000000014992     0x31de ./Drivers/STM32F4xx_HAL_Driver/Src/stm32f4xx_hal_uart.o

.debug_abbrev   0x0000000000000000     0x2af6
 .debug_abbrev  0x0000000000000000      0x242 ./Core/Src/app.o
 .debug_abbrev  0x0000000000000242      0x2a8 ./Core/Src/main.o
 .debug_abbrev  0x00000000000004ea      0x23e ./Core/Src/stm32f4xx_hal_msp.o
 .debug_abbrev  0x0000000000000728      0x190 ./Core/Src/stm32f4xx_it.o
 .debug_abbrev  0x00000000000008b8      0x145 ./Core/Src/system_stm32f4xx.o
 .debug_abbrev  0x00000000000009fd       0x12 ./Core/Startup/startup_stm32f446retx.o
 .debug_abbrev  0x0000000000000a0f      0x224 ./Drivers/GPIO/Src/GPIO.o
 .debug_abbrev  0x0000000000000c33      0x2c3 ./Drivers/Message/Src/message.o
 .debug_abbrev  0x0000000000000ef6      0x1ff ./Drivers/Message/Src/xprintf.o
 .debug_abbrev  0x00000000000010f5      0x206 ./Drivers/PWM/Src/pwm.o
 .debug_abbrev  0x00000000000012fb      0x1ed ./Drivers/STM32F4xx_HAL_Driver/Src/stm32f4xx_hal.o
 .debug_abbrev  0x00000000000014e8      0x33c ./Drivers/STM32F4xx_HAL_Driver/Src/stm32f4xx_hal_cortex.o
 .debug_abbrev  0x0000000000001824      0x259 ./Drivers/STM32F4xx_HAL_Driver/Src/stm32f4xx_hal_dma.o
 .debug_abbrev  0x0000000000001a7d      0x1f1 ./Drivers/STM32F4xx_HAL_Driver/Src/stm32f4xx_hal_gpio.o
 .debug_abbrev  0x0000000000001c6e      0x282 ./Drivers/STM32F4xx_HAL_Driver/Src/stm32f4xx_hal_i2c.o
 .debug_abbrev  0x0000000000001ef0      0x275 ./Drivers/STM32F4xx_HAL_Driver/Src/stm32f4xx_hal_rcc.o
 .debug_abbrev  0x0000000000002165      0x1e2 ./Drivers/STM32F4xx_HAL_Driver/Src/stm32f4xx_hal_rcc_ex.o
 .debug_abbrev  0x0000000000002347      0x25e ./Drivers/STM32F4xx_HAL_Driver/Src/stm32f4xx_hal_tim.o
 .debug_abbrev  0x00000000000025a5      0x266 ./Drivers/STM32F4xx_HAL_Driver/Src/stm32f4xx_hal_tim_ex.o
 .debug_abbrev  0x000000000000280b      0x2eb ./Drivers/STM32F4xx_HAL_Driver/Src/stm32f4xx_hal_uart.o

.debug_aranges  0x0000000000000000     0x10c8
 .debug_aranges
                0x0000000000000000       0x38 ./Core/Src/app.o
 .debug_aranges
                0x0000000000000038       0x68 ./Core/Src/main.o
 .debug_aranges
                0x00000000000000a0       0x58 ./Core/Src/stm32f4xx_hal_msp.o
 .debug_aranges
                0x00000000000000f8       0xb0 ./Core/Src/stm32f4xx_it.o
 .debug_aranges
                0x00000000000001a8       0x28 ./Core/Src/system_stm32f4xx.o
 .debug_aranges
                0x00000000000001d0       0x28 ./Core/Startup/startup_stm32f446retx.o
 .debug_aranges
                0x00000000000001f8       0x30 ./Drivers/GPIO/Src/GPIO.o
 .debug_aranges
                0x0000000000000228       0x40 ./Drivers/Message/Src/message.o
 .debug_aranges
                0x0000000000000268       0x70 ./Drivers/Message/Src/xprintf.o
 .debug_aranges
                0x00000000000002d8       0x28 ./Drivers/PWM/Src/pwm.o
 .debug_aranges
                0x0000000000000300       0xf0 ./Drivers/STM32F4xx_HAL_Driver/Src/stm32f4xx_hal.o
 .debug_aranges
                0x00000000000003f0      0x118 ./Drivers/STM32F4xx_HAL_Driver/Src/stm32f4xx_hal_cortex.o
 .debug_aranges
                0x0000000000000508       0x90 ./Drivers/STM32F4xx_HAL_Driver/Src/stm32f4xx_hal_dma.o
 .debug_aranges
                0x0000000000000598       0x58 ./Drivers/STM32F4xx_HAL_Driver/Src/stm32f4xx_hal_gpio.o
 .debug_aranges
                0x00000000000005f0      0x2a0 ./Drivers/STM32F4xx_HAL_Driver/Src/stm32f4xx_hal_i2c.o
 .debug_aranges
                0x0000000000000890       0x88 ./Drivers/STM32F4xx_HAL_Driver/Src/stm32f4xx_hal_rcc.o
 .debug_aranges
                0x0000000000000918       0x78 ./Drivers/STM32F4xx_HAL_Driver/Src/stm32f4xx_hal_rcc_ex.o
 .debug_aranges
                0x0000000000000990      0x3d0 ./Drivers/STM32F4xx_HAL_Driver/Src/stm32f4xx_hal_tim.o
 .debug_aranges
                0x0000000000000d60      0x168 ./Drivers/STM32F4xx_HAL_Driver/Src/stm32f4xx_hal_tim_ex.o
 .debug_aranges
                0x0000000000000ec8      0x200 ./Drivers/STM32F4xx_HAL_Driver/Src/stm32f4xx_hal_uart.o

.debug_ranges   0x0000000000000000      0xfe8
 .debug_ranges  0x0000000000000000       0x28 ./Core/Src/app.o
 .debug_ranges  0x0000000000000028       0x58 ./Core/Src/main.o
 .debug_ranges  0x0000000000000080       0x48 ./Core/Src/stm32f4xx_hal_msp.o
 .debug_ranges  0x00000000000000c8       0xa0 ./Core/Src/stm32f4xx_it.o
 .debug_ranges  0x0000000000000168       0x18 ./Core/Src/system_stm32f4xx.o
 .debug_ranges  0x0000000000000180       0x20 ./Core/Startup/startup_stm32f446retx.o
 .debug_ranges  0x00000000000001a0       0x20 ./Drivers/GPIO/Src/GPIO.o
 .debug_ranges  0x00000000000001c0       0x30 ./Drivers/Message/Src/message.o
 .debug_ranges  0x00000000000001f0       0x60 ./Drivers/Message/Src/xprintf.o
 .debug_ranges  0x0000000000000250       0x18 ./Drivers/PWM/Src/pwm.o
 .debug_ranges  0x0000000000000268       0xe0 ./Drivers/STM32F4xx_HAL_Driver/Src/stm32f4xx_hal.o
 .debug_ranges  0x0000000000000348      0x108 ./Drivers/STM32F4xx_HAL_Driver/Src/stm32f4xx_hal_cortex.o
 .debug_ranges  0x0000000000000450       0x80 ./Drivers/STM32F4xx_HAL_Driver/Src/stm32f4xx_hal_dma.o
 .debug_ranges  0x00000000000004d0       0x48 ./Drivers/STM32F4xx_HAL_Driver/Src/stm32f4xx_hal_gpio.o
 .debug_ranges  0x0000000000000518      0x2b8 ./Drivers/STM32F4xx_HAL_Driver/Src/stm32f4xx_hal_i2c.o
 .debug_ranges  0x00000000000007d0       0x78 ./Drivers/STM32F4xx_HAL_Driver/Src/stm32f4xx_hal_rcc.o
 .debug_ranges  0x0000000000000848       0x68 ./Drivers/STM32F4xx_HAL_Driver/Src/stm32f4xx_hal_rcc_ex.o
 .debug_ranges  0x00000000000008b0      0x3c0 ./Drivers/STM32F4xx_HAL_Driver/Src/stm32f4xx_hal_tim.o
 .debug_ranges  0x0000000000000c70      0x158 ./Drivers/STM32F4xx_HAL_Driver/Src/stm32f4xx_hal_tim_ex.o
 .debug_ranges  0x0000000000000dc8      0x220 ./Drivers/STM32F4xx_HAL_Driver/Src/stm32f4xx_hal_uart.o

.debug_macro    0x0000000000000000    0x23752
 .debug_macro   0x0000000000000000      0x30c ./Core/Src/app.o
 .debug_macro   0x000000000000030c      0xaa8 ./Core/Src/app.o
 .debug_macro   0x0000000000000db4       0x18 ./Core/Src/app.o
 .debug_macro   0x0000000000000dcc       0x22 ./Core/Src/app.o
 .debug_macro   0x0000000000000dee       0x4c ./Core/Src/app.o
 .debug_macro   0x0000000000000e3a       0x94 ./Core/Src/app.o
 .debug_macro   0x0000000000000ece       0x3c ./Core/Src/app.o
 .debug_macro   0x0000000000000f0a       0x34 ./Core/Src/app.o
 .debug_macro   0x0000000000000f3e       0x16 ./Core/Src/app.o
 .debug_macro   0x0000000000000f54      0x10e ./Core/Src/app.o
 .debug_macro   0x0000000000001062       0x8d ./Core/Src/app.o
 .debug_macro   0x00000000000010ef       0x16 ./Core/Src/app.o
 .debug_macro   0x0000000000001105       0x43 ./Core/Src/app.o
 .debug_macro   0x0000000000001148       0x57 ./Core/Src/app.o
 .debug_macro   0x000000000000119f       0x34 ./Core/Src/app.o
 .debug_macro   0x00000000000011d3       0x10 ./Core/Src/app.o
 .debug_macro   0x00000000000011e3       0x58 ./Core/Src/app.o
 .debug_macro   0x000000000000123b       0x71 ./Core/Src/app.o
 .debug_macro   0x00000000000012ac       0x1c ./Core/Src/app.o
 .debug_macro   0x00000000000012c8      0x12a ./Core/Src/app.o
 .debug_macro   0x00000000000013f2      0x339 ./Core/Src/app.o
 .debug_macro   0x000000000000172b       0x16 ./Core/Src/app.o
 .debug_macro   0x0000000000001741       0x29 ./Core/Src/app.o
 .debug_macro   0x000000000000176a       0x22 ./Core/Src/app.o
 .debug_macro   0x000000000000178c      0x1a9 ./Core/Src/app.o
 .debug_macro   0x0000000000001935      0x2a1 ./Core/Src/app.o
 .debug_macro   0x0000000000001bd6       0x2e ./Core/Src/app.o
 .debug_macro   0x0000000000001c04       0x28 ./Core/Src/app.o
 .debug_macro   0x0000000000001c2c      0x103 ./Core/Src/app.o
 .debug_macro   0x0000000000001d2f       0x6a ./Core/Src/app.o
 .debug_macro   0x0000000000001d99      0x1df ./Core/Src/app.o
 .debug_macro   0x0000000000001f78       0x1c ./Core/Src/app.o
 .debug_macro   0x0000000000001f94       0x22 ./Core/Src/app.o
 .debug_macro   0x0000000000001fb6       0xd9 ./Core/Src/app.o
 .debug_macro   0x000000000000208f     0x102d ./Core/Src/app.o
 .debug_macro   0x00000000000030bc      0x11f ./Core/Src/app.o
 .debug_macro   0x00000000000031db    0x16749 ./Core/Src/app.o
 .debug_macro   0x0000000000019924       0x6d ./Core/Src/app.o
 .debug_macro   0x0000000000019991     0x3666 ./Core/Src/app.o
 .debug_macro   0x000000000001cff7       0x56 ./Core/Src/app.o
 .debug_macro   0x000000000001d04d      0xc90 ./Core/Src/app.o
 .debug_macro   0x000000000001dcdd      0x9fe ./Core/Src/app.o
 .debug_macro   0x000000000001e6db      0x116 ./Core/Src/app.o
 .debug_macro   0x000000000001e7f1      0x1a0 ./Core/Src/app.o
 .debug_macro   0x000000000001e991       0xa5 ./Core/Src/app.o
 .debug_macro   0x000000000001ea36      0x16d ./Core/Src/app.o
 .debug_macro   0x000000000001eba3      0x287 ./Core/Src/app.o
 .debug_macro   0x000000000001ee2a       0x5f ./Core/Src/app.o
 .debug_macro   0x000000000001ee89      0x236 ./Core/Src/app.o
 .debug_macro   0x000000000001f0bf      0x132 ./Core/Src/app.o
 .debug_macro   0x000000000001f1f1      0x29c ./Core/Src/app.o
 .debug_macro   0x000000000001f48d       0x2e ./Core/Src/app.o
 .debug_macro   0x000000000001f4bb      0x1b5 ./Core/Src/app.o
 .debug_macro   0x000000000001f670       0x22 ./Core/Src/app.o
 .debug_macro   0x000000000001f692       0xd6 ./Core/Src/app.o
 .debug_macro   0x000000000001f768      0x11a ./Core/Src/app.o
 .debug_macro   0x000000000001f882       0xe8 ./Core/Src/app.o
 .debug_macro   0x000000000001f96a       0x89 ./Core/Src/app.o
 .debug_macro   0x000000000001f9f3      0x8d1 ./Core/Src/app.o
 .debug_macro   0x00000000000202c4       0x4d ./Core/Src/app.o
 .debug_macro   0x0000000000020311      0x295 ./Core/Src/app.o
 .debug_macro   0x00000000000205a6      0x126 ./Core/Src/app.o
 .debug_macro   0x00000000000206cc       0x16 ./Core/Src/app.o
 .debug_macro   0x00000000000206e2       0x58 ./Core/Src/app.o
 .debug_macro   0x000000000002073a       0xdc ./Core/Src/app.o
 .debug_macro   0x0000000000020816      0x233 ./Core/Src/main.o
 .debug_macro   0x0000000000020a49       0x8e ./Core/Src/main.o
 .debug_macro   0x0000000000020ad7       0x51 ./Core/Src/main.o
 .debug_macro   0x0000000000020b28       0xdf ./Core/Src/main.o
 .debug_macro   0x0000000000020c07      0x174 ./Core/Src/main.o
 .debug_macro   0x0000000000020d7b       0x5c ./Core/Src/main.o
 .debug_macro   0x0000000000020dd7      0x233 ./Core/Src/stm32f4xx_hal_msp.o
 .debug_macro   0x000000000002100a      0x23d ./Core/Src/stm32f4xx_it.o
 .debug_macro   0x0000000000021247      0x1e7 ./Core/Src/system_stm32f4xx.o
 .debug_macro   0x000000000002142e      0x303 ./Drivers/GPIO/Src/GPIO.o
 .debug_macro   0x0000000000021731       0x52 ./Drivers/GPIO/Src/GPIO.o
 .debug_macro   0x0000000000021783      0x333 ./Drivers/GPIO/Src/GPIO.o
 .debug_macro   0x0000000000021ab6      0x320 ./Drivers/Message/Src/message.o
 .debug_macro   0x0000000000021dd6       0x22 ./Drivers/Message/Src/message.o
 .debug_macro   0x0000000000021df8       0x58 ./Drivers/Message/Src/message.o
 .debug_macro   0x0000000000021e50       0x22 ./Drivers/Message/Src/message.o
 .debug_macro   0x0000000000021e72      0x1fe ./Drivers/Message/Src/xprintf.o
 .debug_macro   0x0000000000022070      0x303 ./Drivers/PWM/Src/pwm.o
 .debug_macro   0x0000000000022373      0x247 ./Drivers/STM32F4xx_HAL_Driver/Src/stm32f4xx_hal.o
 .debug_macro   0x00000000000225ba      0x1e7 ./Drivers/STM32F4xx_HAL_Driver/Src/stm32f4xx_hal_cortex.o
 .debug_macro   0x00000000000227a1      0x1ed ./Drivers/STM32F4xx_HAL_Driver/Src/stm32f4xx_hal_dma.o
 .debug_macro   0x000000000002298e      0x1ed ./Drivers/STM32F4xx_HAL_Driver/Src/stm32f4xx_hal_gpio.o
 .debug_macro   0x0000000000022b7b      0x22e ./Drivers/STM32F4xx_HAL_Driver/Src/stm32f4xx_hal_i2c.o
 .debug_macro   0x0000000000022da9      0x20b ./Drivers/STM32F4xx_HAL_Driver/Src/stm32f4xx_hal_rcc.o
 .debug_macro   0x0000000000022fb4      0x1e7 ./Drivers/STM32F4xx_HAL_Driver/Src/stm32f4xx_hal_rcc_ex.o
 .debug_macro   0x000000000002319b      0x1e8 ./Drivers/STM32F4xx_HAL_Driver/Src/stm32f4xx_hal_tim.o
 .debug_macro   0x0000000000023383      0x1e7 ./Drivers/STM32F4xx_HAL_Driver/Src/stm32f4xx_hal_tim_ex.o
 .debug_macro   0x000000000002356a      0x1e8 ./Drivers/STM32F4xx_HAL_Driver/Src/stm32f4xx_hal_uart.o

.debug_line     0x0000000000000000    0x161e1
 .debug_line    0x0000000000000000      0xa12 ./Core/Src/app.o
 .debug_line    0x0000000000000a12      0xa47 ./Core/Src/main.o
 .debug_line    0x0000000000001459      0xa07 ./Core/Src/stm32f4xx_hal_msp.o
 .debug_line    0x0000000000001e60      0x97e ./Core/Src/stm32f4xx_it.o
 .debug_line    0x00000000000027de      0x7a9 ./Core/Src/system_stm32f4xx.o
 .debug_line    0x0000000000002f87       0x88 ./Core/Startup/startup_stm32f446retx.o
 .debug_line    0x000000000000300f      0x976 ./Drivers/GPIO/Src/GPIO.o
 .debug_line    0x0000000000003985      0xa0a ./Drivers/Message/Src/message.o
 .debug_line    0x000000000000438f      0xc29 ./Drivers/Message/Src/xprintf.o
 .debug_line    0x0000000000004fb8      0x963 ./Drivers/PWM/Src/pwm.o
 .debug_line    0x000000000000591b      0xa0f ./Drivers/STM32F4xx_HAL_Driver/Src/stm32f4xx_hal.o
 .debug_line    0x000000000000632a      0xcbe ./Drivers/STM32F4xx_HAL_Driver/Src/stm32f4xx_hal_cortex.o
 .debug_line    0x0000000000006fe8      0xf74 ./Drivers/STM32F4xx_HAL_Driver/Src/stm32f4xx_hal_dma.o
 .debug_line    0x0000000000007f5c      0xb71 ./Drivers/STM32F4xx_HAL_Driver/Src/stm32f4xx_hal_gpio.o
 .debug_line    0x0000000000008acd     0x39bb ./Drivers/STM32F4xx_HAL_Driver/Src/stm32f4xx_hal_i2c.o
 .debug_line    0x000000000000c488      0xd97 ./Drivers/STM32F4xx_HAL_Driver/Src/stm32f4xx_hal_rcc.o
 .debug_line    0x000000000000d21f     0x141d ./Drivers/STM32F4xx_HAL_Driver/Src/stm32f4xx_hal_rcc_ex.o
 .debug_line    0x000000000000e63c     0x3703 ./Drivers/STM32F4xx_HAL_Driver/Src/stm32f4xx_hal_tim.o
 .debug_line    0x0000000000011d3f     0x1a0c ./Drivers/STM32F4xx_HAL_Driver/Src/stm32f4xx_hal_tim_ex.o
 .debug_line    0x000000000001374b     0x2a96 ./Drivers/STM32F4xx_HAL_Driver/Src/stm32f4xx_hal_uart.o

.debug_str      0x0000000000000000    0xd39c6
 .debug_str     0x0000000000000000    0xcf33e ./Core/Src/app.o
                                      0xcf79c (size before relaxing)
 .debug_str     0x00000000000cf33e      0x98d ./Core/Src/main.o
                                      0xcc637 (size before relaxing)
 .debug_str     0x00000000000cfccb       0xcc ./Core/Src/stm32f4xx_hal_msp.o
                                      0xcc3f5 (size before relaxing)
 .debug_str     0x00000000000cfd97      0x197 ./Core/Src/stm32f4xx_it.o
                                      0xcbddb (size before relaxing)
 .debug_str     0x00000000000cff2e       0xaf ./Core/Src/system_stm32f4xx.o
                                      0xcab32 (size before relaxing)
 .debug_str     0x00000000000cffdd       0x36 ./Core/Startup/startup_stm32f446retx.o
                                         0x71 (size before relaxing)
 .debug_str     0x00000000000d0013       0x52 ./Drivers/GPIO/Src/GPIO.o
                                      0xcef66 (size before relaxing)
 .debug_str     0x00000000000d0065      0x2a5 ./Drivers/Message/Src/message.o
                                      0xcf1ba (size before relaxing)
 .debug_str     0x00000000000d030a       0x76 ./Drivers/Message/Src/xprintf.o
                                      0xcac4f (size before relaxing)
 .debug_str     0x00000000000d0380       0x2e ./Drivers/PWM/Src/pwm.o
                                      0xceefc (size before relaxing)
 .debug_str     0x00000000000d03ae      0x58d ./Drivers/STM32F4xx_HAL_Driver/Src/stm32f4xx_hal.o
                                      0xcb655 (size before relaxing)
 .debug_str     0x00000000000d093b      0x399 ./Drivers/STM32F4xx_HAL_Driver/Src/stm32f4xx_hal_cortex.o
                                      0xcb41f (size before relaxing)
 .debug_str     0x00000000000d0cd4      0x31d ./Drivers/STM32F4xx_HAL_Driver/Src/stm32f4xx_hal_dma.o
                                      0xcaf37 (size before relaxing)
 .debug_str     0x00000000000d0ff1      0x15f ./Drivers/STM32F4xx_HAL_Driver/Src/stm32f4xx_hal_gpio.o
                                      0xcacd9 (size before relaxing)
 .debug_str     0x00000000000d1150      0xabe ./Drivers/STM32F4xx_HAL_Driver/Src/stm32f4xx_hal_i2c.o
                                      0xcba94 (size before relaxing)
 .debug_str     0x00000000000d1c0e      0x24e ./Drivers/STM32F4xx_HAL_Driver/Src/stm32f4xx_hal_rcc.o
                                      0xcaf39 (size before relaxing)
 .debug_str     0x00000000000d1e5c      0x324 ./Drivers/STM32F4xx_HAL_Driver/Src/stm32f4xx_hal_rcc_ex.o
                                      0xcaf96 (size before relaxing)
 .debug_str     0x00000000000d2180      0xd80 ./Drivers/STM32F4xx_HAL_Driver/Src/stm32f4xx_hal_tim.o
                                      0xcbe3c (size before relaxing)
 .debug_str     0x00000000000d2f00      0x4ee ./Drivers/STM32F4xx_HAL_Driver/Src/stm32f4xx_hal_tim_ex.o
                                      0xcb5ed (size before relaxing)
 .debug_str     0x00000000000d33ee      0x5d8 ./Drivers/STM32F4xx_HAL_Driver/Src/stm32f4xx_hal_uart.o
                                      0xcb495 (size before relaxing)

.comment        0x0000000000000000       0x53
 .comment       0x0000000000000000       0x53 ./Core/Src/app.o
                                         0x54 (size before relaxing)
 .comment       0x0000000000000053       0x54 ./Core/Src/main.o
 .comment       0x0000000000000053       0x54 ./Core/Src/stm32f4xx_hal_msp.o
 .comment       0x0000000000000053       0x54 ./Core/Src/stm32f4xx_it.o
 .comment       0x0000000000000053       0x54 ./Core/Src/system_stm32f4xx.o
 .comment       0x0000000000000053       0x54 ./Drivers/GPIO/Src/GPIO.o
 .comment       0x0000000000000053       0x54 ./Drivers/Message/Src/message.o
 .comment       0x0000000000000053       0x54 ./Drivers/Message/Src/xprintf.o
 .comment       0x0000000000000053       0x54 ./Drivers/PWM/Src/pwm.o
 .comment       0x0000000000000053       0x54 ./Drivers/STM32F4xx_HAL_Driver/Src/stm32f4xx_hal.o
 .comment       0x0000000000000053       0x54 ./Drivers/STM32F4xx_HAL_Driver/Src/stm32f4xx_hal_cortex.o
 .comment       0x0000000000000053       0x54 ./Drivers/STM32F4xx_HAL_Driver/Src/stm32f4xx_hal_dma.o
 .comment       0x0000000000000053       0x54 ./Drivers/STM32F4xx_HAL_Driver/Src/stm32f4xx_hal_gpio.o
 .comment       0x0000000000000053       0x54 ./Drivers/STM32F4xx_HAL_Driver/Src/stm32f4xx_hal_i2c.o
 .comment       0x0000000000000053       0x54 ./Drivers/STM32F4xx_HAL_Driver/Src/stm32f4xx_hal_rcc.o
 .comment       0x0000000000000053       0x54 ./Drivers/STM32F4xx_HAL_Driver/Src/stm32f4xx_hal_rcc_ex.o
 .comment       0x0000000000000053       0x54 ./Drivers/STM32F4xx_HAL_Driver/Src/stm32f4xx_hal_tim.o
 .comment       0x0000000000000053       0x54 ./Drivers/STM32F4xx_HAL_Driver/Src/stm32f4xx_hal_tim_ex.o
 .comment       0x0000000000000053       0x54 ./Drivers/STM32F4xx_HAL_Driver/Src/stm32f4xx_hal_uart.o

.debug_frame    0x0000000000000000     0x46e4
 .debug_frame   0x0000000000000000       0x8c ./Core/Src/app.o
 .debug_frame   0x000000000000008c      0x14c ./Core/Src/main.o
 .debug_frame   0x00000000000001d8      0x13c ./Core/Src/stm32f4xx_hal_msp.o
 .debug_frame   0x0000000000000314      0x21c ./Core/Src/stm32f4xx_it.o
 .debug_frame   0x0000000000000530       0x58 ./Core/Src/system_stm32f4xx.o
 .debug_frame   0x0000000000000588       0x7c ./Drivers/GPIO/Src/GPIO.o
 .debug_frame   0x0000000000000604       0xf8 ./Drivers/Message/Src/message.o
 .debug_frame   0x00000000000006fc      0x1e4 ./Drivers/Message/Src/xprintf.o
 .debug_frame   0x00000000000008e0       0x54 ./Drivers/PWM/Src/pwm.o
 .debug_frame   0x0000000000000934      0x374 ./Drivers/STM32F4xx_HAL_Driver/Src/stm32f4xx_hal.o
 .debug_frame   0x0000000000000ca8      0x498 ./Drivers/STM32F4xx_HAL_Driver/Src/stm32f4xx_hal_cortex.o
 .debug_frame   0x0000000000001140      0x250 ./Drivers/STM32F4xx_HAL_Driver/Src/stm32f4xx_hal_dma.o
 .debug_frame   0x0000000000001390      0x14c ./Drivers/STM32F4xx_HAL_Driver/Src/stm32f4xx_hal_gpio.o
 .debug_frame   0x00000000000014dc      0xc5c ./Drivers/STM32F4xx_HAL_Driver/Src/stm32f4xx_hal_i2c.o
 .debug_frame   0x0000000000002138      0x1f0 ./Drivers/STM32F4xx_HAL_Driver/Src/stm32f4xx_hal_rcc.o
 .debug_frame   0x0000000000002328      0x1e8 ./Drivers/STM32F4xx_HAL_Driver/Src/stm32f4xx_hal_rcc_ex.o
 .debug_frame   0x0000000000002510     0x11c4 ./Drivers/STM32F4xx_HAL_Driver/Src/stm32f4xx_hal_tim.o
 .debug_frame   0x00000000000036d4      0x638 ./Drivers/STM32F4xx_HAL_Driver/Src/stm32f4xx_hal_tim_ex.o
 .debug_frame   0x0000000000003d0c      0x92c ./Drivers/STM32F4xx_HAL_Driver/Src/stm32f4xx_hal_uart.o
 .debug_frame   0x0000000000004638       0x2c /Applications/STM32CubeIDE.app/Contents/Eclipse/plugins/com.st.stm32cube.ide.mcu.externaltools.gnu-tools-for-stm32.9-2020-q2-update.macos64_2.0.0.202105311346/tools/bin/../lib/gcc/arm-none-eabi/9.3.1/../../../../arm-none-eabi/lib/thumb/v7e-m+fp/hard/libc_nano.a(lib_a-init.o)
 .debug_frame   0x0000000000004664       0x20 /Applications/STM32CubeIDE.app/Contents/Eclipse/plugins/com.st.stm32cube.ide.mcu.externaltools.gnu-tools-for-stm32.9-2020-q2-update.macos64_2.0.0.202105311346/tools/bin/../lib/gcc/arm-none-eabi/9.3.1/../../../../arm-none-eabi/lib/thumb/v7e-m+fp/hard/libc_nano.a(lib_a-memset.o)
 .debug_frame   0x0000000000004684       0x2c /Applications/STM32CubeIDE.app/Contents/Eclipse/plugins/com.st.stm32cube.ide.mcu.externaltools.gnu-tools-for-stm32.9-2020-q2-update.macos64_2.0.0.202105311346/tools/bin/../lib/gcc/arm-none-eabi/9.3.1/thumb/v7e-m+fp/hard/libgcc.a(_aeabi_uldivmod.o)
 .debug_frame   0x00000000000046b0       0x34 /Applications/STM32CubeIDE.app/Contents/Eclipse/plugins/com.st.stm32cube.ide.mcu.externaltools.gnu-tools-for-stm32.9-2020-q2-update.macos64_2.0.0.202105311346/tools/bin/../lib/gcc/arm-none-eabi/9.3.1/thumb/v7e-m+fp/hard/libgcc.a(_udivmoddi4.o)
