02:28:55 **** Incremental Build of configuration Debug for project KAZAAN_446_main ****
make -j3 all 
arm-none-eabi-gcc "../Drivers/PWM/Src/pwm.c" -mcpu=cortex-m4 -std=gnu11 -g3 -DDEBUG -DUSE_HAL_DRIVER -DSTM32F446xx -c -I../Core/Inc -I../Drivers/STM32F4xx_HAL_Driver/Inc -I../Drivers/STM32F4xx_HAL_Driver/Inc/Legacy -I../Drivers/CMSIS/Device/ST/STM32F4xx/Include -I../Drivers/CMSIS/Include -O0 -ffunction-sections -fdata-sections -Wall -fstack-usage -MMD -MP -MF"Drivers/PWM/Src/pwm.d" -MT"Drivers/PWM/Src/pwm.o" --specs=nano.specs -mfpu=fpv4-sp-d16 -mfloat-abi=hard -mthumb -o "Drivers/PWM/Src/pwm.o"
arm-none-eabi-gcc "../Drivers/Message/Src/message.c" -mcpu=cortex-m4 -std=gnu11 -g3 -DDEBUG -DUSE_HAL_DRIVER -DSTM32F446xx -c -I../Core/Inc -I../Drivers/STM32F4xx_HAL_Driver/Inc -I../Drivers/STM32F4xx_HAL_Driver/Inc/Legacy -I../Drivers/CMSIS/Device/ST/STM32F4xx/Include -I../Drivers/CMSIS/Include -O0 -ffunction-sections -fdata-sections -Wall -fstack-usage -MMD -MP -MF"Drivers/Message/Src/message.d" -MT"Drivers/Message/Src/message.o" --specs=nano.specs -mfpu=fpv4-sp-d16 -mfloat-abi=hard -mthumb -o "Drivers/Message/Src/message.o"
arm-none-eabi-gcc "../Drivers/GPIO/Src/GPIO.c" -mcpu=cortex-m4 -std=gnu11 -g3 -DDEBUG -DUSE_HAL_DRIVER -DSTM32F446xx -c -I../Core/Inc -I../Drivers/STM32F4xx_HAL_Driver/Inc -I../Drivers/STM32F4xx_HAL_Driver/Inc/Legacy -I../Drivers/CMSIS/Device/ST/STM32F4xx/Include -I../Drivers/CMSIS/Include -O0 -ffunction-sections -fdata-sections -Wall -fstack-usage -MMD -MP -MF"Drivers/GPIO/Src/GPIO.d" -MT"Drivers/GPIO/Src/GPIO.o" --specs=nano.specs -mfpu=fpv4-sp-d16 -mfloat-abi=hard -mthumb -o "Drivers/GPIO/Src/GPIO.o"
arm-none-eabi-gcc "../Core/Src/app.c" -mcpu=cortex-m4 -std=gnu11 -g3 -DDEBUG -DUSE_HAL_DRIVER -DSTM32F446xx -c -I../Core/Inc -I../Drivers/STM32F4xx_HAL_Driver/Inc -I../Drivers/STM32F4xx_HAL_Driver/Inc/Legacy -I../Drivers/CMSIS/Device/ST/STM32F4xx/Include -I../Drivers/CMSIS/Include -O0 -ffunction-sections -fdata-sections -Wall -fstack-usage -MMD -MP -MF"Core/Src/app.d" -MT"Core/Src/app.o" --specs=nano.specs -mfpu=fpv4-sp-d16 -mfloat-abi=hard -mthumb -o "Core/Src/app.o"
arm-none-eabi-gcc "../Core/Src/main.c" -mcpu=cortex-m4 -std=gnu11 -g3 -DDEBUG -DUSE_HAL_DRIVER -DSTM32F446xx -c -I../Core/Inc -I../Drivers/STM32F4xx_HAL_Driver/Inc -I../Drivers/STM32F4xx_HAL_Driver/Inc/Legacy -I../Drivers/CMSIS/Device/ST/STM32F4xx/Include -I../Drivers/CMSIS/Include -O0 -ffunction-sections -fdata-sections -Wall -fstack-usage -MMD -MP -MF"Core/Src/main.d" -MT"Core/Src/main.o" --specs=nano.specs -mfpu=fpv4-sp-d16 -mfloat-abi=hard -mthumb -o "Core/Src/main.o"
arm-none-eabi-gcc "../Core/Src/stm32f4xx_hal_msp.c" -mcpu=cortex-m4 -std=gnu11 -g3 -DDEBUG -DUSE_HAL_DRIVER -DSTM32F446xx -c -I../Core/Inc -I../Drivers/STM32F4xx_HAL_Driver/Inc -I../Drivers/STM32F4xx_HAL_Driver/Inc/Legacy -I../Drivers/CMSIS/Device/ST/STM32F4xx/Include -I../Drivers/CMSIS/Include -O0 -ffunction-sections -fdata-sections -Wall -fstack-usage -MMD -MP -MF"Core/Src/stm32f4xx_hal_msp.d" -MT"Core/Src/stm32f4xx_hal_msp.o" --specs=nano.specs -mfpu=fpv4-sp-d16 -mfloat-abi=hard -mthumb -o "Core/Src/stm32f4xx_hal_msp.o"
../Core/Src/app.c: In function 'Encoder_1st':
../Core/Src/app.c:240:1: warning: no return statement in function returning non-void [-Wreturn-type]
  240 | }
      | ^
../Core/Src/app.c: In function 'Encoder_2nd':
../Core/Src/app.c:276:1: warning: no return statement in function returning non-void [-Wreturn-type]
  276 | }
      | ^
../Core/Src/app.c: In function 'Encoder_3rd':
../Core/Src/app.c:312:1: warning: no return statement in function returning non-void [-Wreturn-type]
  312 | }
      | ^
../Core/Src/app.c: In function 'Encoder_JP':
../Core/Src/app.c:349:1: warning: no return statement in function returning non-void [-Wreturn-type]
  349 | }
      | ^
../Core/Src/app.c: In function 'JPC_Processing':
../Core/Src/app.c:197:1: warning: control reaches end of non-void function [-Wreturn-type]
  197 | }
      | ^
At top level:
../Core/Src/app.c:29:13: warning: '_is_JPC' defined but not used [-Wunused-variable]
   29 | static bool _is_JPC = false;
      |             ^~~~~~~
arm-none-eabi-gcc "../Core/Src/stm32f4xx_it.c" -mcpu=cortex-m4 -std=gnu11 -g3 -DDEBUG -DUSE_HAL_DRIVER -DSTM32F446xx -c -I../Core/Inc -I../Drivers/STM32F4xx_HAL_Driver/Inc -I../Drivers/STM32F4xx_HAL_Driver/Inc/Legacy -I../Drivers/CMSIS/Device/ST/STM32F4xx/Include -I../Drivers/CMSIS/Include -O0 -ffunction-sections -fdata-sections -Wall -fstack-usage -MMD -MP -MF"Core/Src/stm32f4xx_it.d" -MT"Core/Src/stm32f4xx_it.o" --specs=nano.specs -mfpu=fpv4-sp-d16 -mfloat-abi=hard -mthumb -o "Core/Src/stm32f4xx_it.o"
arm-none-eabi-gcc -o "KAZAAN_446_main.elf" @"objects.list"   -mcpu=cortex-m4 -T"/Users/UnknownSP/STM32CubeIDE/KAZAAN/KAZAAN_446_main/STM32F446RETX_FLASH.ld" --specs=nosys.specs -Wl,-Map="KAZAAN_446_main.map" -Wl,--gc-sections -static --specs=nano.specs -mfpu=fpv4-sp-d16 -mfloat-abi=hard -mthumb -Wl,--start-group -lc -lm -Wl,--end-group
Finished building target: KAZAAN_446_main.elf
 
arm-none-eabi-size   KAZAAN_446_main.elf 
arm-none-eabi-objdump -h -S  KAZAAN_446_main.elf  > "KAZAAN_446_main.list"
arm-none-eabi-objcopy  -O binary  KAZAAN_446_main.elf  "KAZAAN_446_main.bin"
   text	   data	    bss	    dec	    hex	filename
  31736	     40	   3576	  35352	   8a18	KAZAAN_446_main.elf
Finished building: default.size.stdout
 
Finished building: KAZAAN_446_main.bin
 
Finished building: KAZAAN_446_main.list
 

02:28:57 Build Finished. 0 errors, 6 warnings. (took 1s.807ms)

