16:34:13 **** Incremental Build of configuration Debug for project KAZAAN_446 ****
make -j3 all 
arm-none-eabi-gcc "../Core/Src/main.c" -mcpu=cortex-m4 -std=gnu11 -g3 -DDEBUG -DUSE_HAL_DRIVER -DSTM32F446xx -c -I../Core/Inc -I../Drivers/STM32F4xx_HAL_Driver/Inc -I../Drivers/STM32F4xx_HAL_Driver/Inc/Legacy -I../Drivers/CMSIS/Device/ST/STM32F4xx/Include -I../Drivers/CMSIS/Include -O0 -ffunction-sections -fdata-sections -Wall -fstack-usage -MMD -MP -MF"Core/Src/main.d" -MT"Core/Src/main.o" --specs=nano.specs -mfpu=fpv4-sp-d16 -mfloat-abi=hard -mthumb -o "Core/Src/main.o"
arm-none-eabi-gcc -o "KAZAAN_446.elf" @"objects.list"   -mcpu=cortex-m4 -T"/Users/UnknownSP/STM32CubeIDE/KAZAAN/KAZAAN_446/STM32F446RETX_FLASH.ld" --specs=nosys.specs -Wl,-Map="KAZAAN_446.map" -Wl,--gc-sections -static --specs=nano.specs -mfpu=fpv4-sp-d16 -mfloat-abi=hard -mthumb -Wl,--start-group -lc -lm -Wl,--end-group
Finished building target: KAZAAN_446.elf
 
arm-none-eabi-size   KAZAAN_446.elf 
arm-none-eabi-objdump -h -S  KAZAAN_446.elf  > "KAZAAN_446.list"
arm-none-eabi-objcopy  -O binary  KAZAAN_446.elf  "KAZAAN_446.bin"
   text	   data	    bss	    dec	    hex	filename
  27044	     24	   3480	  30548	   7754	KAZAAN_446.elf
Finished building: default.size.stdout
 
Finished building: KAZAAN_446.bin
 
Finished building: KAZAAN_446.list
 

16:34:14 Build Finished. 0 errors, 0 warnings. (took 1s.532ms)

